../drivers/fsl_clock.h:722:20:CLOCK_EnableClock	24	static
../drivers/fsl_clock.h:732:20:CLOCK_DisableClock	24	static
../drivers/fsl_clock.h:966:22:CLOCK_IsPLL0Locked	4	static
../drivers/fsl_clock.h:974:22:CLOCK_IsPLL1Locked	4	static
D:\Programowanie\MCUXpresso\ZPSW_Projekt_Mikrofony\LPC55S69\drivers/fsl_power.h:373:20:POWER_EnablePD	16	static
D:\Programowanie\MCUXpresso\ZPSW_Projekt_Mikrofony\LPC55S69\drivers/fsl_power.h:385:20:POWER_DisablePD	16	static
../drivers/fsl_clock.c:104:6:CLOCK_AttachClk	32	static
../drivers/fsl_clock.c:150:19:CLOCK_GetClockAttachId	48	static
../drivers/fsl_clock.c:200:6:CLOCK_SetClkDiv	24	static
../drivers/fsl_clock.c:234:6:CLOCK_SetRtc1khzClkDiv	16	static
../drivers/fsl_clock.c:245:6:CLOCK_SetRtc1hzClkDiv	16	static
../drivers/fsl_clock.c:266:10:CLOCK_SetupFROClocking	16	static
../drivers/fsl_clock.c:300:6:CLOCK_SetFLASHAccessCyclesForFreq	24	static
../drivers/fsl_clock.c:394:10:CLOCK_SetupExtClocking	16	static
../drivers/fsl_clock.c:416:10:CLOCK_SetupI2SMClkClocking	16	static
../drivers/fsl_clock.c:428:10:CLOCK_SetupPLUClkInClocking	16	static
../drivers/fsl_clock.c:438:10:CLOCK_GetClockOutClkFreq	16	static
../drivers/fsl_clock.c:487:10:CLOCK_GetAdcClkFreq	16	static
../drivers/fsl_clock.c:518:10:CLOCK_GetUsb0ClkFreq	16	static
../drivers/fsl_clock.c:552:10:CLOCK_GetUsb1ClkFreq	4	static
../drivers/fsl_clock.c:561:10:CLOCK_GetMclkClkFreq	16	static
../drivers/fsl_clock.c:589:10:CLOCK_GetSctClkFreq	16	static
../drivers/fsl_clock.c:626:10:CLOCK_GetSdioClkFreq	16	static
../drivers/fsl_clock.c:659:10:CLOCK_GetFro12MFreq	4	static
../drivers/fsl_clock.c:668:10:CLOCK_GetFro1MFreq	4	static
../drivers/fsl_clock.c:677:10:CLOCK_GetExtClkFreq	4	static
../drivers/fsl_clock.c:686:10:CLOCK_GetWdtClkFreq	8	static
../drivers/fsl_clock.c:695:10:CLOCK_GetFroHfFreq	4	static
../drivers/fsl_clock.c:704:10:CLOCK_GetPll0OutFreq	4	static
../drivers/fsl_clock.c:713:10:CLOCK_GetPll1OutFreq	4	static
../drivers/fsl_clock.c:722:10:CLOCK_GetOsc32KFreq	4	static
../drivers/fsl_clock.c:737:10:CLOCK_GetCoreSysClkFreq	16	static
../drivers/fsl_clock.c:788:10:CLOCK_GetI2SMClkFreq	4	static
../drivers/fsl_clock.c:797:10:CLOCK_GetPLUClkInFreq	4	static
../drivers/fsl_clock.c:807:10:CLOCK_GetFlexCommInputClock	24	static
../drivers/fsl_clock.c:847:10:CLOCK_GetFlexCommClkFreq	24	static
../drivers/fsl_clock.c:858:10:CLOCK_GetHsLspiClkFreq	16	static
../drivers/fsl_clock.c:898:10:CLOCK_GetCTimerClkFreq	24	static
../drivers/fsl_clock.c:938:10:CLOCK_GetSystickClkFreq	24	static
../drivers/fsl_clock.c:975:10:CLOCK_SetFlexCommClock	56	static
../drivers/fsl_clock.c:997:10:CLOCK_GetFreq	24	static
../drivers/fsl_clock.c:1040:13:pllFindSel	32	static
../drivers/fsl_clock.c:1084:17:findPll0PreDiv	16	static
../drivers/fsl_clock.c:1101:17:findPll1PreDiv	16	static
../drivers/fsl_clock.c:1118:17:findPll0PostDiv	16	static
../drivers/fsl_clock.c:1141:14:findPll0MMult	24	static
../drivers/fsl_clock.c:1168:17:FindGreatestCommonDivisor	24	static
../drivers/fsl_clock.c:1188:20:CLOCK_GetPll0ConfigInternal	128	static
../drivers/fsl_clock.c:1358:20:CLOCK_GetPll0Config	32	static
../drivers/fsl_clock.c:1406:13:CLOCK_GetPLL0OutFromSetupUpdate	16	static
../drivers/fsl_clock.c:1415:10:CLOCK_GetPLL0InClockRate	16	static
../drivers/fsl_clock.c:1446:10:CLOCK_GetPLL1InClockRate	16	static
../drivers/fsl_clock.c:1481:10:CLOCK_GetPLL0OutFromSetup	40	static
../drivers/fsl_clock.c:1512:6:CLOCK_SetStoredPLL0ClockRate	16	static
../drivers/fsl_clock.c:1525:10:CLOCK_GetPLL0OutClockRate	56	static
../drivers/fsl_clock.c:1554:13:CLOCK_SetupPLL0Data	24	static
../drivers/fsl_clock.c:1597:13:CLOCK_SetupPLL0Prec	32	static
../drivers/fsl_clock.c:1674:13:CLOCK_SetPLL0Freq	32	static
../drivers/fsl_clock.c:1742:13:CLOCK_SetPLL1Freq	32	static
../drivers/fsl_clock.c:1798:6:CLOCK_SetupPLL0Mult	48	static
../drivers/fsl_clock.c:1862:6:CLOCK_EnableUsbfs0DeviceClock	56	static
../drivers/fsl_clock.c:1924:6:CLOCK_EnableUsbfs0HostClock	56	static
../drivers/fsl_clock.c:1983:6:CLOCK_EnableUsbhs0PhyPllClock	32	static
../drivers/fsl_clock.c:2071:6:CLOCK_EnableUsbhs0DeviceClock	16	static
../drivers/fsl_clock.c:2083:6:CLOCK_EnableUsbhs0HostClock	16	static
