../drivers/fsl_powerquad.h:1761:20:PQ_WaitDone	16	static
../drivers/fsl_powerquad.h:1873:20:PQ_SinF32	24	static
../drivers/fsl_powerquad.h:1890:20:PQ_CosF32	24	static
../drivers/fsl_powerquad.h:1985:24:PQ_SqrtFixed	24	static
../drivers/fsl_powerquad.h:2033:23:PQ_SinQ31	40	static
../drivers/fsl_powerquad.h:2069:23:PQ_SinQ15	40	static
../drivers/fsl_powerquad.h:2106:23:PQ_CosQ31	40	static
../drivers/fsl_powerquad.h:2142:23:PQ_CosQ15	40	static
../drivers/fsl_powerquad_cmsis.c:97:13:_arm_fir_increment	24	static
../drivers/fsl_powerquad_cmsis.c:113:11:arm_cos_f32	24	static
../drivers/fsl_powerquad_cmsis.c:121:7:arm_cos_q31	16	static
../drivers/fsl_powerquad_cmsis.c:129:7:arm_cos_q15	16	static
../drivers/fsl_powerquad_cmsis.c:137:11:arm_sin_f32	24	static
../drivers/fsl_powerquad_cmsis.c:145:7:arm_sin_q31	16	static
../drivers/fsl_powerquad_cmsis.c:153:7:arm_sin_q15	16	static
../drivers/fsl_powerquad_cmsis.c:161:12:arm_sqrt_q31	24	static
../drivers/fsl_powerquad_cmsis.c:187:12:arm_sqrt_q15	24	static
../drivers/fsl_powerquad_cmsis.c:213:6:arm_cfft_q31	40	static
../drivers/fsl_powerquad_cmsis.c:235:6:arm_cfft_q15	40	static
../drivers/fsl_powerquad_cmsis.c:257:12:arm_rfft_init_q31	32	static
../drivers/fsl_powerquad_cmsis.c:279:6:arm_rfft_q31	32	static
../drivers/fsl_powerquad_cmsis.c:290:12:arm_rfft_init_q15	32	static
../drivers/fsl_powerquad_cmsis.c:312:6:arm_rfft_q15	32	static
../drivers/fsl_powerquad_cmsis.c:323:12:arm_dct4_init_q31	32	static
../drivers/fsl_powerquad_cmsis.c:385:6:arm_dct4_q31	72	static
../drivers/fsl_powerquad_cmsis.c:543:12:arm_dct4_init_q15	32	static
../drivers/fsl_powerquad_cmsis.c:606:6:arm_dct4_q15	72	static
../drivers/fsl_powerquad_cmsis.c:772:6:arm_fir_init_f32	32	static
../drivers/fsl_powerquad_cmsis.c:799:6:arm_fir_init_q31	32	static
../drivers/fsl_powerquad_cmsis.c:826:12:arm_fir_init_q15	32	static
../drivers/fsl_powerquad_cmsis.c:855:6:arm_fir_f32	48	static
../drivers/fsl_powerquad_cmsis.c:880:6:arm_fir_q31	48	static
../drivers/fsl_powerquad_cmsis.c:905:6:arm_fir_q15	48	static
../drivers/fsl_powerquad_cmsis.c:931:6:arm_conv_f32	40	static
../drivers/fsl_powerquad_cmsis.c:943:6:arm_conv_q31	40	static
../drivers/fsl_powerquad_cmsis.c:955:6:arm_conv_q15	40	static
../drivers/fsl_powerquad_cmsis.c:967:6:arm_correlate_f32	40	static
../drivers/fsl_powerquad_cmsis.c:980:6:arm_correlate_q31	40	static
../drivers/fsl_powerquad_cmsis.c:992:6:arm_correlate_q15	40	static
../drivers/fsl_powerquad_cmsis.c:1004:6:arm_mat_init_f32	24	static
../drivers/fsl_powerquad_cmsis.c:1016:6:arm_mat_init_q31	24	static
../drivers/fsl_powerquad_cmsis.c:1028:6:arm_mat_init_q15	24	static
../drivers/fsl_powerquad_cmsis.c:1040:12:arm_mat_add_f32	40	static
../drivers/fsl_powerquad_cmsis.c:1078:12:arm_mat_add_q31	40	static
../drivers/fsl_powerquad_cmsis.c:1116:12:arm_mat_add_q15	40	static
../drivers/fsl_powerquad_cmsis.c:1154:12:arm_mat_sub_f32	40	static
../drivers/fsl_powerquad_cmsis.c:1192:12:arm_mat_sub_q31	40	static
../drivers/fsl_powerquad_cmsis.c:1230:12:arm_mat_sub_q15	40	static
../drivers/fsl_powerquad_cmsis.c:1268:12:arm_mat_mult_f32	40	static
../drivers/fsl_powerquad_cmsis.c:1306:12:arm_mat_mult_q31	40	static
../drivers/fsl_powerquad_cmsis.c:1361:12:arm_mat_mult_q15	40	static
../drivers/fsl_powerquad_cmsis.c:1409:12:arm_mat_inverse_f32	4128	static
../drivers/fsl_powerquad_cmsis.c:1444:12:arm_mat_trans_f32	24	static
../drivers/fsl_powerquad_cmsis.c:1477:12:arm_mat_trans_q31	24	static
../drivers/fsl_powerquad_cmsis.c:1511:12:arm_mat_trans_q15	24	static
../drivers/fsl_powerquad_cmsis.c:1545:12:arm_mat_scale_f32	32	static
../drivers/fsl_powerquad_cmsis.c:1579:12:arm_mat_scale_q31	56	static
../drivers/fsl_powerquad_cmsis.c:1632:12:arm_mat_scale_q15	56	static
