D:\Programowanie\MCUXpresso\ZPSW_Projekt_Mikrofony\CMSIS/core_cm33.h:2127:22:__NVIC_EnableIRQ	16	static
D:\Programowanie\MCUXpresso\ZPSW_Projekt_Mikrofony\CMSIS/core_cm33.h:2324:22:__NVIC_SetPriority	16	static
D:\Programowanie\MCUXpresso\ZPSW_Projekt_Mikrofony\drivers/fsl_common.h:747:28:EnableIRQ	24	static
D:\Programowanie\MCUXpresso\ZPSW_Projekt_Mikrofony\drivers/fsl_lpadc.h:541:20:LPADC_EnableInterrupts	16	static
D:\Programowanie\MCUXpresso\ZPSW_Projekt_Mikrofony\drivers/fsl_ctimer.h:497:20:CTIMER_StartTimer	16	static
../board/peripherals.c:172:13:ADC0_init	8	static
../board/peripherals.c:242:13:CTIMER0_init	8	static
../board/peripherals.c:308:13:FLEXCOMM3_init	8	static
../board/peripherals.c:317:6:BOARD_InitPeripherals	8	static
../board/peripherals.c:328:6:BOARD_InitBootPeripherals	8	static
