Archive member included to satisfy reference by file (symbol)

D:\Programowanie\MCUXpresso\ZPSW_Projekt_Mikrofony\LPC55S69\mcuxpresso\libpower_hardabi.a(fsl_power_lib.o)
                              ./drivers/fsl_clock.o (POWER_SetVoltageForFreq)
D:\Programowanie\MCUXpresso\ZPSW_Projekt_Mikrofony\libs\libarm_ARMv8MMLldfsp_math.a(arm_const_structs.o)
                              ./source/ZPSW_Projekt_Mikrofony.o (arm_cfft_sR_f32_len512)
D:\Programowanie\MCUXpresso\ZPSW_Projekt_Mikrofony\libs\libarm_ARMv8MMLldfsp_math.a(arm_common_tables.o)
                              D:\Programowanie\MCUXpresso\ZPSW_Projekt_Mikrofony\libs\libarm_ARMv8MMLldfsp_math.a(arm_const_structs.o) (realCoefBQ15)
D:\Programowanie\MCUXpresso\ZPSW_Projekt_Mikrofony\libs\libarm_ARMv8MMLldfsp_math.a(arm_q31_to_float.o)
                              ./source/ZPSW_Projekt_Mikrofony.o (arm_q31_to_float)
D:\Programowanie\MCUXpresso\ZPSW_Projekt_Mikrofony\libs\libarm_ARMv8MMLldfsp_math.a(arm_float_to_q31.o)
                              ./source/ZPSW_Projekt_Mikrofony.o (arm_float_to_q31)
D:\Programowanie\MCUXpresso\ZPSW_Projekt_Mikrofony\libs\libarm_ARMv8MMLldfsp_math.a(arm_cfft_f32.o)
                              ./source/ZPSW_Projekt_Mikrofony.o (arm_cfft_f32)
D:\Programowanie\MCUXpresso\ZPSW_Projekt_Mikrofony\libs\libarm_ARMv8MMLldfsp_math.a(arm_bitreversal2.o)
                              D:\Programowanie\MCUXpresso\ZPSW_Projekt_Mikrofony\libs\libarm_ARMv8MMLldfsp_math.a(arm_cfft_f32.o) (arm_bitreversal_32)
D:\Programowanie\MCUXpresso\ZPSW_Projekt_Mikrofony\libs\libarm_ARMv8MMLldfsp_math.a(arm_cmplx_mult_cmplx_f32.o)
                              ./source/ZPSW_Projekt_Mikrofony.o (arm_cmplx_mult_cmplx_f32)
D:\Programowanie\MCUXpresso\ZPSW_Projekt_Mikrofony\libs\libarm_ARMv8MMLldfsp_math.a(arm_cmplx_mag_f32.o)
                              ./source/ZPSW_Projekt_Mikrofony.o (arm_cmplx_mag_f32)
D:\Programowanie\MCUXpresso\ZPSW_Projekt_Mikrofony\libs\libarm_ARMv8MMLldfsp_math.a(arm_cmplx_conj_f32.o)
                              ./source/ZPSW_Projekt_Mikrofony.o (arm_cmplx_conj_f32)
D:\Programowanie\MCUXpresso\ZPSW_Projekt_Mikrofony\libs\libarm_ARMv8MMLldfsp_math.a(arm_scale_q31.o)
                              ./source/ZPSW_Projekt_Mikrofony.o (arm_scale_q31)
D:\Programowanie\MCUXpresso\ZPSW_Projekt_Mikrofony\libs\libarm_ARMv8MMLldfsp_math.a(arm_scale_f32.o)
                              ./source/ZPSW_Projekt_Mikrofony.o (arm_scale_f32)
D:\Programowanie\MCUXpresso\ZPSW_Projekt_Mikrofony\libs\libarm_ARMv8MMLldfsp_math.a(arm_cfft_radix8_f32.o)
                              D:\Programowanie\MCUXpresso\ZPSW_Projekt_Mikrofony\libs\libarm_ARMv8MMLldfsp_math.a(arm_cfft_f32.o) (arm_radix8_butterfly_f32)
c:/nxp/mcuxpressoide_11.8.0_1165/ide/plugins/com.nxp.mcuxpresso.tools.win32_11.8.0.202306131047/tools/bin/../lib/gcc/arm-none-eabi/12.2.1/thumb/v8-m.main+fp/hard\libgcc.a(_arm_muldf3.o)
                              ./utilities/fsl_str.o (__aeabi_dmul)
c:/nxp/mcuxpressoide_11.8.0_1165/ide/plugins/com.nxp.mcuxpresso.tools.win32_11.8.0.202306131047/tools/bin/../lib/gcc/arm-none-eabi/12.2.1/thumb/v8-m.main+fp/hard\libgcc.a(_arm_addsubdf3.o)
                              ./utilities/fsl_str.o (__aeabi_dsub)
c:/nxp/mcuxpressoide_11.8.0_1165/ide/plugins/com.nxp.mcuxpresso.tools.win32_11.8.0.202306131047/tools/bin/../lib/gcc/arm-none-eabi/12.2.1/thumb/v8-m.main+fp/hard\libgcc.a(_arm_muldivdf3.o)
                              ./utilities/fsl_str.o (__aeabi_ddiv)
c:/nxp/mcuxpressoide_11.8.0_1165/ide/plugins/com.nxp.mcuxpresso.tools.win32_11.8.0.202306131047/tools/bin/../lib/gcc/arm-none-eabi/12.2.1/thumb/v8-m.main+fp/hard\libgcc.a(_arm_cmpdf2.o)
                              ./utilities/fsl_str.o (__aeabi_dcmpeq)
c:/nxp/mcuxpressoide_11.8.0_1165/ide/plugins/com.nxp.mcuxpresso.tools.win32_11.8.0.202306131047/tools/bin/../lib/gcc/arm-none-eabi/12.2.1/thumb/v8-m.main+fp/hard\libgcc.a(_arm_fixdfsi.o)
                              ./utilities/fsl_str.o (__aeabi_d2iz)
c:/nxp/mcuxpressoide_11.8.0_1165/ide/plugins/com.nxp.mcuxpresso.tools.win32_11.8.0.202306131047/tools/bin/../lib/gcc/arm-none-eabi/12.2.1/thumb/v8-m.main+fp/hard\libgcc.a(_arm_truncdfsf2.o)
                              ./source/ZPSW_Projekt_Mikrofony.o (__aeabi_d2f)
c:/nxp/mcuxpressoide_11.8.0_1165/ide/plugins/com.nxp.mcuxpresso.tools.win32_11.8.0.202306131047/tools/bin/../lib/gcc/arm-none-eabi/12.2.1/thumb/v8-m.main+fp/hard\libgcc.a(_aeabi_uldivmod.o)
                              ./drivers/fsl_clock.o (__aeabi_uldivmod)
c:/nxp/mcuxpressoide_11.8.0_1165/ide/plugins/com.nxp.mcuxpresso.tools.win32_11.8.0.202306131047/tools/bin/../lib/gcc/arm-none-eabi/12.2.1/thumb/v8-m.main+fp/hard\libgcc.a(_fixsfdi.o)
                              D:\Programowanie\MCUXpresso\ZPSW_Projekt_Mikrofony\libs\libarm_ARMv8MMLldfsp_math.a(arm_float_to_q31.o) (__aeabi_f2lz)
[...]
Memory Configuration

Name             Origin             Length             Attributes
PROGRAM_FLASH    0x00000000         0x00098000         xr
SRAM             0x20000000         0x00040000         xrw
SRAM4            0x20040000         0x00004000         xrw
SRAMX            0x04000000         0x00008000         xrw
USB_RAM          0x40100000         0x00004000         xrw
*default*        0x00000000         0xffffffff

Linker script and memory map

LOAD ./utilities/fsl_debug_console.o
LOAD ./utilities/fsl_str.o
LOAD ./startup/boot_multicore_slave.o
LOAD ./startup/startup_lpc55s69_cm33_core0.o
LOAD ./source/ZPSW_Projekt_Mikrofony.o
LOAD ./source/lcd.o
LOAD ./source/semihost_hardfault.o
LOAD ./drivers/fsl_clock.o
LOAD ./drivers/fsl_common.o
LOAD ./drivers/fsl_ctimer.o
LOAD ./drivers/fsl_flexcomm.o
LOAD ./drivers/fsl_gpio.o
LOAD ./drivers/fsl_i2c.o
LOAD ./drivers/fsl_lpadc.o
LOAD ./drivers/fsl_powerquad_basic.o
LOAD ./drivers/fsl_powerquad_cmsis.o
LOAD ./drivers/fsl_powerquad_data.o
LOAD ./drivers/fsl_powerquad_filter.o
LOAD ./drivers/fsl_powerquad_math.o
LOAD ./drivers/fsl_powerquad_matrix.o
LOAD ./drivers/fsl_powerquad_transform.o
LOAD ./drivers/fsl_reset.o
LOAD ./drivers/fsl_spi.o
LOAD ./drivers/fsl_usart.o
LOAD ./device/system_LPC55S69_cm33_core0.o
LOAD ./component/uart/fsl_adapter_usart.o
LOAD ./component/serial_manager/fsl_component_serial_manager.o
LOAD ./component/serial_manager/fsl_component_serial_port_uart.o
LOAD ./component/lists/fsl_component_generic_list.o
LOAD ./board/board.o
LOAD ./board/clock_config.o
LOAD ./board/peripherals.o
LOAD ./board/pin_mux.o
LOAD ./LPC55S69/drivers/fsl_power.o
LOAD D:\Programowanie\MCUXpresso\ZPSW_Projekt_Mikrofony\LPC55S69\mcuxpresso\libpower_hardabi.a
LOAD D:\Programowanie\MCUXpresso\ZPSW_Projekt_Mikrofony\libs\libarm_ARMv8MMLldfsp_math.a
START GROUP
LOAD c:/nxp/mcuxpressoide_11.8.0_1165/ide/plugins/com.nxp.mcuxpresso.tools.win32_11.8.0.202306131047/tools/bin/../lib/gcc/arm-none-eabi/12.2.1/thumb/v8-m.main+fp/hard\libgcc.a
LOAD c:/nxp/mcuxpressoide_11.8.0_1165/ide/plugins/com.nxp.mcuxpresso.tools.win32_11.8.0.202306131047/tools/bin/../lib/gcc/arm-none-eabi/12.2.1/thumb/v8-m.main+fp/hard\libc.a
LOAD c:/nxp/mcuxpressoide_11.8.0_1165/ide/plugins/com.nxp.mcuxpresso.tools.win32_11.8.0.202306131047/tools/bin/../lib/gcc/arm-none-eabi/12.2.1/thumb/v8-m.main+fp/hard\libm.a
LOAD c:/nxp/mcuxpressoide_11.8.0_1165/ide/plugins/com.nxp.mcuxpresso.tools.win32_11.8.0.202306131047/tools/bin/../lib/gcc/arm-none-eabi/12.2.1/../../../../arm-none-eabi/lib/thumb/v8-m.main+fp/hard\libcr_newlib_semihost.a
END GROUP
                0x00000000                __base_PROGRAM_FLASH = 0x0
                0x00000000                __base_Flash = 0x0
                0x00098000                __top_PROGRAM_FLASH = 0x98000
                0x00098000                __top_Flash = 0x98000
                0x20000000                __base_SRAM = 0x20000000
                0x20000000                __base_RAM = 0x20000000
                0x20040000                __top_SRAM = 0x20040000
                0x20040000                __top_RAM = 0x20040000
                0x20040000                __base_SRAM4 = 0x20040000
                0x20040000                __base_RAM2 = 0x20040000
                0x20044000                __top_SRAM4 = 0x20044000
                0x20044000                __top_RAM2 = 0x20044000
                0x04000000                __base_SRAMX = 0x4000000
                0x04000000                __base_RAM3 = 0x4000000
                0x04008000                __top_SRAMX = 0x4008000
                0x04008000                __top_RAM3 = 0x4008000
                0x40100000                __base_USB_RAM = 0x40100000
                0x40100000                __base_RAM4 = 0x40100000
                0x40104000                __top_USB_RAM = 0x40104000
                0x40104000                __top_RAM4 = 0x40104000

.text           0x00000000     0xcfd8
 FILL mask 0xff
                0x00000000                __vectors_start__ = ABSOLUTE (.)
 *(SORT_BY_ALIGNMENT(.isr_vector))
 .isr_vector    0x00000000      0x130 ./startup/startup_lpc55s69_cm33_core0.o
                0x00000000                g_pfnVectors
                0x00000000                __Vectors
                0x00000130                . = ALIGN (0x4)
                0x00000130                __section_table_start = .
                0x00000130                __data_section_table = .
                0x00000130        0x4 LONG 0xcfe0 LOADADDR (.data)
                0x00000134        0x4 LONG 0x20000000 ADDR (.data)
                0x00000138        0x4 LONG 0x6ec SIZEOF (.data)
                0x0000013c        0x4 LONG 0xcfe0 LOADADDR (.data_RAM2)
                0x00000140        0x4 LONG 0x20040000 ADDR (.data_RAM2)
                0x00000144        0x4 LONG 0x0 SIZEOF (.data_RAM2)
                0x00000148        0x4 LONG 0xcfe0 LOADADDR (.data_RAM3)
                0x0000014c        0x4 LONG 0x4000000 ADDR (.data_RAM3)
                0x00000150        0x4 LONG 0x0 SIZEOF (.data_RAM3)
                0x00000154        0x4 LONG 0xcfe0 LOADADDR (.data_RAM4)
                0x00000158        0x4 LONG 0x40100000 ADDR (.data_RAM4)
                0x0000015c        0x4 LONG 0x0 SIZEOF (.data_RAM4)
                0x00000160                __data_section_table_end = .
                0x00000160                __bss_section_table = .
                0x00000160        0x4 LONG 0x200006ec ADDR (.bss)
                0x00000164        0x4 LONG 0x18a88 SIZEOF (.bss)
                0x00000168        0x4 LONG 0x20040000 ADDR (.bss_RAM2)
                0x0000016c        0x4 LONG 0x0 SIZEOF (.bss_RAM2)
                0x00000170        0x4 LONG 0x4000000 ADDR (.bss_RAM3)
                0x00000174        0x4 LONG 0x0 SIZEOF (.bss_RAM3)
                0x00000178        0x4 LONG 0x40100000 ADDR (.bss_RAM4)
                0x0000017c        0x4 LONG 0x0 SIZEOF (.bss_RAM4)
                0x00000180                __bss_section_table_end = .
                0x00000180                __section_table_end = .
 *(SORT_BY_ALIGNMENT(.after_vectors*))
 .after_vectors.reset
                0x00000180       0x4c ./startup/startup_lpc55s69_cm33_core0.o
                0x00000180                ResetISR
 .after_vectors.init_data
                0x000001cc       0x1e ./startup/startup_lpc55s69_cm33_core0.o
                0x000001cc                data_init
 .after_vectors.init_bss
                0x000001ea       0x12 ./startup/startup_lpc55s69_cm33_core0.o
                0x000001ea                bss_init
 .after_vectors
                0x000001fc       0x16 ./startup/startup_lpc55s69_cm33_core0.o
                0x000001fc                NMI_Handler
                0x00000200                MemManage_Handler
                0x00000202                BusFault_Handler
                0x00000204                UsageFault_Handler
                0x00000206                SecureFault_Handler
                0x00000208                SVC_Handler
                0x0000020a                DebugMon_Handler
                0x0000020c                PendSV_Handler
                0x0000020e                SysTick_Handler
                0x00000210                Reserved56_DriverIRQHandler
                0x00000210                PIN_INT0_DriverIRQHandler
                0x00000210                PIN_INT2_DriverIRQHandler
                0x00000210                PIN_INT3_DriverIRQHandler
                0x00000210                IntDefaultHandler
                0x00000210                USB0_DriverIRQHandler
                0x00000210                CASER_DriverIRQHandler
                0x00000210                MRT0_DriverIRQHandler
                0x00000210                UTICK0_DriverIRQHandler
                0x00000210                Reserved41_DriverIRQHandler
                0x00000210                PIN_INT4_DriverIRQHandler
                0x00000210                PIN_INT5_DriverIRQHandler
                0x00000210                SEC_GPIO_INT0_IRQ0_DriverIRQHandler
                0x00000210                GINT1_DriverIRQHandler
                0x00000210                PIN_INT7_DriverIRQHandler
                0x00000210                Reserved55_DriverIRQHandler
                0x00000210                SEC_VIO_DriverIRQHandler
                0x00000210                USB0_NEEDCLK_DriverIRQHandler
                0x00000210                Reserved42_DriverIRQHandler
                0x00000210                PIN_INT6_DriverIRQHandler
                0x00000210                PQ_DriverIRQHandler
                0x00000210                MAILBOX_DriverIRQHandler
                0x00000210                PIN_INT1_DriverIRQHandler
                0x00000210                Reserved61_DriverIRQHandler
                0x00000210                SEC_GPIO_INT0_IRQ1_DriverIRQHandler
                0x00000210                PUF_DriverIRQHandler
                0x00000210                RTC_DriverIRQHandler
                0x00000210                DMA0_DriverIRQHandler
                0x00000210                Reserved39_DriverIRQHandler
                0x00000210                USB1_DriverIRQHandler
                0x00000210                Reserved60_DriverIRQHandler
                0x00000210                DMA1_DriverIRQHandler
                0x00000210                ADC0_DriverIRQHandler
                0x00000210                USB1_NEEDCLK_DriverIRQHandler
                0x00000210                Reserved59_DriverIRQHandler
                0x00000210                SDIO_DriverIRQHandler
                0x00000210                GINT0_DriverIRQHandler
                0x00000210                USB1_PHY_DriverIRQHandler
                0x00000210                ACMP_DriverIRQHandler
                0x00000210                Reserved57_DriverIRQHandler
                0x00000210                HASHCRYPT_DriverIRQHandler
                0x00000210                Reserved46_DriverIRQHandler
                0x00000210                WDT_BOD_DriverIRQHandler
                0x00000210                SCT0_DriverIRQHandler
                0x00000210                PLU_DriverIRQHandler
                0x00000210                OS_EVENT_DriverIRQHandler
                0x00000210                SEC_HYPERVISOR_CALL_DriverIRQHandler
 *(SORT_BY_ALIGNMENT(.text*))
 *fill*         0x00000212        0x6 ff
 .text.generalized_cross_correlation_phat
                0x00000218      0x214 ./source/ZPSW_Projekt_Mikrofony.o
                0x00000218                generalized_cross_correlation_phat
 *fill*         0x0000042c        0x4 ff
 .text.cos      0x00000430       0xa0 c:/nxp/mcuxpressoide_11.8.0_1165/ide/plugins/com.nxp.mcuxpresso.tools.win32_11.8.0.202306131047/tools/bin/../lib/gcc/arm-none-eabi/12.2.1/thumb/v8-m.main+fp/hard\libm.a(libm_a-s_cos.o)
                0x00000430                cos
 .text.sin      0x000004d0       0xa8 c:/nxp/mcuxpressoide_11.8.0_1165/ide/plugins/com.nxp.mcuxpresso.tools.win32_11.8.0.202306131047/tools/bin/../lib/gcc/arm-none-eabi/12.2.1/thumb/v8-m.main+fp/hard\libm.a(libm_a-s_sin.o)
                0x000004d0                sin
 .text.__kernel_cos
                0x00000578      0x264 c:/nxp/mcuxpressoide_11.8.0_1165/ide/plugins/com.nxp.mcuxpresso.tools.win32_11.8.0.202306131047/tools/bin/../lib/gcc/arm-none-eabi/12.2.1/thumb/v8-m.main+fp/hard\libm.a(libm_a-k_cos.o)
                0x00000578                __kernel_cos
 *fill*         0x000007dc        0x4 ff
 .text.__kernel_sin
                0x000007e0      0x17c c:/nxp/mcuxpressoide_11.8.0_1165/ide/plugins/com.nxp.mcuxpresso.tools.win32_11.8.0.202306131047/tools/bin/../lib/gcc/arm-none-eabi/12.2.1/thumb/v8-m.main+fp/hard\libm.a(libm_a-k_sin.o)
                0x000007e0                __kernel_sin
 *fill*         0x0000095c        0x4 ff
 .text.__ieee754_rem_pio2
                0x00000960      0x444 c:/nxp/mcuxpressoide_11.8.0_1165/ide/plugins/com.nxp.mcuxpresso.tools.win32_11.8.0.202306131047/tools/bin/../lib/gcc/arm-none-eabi/12.2.1/thumb/v8-m.main+fp/hard\libm.a(libm_a-e_rem_pio2.o)
                0x00000960                __ieee754_rem_pio2
 *fill*         0x00000da4        0x4 ff
 .text.scalbn   0x00000da8      0x110 c:/nxp/mcuxpressoide_11.8.0_1165/ide/plugins/com.nxp.mcuxpresso.tools.win32_11.8.0.202306131047/tools/bin/../lib/gcc/arm-none-eabi/12.2.1/thumb/v8-m.main+fp/hard\libm.a(libm_a-s_scalbn.o)
                0x00000da8                scalbn
 .text.__kernel_rem_pio2
                0x00000eb8      0x850 c:/nxp/mcuxpressoide_11.8.0_1165/ide/plugins/com.nxp.mcuxpresso.tools.win32_11.8.0.202306131047/tools/bin/../lib/gcc/arm-none-eabi/12.2.1/thumb/v8-m.main+fp/hard\libm.a(libm_a-k_rem_pio2.o)
                0x00000eb8                __kernel_rem_pio2
 .text.floor    0x00001708      0x108 c:/nxp/mcuxpressoide_11.8.0_1165/ide/plugins/com.nxp.mcuxpresso.tools.win32_11.8.0.202306131047/tools/bin/../lib/gcc/arm-none-eabi/12.2.1/thumb/v8-m.main+fp/hard\libm.a(libm_a-s_floor.o)
                0x00001708                floor
 .text.DbgConsole_Init
                0x00001810      0x118 ./utilities/fsl_debug_console.o
                0x00001810                DbgConsole_Init
 .text.POWER_DisablePD
                0x00001928       0x20 ./source/ZPSW_Projekt_Mikrofony.o
 .text.ADC0_IRQHandler
                0x00001948       0x88 ./source/ZPSW_Projekt_Mikrofony.o
                0x00001948                ADC0_IRQHandler
 .text.drawArrow
                0x000019d0      0x2e0 ./source/ZPSW_Projekt_Mikrofony.o
                0x000019d0                drawArrow
 .text.main     0x00001cb0      0x1f4 ./source/ZPSW_Projekt_Mikrofony.o
                0x00001cb0                main
 .text.SPI_Write_Byte
                0x00001ea4       0x7c ./source/lcd.o
                0x00001ea4                SPI_Write_Byte
 .text.SPI_Write_Words
                0x00001f20       0xd4 ./source/lcd.o
                0x00001f20                SPI_Write_Words
 .text.LCD_WriteReg
                0x00001ff4       0x4c ./source/lcd.o
 .text.LCD_WriteData_8Bit
                0x00002040       0x4c ./source/lcd.o
 .text.LCD_GramRefresh
                0x0000208c       0x38 ./source/lcd.o
                0x0000208c                LCD_GramRefresh
 .text.LCD_Init
                0x000020c4       0x8c ./source/lcd.o
                0x000020c4                LCD_Init
 .text.LCD_Clear
                0x00002150       0x40 ./source/lcd.o
                0x00002150                LCD_Clear
 .text.LCD_Draw_Point
                0x00002190       0x38 ./source/lcd.o
                0x00002190                LCD_Draw_Point
 .text.POWER_EnablePD
                0x000021c8       0x20 ./drivers/fsl_clock.o
 .text.POWER_DisablePD
                0x000021e8       0x20 ./drivers/fsl_clock.o
 .text.CLOCK_AttachClk
                0x00002208       0x98 ./drivers/fsl_clock.o
                0x00002208                CLOCK_AttachClk
 .text.CLOCK_SetClkDiv
                0x000022a0       0x80 ./drivers/fsl_clock.o
                0x000022a0                CLOCK_SetClkDiv
 .text.CLOCK_SetupFROClocking
                0x00002320       0x80 ./drivers/fsl_clock.o
                0x00002320                CLOCK_SetupFROClocking
 .text.CLOCK_SetFLASHAccessCyclesForFreq
                0x000023a0      0x148 ./drivers/fsl_clock.o
                0x000023a0                CLOCK_SetFLASHAccessCyclesForFreq
 .text.CLOCK_SetupExtClocking
                0x000024e8       0x50 ./drivers/fsl_clock.o
                0x000024e8                CLOCK_SetupExtClocking
 .text.CLOCK_GetFro1MFreq
                0x00002538       0x28 ./drivers/fsl_clock.o
                0x00002538                CLOCK_GetFro1MFreq
 .text.CLOCK_GetExtClkFreq
                0x00002560       0x2c ./drivers/fsl_clock.o
                0x00002560                CLOCK_GetExtClkFreq
 .text.CLOCK_GetOsc32KFreq
                0x0000258c       0x58 ./drivers/fsl_clock.o
                0x0000258c                CLOCK_GetOsc32KFreq
 .text.CLOCK_GetPLL0InClockRate
                0x000025e4       0x64 ./drivers/fsl_clock.o
                0x000025e4                CLOCK_GetPLL0InClockRate
 .text.CLOCK_SetPLL0Freq
                0x00002648      0x12c ./drivers/fsl_clock.o
                0x00002648                CLOCK_SetPLL0Freq
 .text.SDK_DelayAtLeastUs
                0x00002774       0xac ./drivers/fsl_common.o
                0x00002774                SDK_DelayAtLeastUs
 .text.__NVIC_EnableIRQ
                0x00002820       0x3c ./drivers/fsl_ctimer.o
 .text.CTIMER_GetInstance
                0x0000285c       0x60 ./drivers/fsl_ctimer.o
 .text.CTIMER_Init
                0x000028bc       0x80 ./drivers/fsl_ctimer.o
                0x000028bc                CTIMER_Init
 .text.CTIMER_SetupMatch
                0x0000293c      0x11c ./drivers/fsl_ctimer.o
                0x0000293c                CTIMER_SetupMatch
 .text.CTIMER_GenericIRQHandler
                0x00002a58       0xb4 ./drivers/fsl_ctimer.o
 .text.FLEXCOMM_GetInstance
                0x00002b0c       0x5c ./drivers/fsl_flexcomm.o
                0x00002b0c                FLEXCOMM_GetInstance
 .text.FLEXCOMM_Init
                0x00002b68       0x50 ./drivers/fsl_flexcomm.o
                0x00002b68                FLEXCOMM_Init
 .text.FLEXCOMM0_DriverIRQHandler
                0x00002bb8       0x44 ./drivers/fsl_flexcomm.o
                0x00002bb8                FLEXCOMM0_DriverIRQHandler
 .text.FLEXCOMM1_DriverIRQHandler
                0x00002bfc       0x44 ./drivers/fsl_flexcomm.o
                0x00002bfc                FLEXCOMM1_DriverIRQHandler
 .text.FLEXCOMM2_DriverIRQHandler
                0x00002c40       0x44 ./drivers/fsl_flexcomm.o
                0x00002c40                FLEXCOMM2_DriverIRQHandler
 .text.FLEXCOMM3_DriverIRQHandler
                0x00002c84       0x44 ./drivers/fsl_flexcomm.o
                0x00002c84                FLEXCOMM3_DriverIRQHandler
 .text.FLEXCOMM4_DriverIRQHandler
                0x00002cc8       0x44 ./drivers/fsl_flexcomm.o
                0x00002cc8                FLEXCOMM4_DriverIRQHandler
 .text.FLEXCOMM5_DriverIRQHandler
                0x00002d0c       0x44 ./drivers/fsl_flexcomm.o
                0x00002d0c                FLEXCOMM5_DriverIRQHandler
 .text.FLEXCOMM6_DriverIRQHandler
                0x00002d50       0x44 ./drivers/fsl_flexcomm.o
                0x00002d50                FLEXCOMM6_DriverIRQHandler
 .text.FLEXCOMM7_DriverIRQHandler
                0x00002d94       0x44 ./drivers/fsl_flexcomm.o
                0x00002d94                FLEXCOMM7_DriverIRQHandler
 .text.FLEXCOMM8_DriverIRQHandler
                0x00002dd8       0x48 ./drivers/fsl_flexcomm.o
                0x00002dd8                FLEXCOMM8_DriverIRQHandler
 .text.GPIO_EnablePortClock
                0x00002e20       0x44 ./drivers/fsl_gpio.o
 .text.LPADC_GetInstance
                0x00002e64       0x54 ./drivers/fsl_lpadc.o
 .text.LPADC_Init
                0x00002eb8      0x120 ./drivers/fsl_lpadc.o
                0x00002eb8                LPADC_Init
 .text.LPADC_GetConvResult
                0x00002fd8       0x78 ./drivers/fsl_lpadc.o
                0x00002fd8                LPADC_GetConvResult
 .text.LPADC_SetConvTriggerConfig
                0x00003050       0xa4 ./drivers/fsl_lpadc.o
                0x00003050                LPADC_SetConvTriggerConfig
 .text.LPADC_SetConvCommandConfig
                0x000030f4      0x130 ./drivers/fsl_lpadc.o
                0x000030f4                LPADC_SetConvCommandConfig
 .text.LPADC_DoAutoCalibration
                0x00003224       0xfc ./drivers/fsl_lpadc.o
                0x00003224                LPADC_DoAutoCalibration
 .text.PQ_SetConfig
                0x00003320       0xa4 ./drivers/fsl_powerquad_basic.o
                0x00003320                PQ_SetConfig
 .text.PQ_Init  0x000033c4       0x2c ./drivers/fsl_powerquad_basic.o
                0x000033c4                PQ_Init
 .text.PQ_TransformCFFT
                0x000033f0       0x68 ./drivers/fsl_powerquad_transform.o
                0x000033f0                PQ_TransformCFFT
 .text.RESET_SetPeripheralReset
                0x00003458       0x6c ./drivers/fsl_reset.o
                0x00003458                RESET_SetPeripheralReset
 .text.RESET_ClearPeripheralReset
                0x000034c4       0x6c ./drivers/fsl_reset.o
                0x000034c4                RESET_ClearPeripheralReset
 .text.SPI_SetTransferDelay
                0x00003530       0x78 ./drivers/fsl_spi.o
 .text.SPI_GetInstance
                0x000035a8       0x58 ./drivers/fsl_spi.o
                0x000035a8                SPI_GetInstance
 .text.SPI_SetDummyData
                0x00003600       0x2c ./drivers/fsl_spi.o
                0x00003600                SPI_SetDummyData
 .text.SPI_GetConfig
                0x0000362c       0x24 ./drivers/fsl_spi.o
                0x0000362c                SPI_GetConfig
 .text.SPI_MasterInit
                0x00003650      0x19c ./drivers/fsl_spi.o
                0x00003650                SPI_MasterInit
 .text.SPI_MasterSetBaud
                0x000037ec       0xac ./drivers/fsl_spi.o
                0x000037ec                SPI_MasterSetBaud
 .text.USART_Init
                0x00003898      0x1d8 ./drivers/fsl_usart.o
                0x00003898                USART_Init
 .text.USART_GetDefaultConfig
                0x00003a70       0x90 ./drivers/fsl_usart.o
                0x00003a70                USART_GetDefaultConfig
 .text.USART_SetBaudRate
                0x00003b00      0x184 ./drivers/fsl_usart.o
                0x00003b00                USART_SetBaudRate
 .text.SystemInit
                0x00003c84       0x64 ./device/system_LPC55S69_cm33_core0.o
                0x00003c84                SystemInit
 .text.HAL_UartInit
                0x00003ce8      0x128 ./component/uart/fsl_adapter_usart.o
                0x00003ce8                HAL_UartInit
 .text.BOARD_InitDebugConsole
                0x00003e10       0x38 ./board/board.o
                0x00003e10                BOARD_InitDebugConsole
 .text.POWER_DisablePD
                0x00003e48       0x20 ./board/clock_config.o
 .text.BOARD_BootClockPLL150M
                0x00003e68      0x134 ./board/clock_config.o
                0x00003e68                BOARD_BootClockPLL150M
 .text.__NVIC_EnableIRQ
                0x00003f9c       0x3c ./board/peripherals.o
 .text.__NVIC_SetPriority
                0x00003fd8       0x54 ./board/peripherals.o
 .text.ADC0_init
                0x0000402c       0x50 ./board/peripherals.o
 .text.CTIMER0_init
                0x0000407c       0x2c ./board/peripherals.o
 .text.FLEXCOMM3_init
                0x000040a8       0x28 ./board/peripherals.o
 .text.BOARD_InitPins
                0x000040d0      0x13c ./board/pin_mux.o
                0x000040d0                BOARD_InitPins
 .text.lowpower_set_system_voltage
                0x0000420c       0xa0 D:\Programowanie\MCUXpresso\ZPSW_Projekt_Mikrofony\LPC55S69\mcuxpresso\libpower_hardabi.a(fsl_power_lib.o)
 .text.lowpower_set_voltage_for_process
                0x000042ac       0x84 D:\Programowanie\MCUXpresso\ZPSW_Projekt_Mikrofony\LPC55S69\mcuxpresso\libpower_hardabi.a(fsl_power_lib.o)
 .text.POWER_SetVoltageForFreq
                0x00004330       0x84 D:\Programowanie\MCUXpresso\ZPSW_Projekt_Mikrofony\LPC55S69\mcuxpresso\libpower_hardabi.a(fsl_power_lib.o)
                0x00004330                POWER_SetVoltageForFreq
 .text.arm_q31_to_float
                0x000043b4       0xb0 D:\Programowanie\MCUXpresso\ZPSW_Projekt_Mikrofony\libs\libarm_ARMv8MMLldfsp_math.a(arm_q31_to_float.o)
                0x000043b4                arm_q31_to_float
 .text.arm_float_to_q31
                0x00004464      0x1e8 D:\Programowanie\MCUXpresso\ZPSW_Projekt_Mikrofony\libs\libarm_ARMv8MMLldfsp_math.a(arm_float_to_q31.o)
                0x00004464                arm_float_to_q31
 .text.arm_cfft_radix8by2_f32
                0x0000464c      0x198 D:\Programowanie\MCUXpresso\ZPSW_Projekt_Mikrofony\libs\libarm_ARMv8MMLldfsp_math.a(arm_cfft_f32.o)
                0x0000464c                arm_cfft_radix8by2_f32
 .text.arm_cfft_radix8by4_f32
                0x000047e4      0x4b8 D:\Programowanie\MCUXpresso\ZPSW_Projekt_Mikrofony\libs\libarm_ARMv8MMLldfsp_math.a(arm_cfft_f32.o)
                0x000047e4                arm_cfft_radix8by4_f32
 .text.arm_cfft_f32
                0x00004c9c       0xec D:\Programowanie\MCUXpresso\ZPSW_Projekt_Mikrofony\libs\libarm_ARMv8MMLldfsp_math.a(arm_cfft_f32.o)
                0x00004c9c                arm_cfft_f32
 .text.arm_bitreversal_32
                0x00004d88       0x50 D:\Programowanie\MCUXpresso\ZPSW_Projekt_Mikrofony\libs\libarm_ARMv8MMLldfsp_math.a(arm_bitreversal2.o)
                0x00004d88                arm_bitreversal_32
 .text.arm_cmplx_mult_cmplx_f32
                0x00004dd8      0x194 D:\Programowanie\MCUXpresso\ZPSW_Projekt_Mikrofony\libs\libarm_ARMv8MMLldfsp_math.a(arm_cmplx_mult_cmplx_f32.o)
                0x00004dd8                arm_cmplx_mult_cmplx_f32
 .text.arm_cmplx_mag_f32
                0x00004f6c      0x248 D:\Programowanie\MCUXpresso\ZPSW_Projekt_Mikrofony\libs\libarm_ARMv8MMLldfsp_math.a(arm_cmplx_mag_f32.o)
                0x00004f6c                arm_cmplx_mag_f32
 .text.arm_cmplx_conj_f32
                0x000051b4       0xb4 D:\Programowanie\MCUXpresso\ZPSW_Projekt_Mikrofony\libs\libarm_ARMv8MMLldfsp_math.a(arm_cmplx_conj_f32.o)
                0x000051b4                arm_cmplx_conj_f32
 .text.arm_scale_q31
                0x00005268      0x1f4 D:\Programowanie\MCUXpresso\ZPSW_Projekt_Mikrofony\libs\libarm_ARMv8MMLldfsp_math.a(arm_scale_q31.o)
                0x00005268                arm_scale_q31
 .text.arm_scale_f32
                0x0000545c       0x88 D:\Programowanie\MCUXpresso\ZPSW_Projekt_Mikrofony\libs\libarm_ARMv8MMLldfsp_math.a(arm_scale_f32.o)
                0x0000545c                arm_scale_f32
 .text.arm_radix8_butterfly_f32
                0x000054e4      0x584 D:\Programowanie\MCUXpresso\ZPSW_Projekt_Mikrofony\libs\libarm_ARMv8MMLldfsp_math.a(arm_cfft_radix8_f32.o)
                0x000054e4                arm_radix8_butterfly_f32
 .text          0x00005a68      0x378 c:/nxp/mcuxpressoide_11.8.0_1165/ide/plugins/com.nxp.mcuxpresso.tools.win32_11.8.0.202306131047/tools/bin/../lib/gcc/arm-none-eabi/12.2.1/thumb/v8-m.main+fp/hard\libgcc.a(_arm_addsubdf3.o)
                0x00005a68                __aeabi_drsub
                0x00005a70                __aeabi_dsub
                0x00005a70                __subdf3
                0x00005a74                __aeabi_dadd
                0x00005a74                __adddf3
                0x00005cec                __floatunsidf
                0x00005cec                __aeabi_ui2d
                0x00005d0c                __floatsidf
                0x00005d0c                __aeabi_i2d
                0x00005d30                __aeabi_f2d
                0x00005d30                __extendsfdf2
                0x00005d74                __floatundidf
                0x00005d74                __aeabi_ul2d
                0x00005d84                __floatdidf
                0x00005d84                __aeabi_l2d
 .text          0x00005de0      0x424 c:/nxp/mcuxpressoide_11.8.0_1165/ide/plugins/com.nxp.mcuxpresso.tools.win32_11.8.0.202306131047/tools/bin/../lib/gcc/arm-none-eabi/12.2.1/thumb/v8-m.main+fp/hard\libgcc.a(_arm_muldivdf3.o)
                0x00005de0                __aeabi_dmul
                0x00005de0                __muldf3
                0x00006034                __divdf3
                0x00006034                __aeabi_ddiv
 .text          0x00006204      0x110 c:/nxp/mcuxpressoide_11.8.0_1165/ide/plugins/com.nxp.mcuxpresso.tools.win32_11.8.0.202306131047/tools/bin/../lib/gcc/arm-none-eabi/12.2.1/thumb/v8-m.main+fp/hard\libgcc.a(_arm_cmpdf2.o)
                0x00006204                __gtdf2
                0x00006204                __gedf2
                0x0000620c                __ltdf2
                0x0000620c                __ledf2
                0x00006214                __nedf2
                0x00006214                __eqdf2
                0x00006214                __cmpdf2
                0x00006290                __aeabi_cdrcmple
                0x000062a0                __aeabi_cdcmpeq
                0x000062a0                __aeabi_cdcmple
                0x000062b0                __aeabi_dcmpeq
                0x000062c4                __aeabi_dcmplt
                0x000062d8                __aeabi_dcmple
                0x000062ec                __aeabi_dcmpge
                0x00006300                __aeabi_dcmpgt
 .text          0x00006314       0x50 c:/nxp/mcuxpressoide_11.8.0_1165/ide/plugins/com.nxp.mcuxpresso.tools.win32_11.8.0.202306131047/tools/bin/../lib/gcc/arm-none-eabi/12.2.1/thumb/v8-m.main+fp/hard\libgcc.a(_arm_fixdfsi.o)
                0x00006314                __aeabi_d2iz
                0x00006314                __fixdfsi
 .text          0x00006364       0xa0 c:/nxp/mcuxpressoide_11.8.0_1165/ide/plugins/com.nxp.mcuxpresso.tools.win32_11.8.0.202306131047/tools/bin/../lib/gcc/arm-none-eabi/12.2.1/thumb/v8-m.main+fp/hard\libgcc.a(_arm_truncdfsf2.o)
                0x00006364                __truncdfsf2
                0x00006364                __aeabi_d2f
 .text          0x00006404       0x30 c:/nxp/mcuxpressoide_11.8.0_1165/ide/plugins/com.nxp.mcuxpresso.tools.win32_11.8.0.202306131047/tools/bin/../lib/gcc/arm-none-eabi/12.2.1/thumb/v8-m.main+fp/hard\libgcc.a(_aeabi_uldivmod.o)
                0x00006404                __aeabi_uldivmod
 .text.__fixsfdi
                0x00006434       0x28 c:/nxp/mcuxpressoide_11.8.0_1165/ide/plugins/com.nxp.mcuxpresso.tools.win32_11.8.0.202306131047/tools/bin/../lib/gcc/arm-none-eabi/12.2.1/thumb/v8-m.main+fp/hard\libgcc.a(_fixsfdi.o)
                0x00006434                __fixsfdi
                0x00006434                __aeabi_f2lz
 .text.__fixunssfdi
                0x0000645c       0x40 c:/nxp/mcuxpressoide_11.8.0_1165/ide/plugins/com.nxp.mcuxpresso.tools.win32_11.8.0.202306131047/tools/bin/../lib/gcc/arm-none-eabi/12.2.1/thumb/v8-m.main+fp/hard\libgcc.a(_fixunssfdi.o)
                0x0000645c                __fixunssfdi
                0x0000645c                __aeabi_f2ulz
 .text.__udivmoddi4
                0x0000649c      0x2ec c:/nxp/mcuxpressoide_11.8.0_1165/ide/plugins/com.nxp.mcuxpresso.tools.win32_11.8.0.202306131047/tools/bin/../lib/gcc/arm-none-eabi/12.2.1/thumb/v8-m.main+fp/hard\libgcc.a(_udivmoddi4.o)
                0x0000649c                __udivmoddi4
 .text          0x00006788        0x4 c:/nxp/mcuxpressoide_11.8.0_1165/ide/plugins/com.nxp.mcuxpresso.tools.win32_11.8.0.202306131047/tools/bin/../lib/gcc/arm-none-eabi/12.2.1/thumb/v8-m.main+fp/hard\libgcc.a(_dvmd_tls.o)
                0x00006788                __aeabi_idiv0
                0x00006788                __aeabi_ldiv0
 .text          0x0000678c       0x40 c:/nxp/mcuxpressoide_11.8.0_1165/ide/plugins/com.nxp.mcuxpresso.tools.win32_11.8.0.202306131047/tools/bin/../lib/gcc/arm-none-eabi/12.2.1/thumb/v8-m.main+fp/hard\libgcc.a(_arm_fixunsdfsi.o)
                0x0000678c                __aeabi_d2uiz
                0x0000678c                __fixunsdfsi
 .text.abs      0x000067cc        0x8 c:/nxp/mcuxpressoide_11.8.0_1165/ide/plugins/com.nxp.mcuxpresso.tools.win32_11.8.0.202306131047/tools/bin/../lib/gcc/arm-none-eabi/12.2.1/thumb/v8-m.main+fp/hard\libc.a(libc_a-abs.o)
                0x000067cc                abs
 .text.__assert_func
                0x000067d4       0x3c c:/nxp/mcuxpressoide_11.8.0_1165/ide/plugins/com.nxp.mcuxpresso.tools.win32_11.8.0.202306131047/tools/bin/../lib/gcc/arm-none-eabi/12.2.1/thumb/v8-m.main+fp/hard\libc.a(libc_a-assert.o)
                0x000067d4                __assert_func
 .text._malloc_r
                0x00006810      0x574 c:/nxp/mcuxpressoide_11.8.0_1165/ide/plugins/com.nxp.mcuxpresso.tools.win32_11.8.0.202306131047/tools/bin/../lib/gcc/arm-none-eabi/12.2.1/thumb/v8-m.main+fp/hard\libc.a(libc_a-mallocr.o)
                0x00006810                _malloc_r
 .text.__malloc_lock
                0x00006d84        0xc c:/nxp/mcuxpressoide_11.8.0_1165/ide/plugins/com.nxp.mcuxpresso.tools.win32_11.8.0.202306131047/tools/bin/../lib/gcc/arm-none-eabi/12.2.1/thumb/v8-m.main+fp/hard\libc.a(libc_a-mlock.o)
                0x00006d84                __malloc_lock
 .text.__malloc_unlock
                0x00006d90        0xc c:/nxp/mcuxpressoide_11.8.0_1165/ide/plugins/com.nxp.mcuxpresso.tools.win32_11.8.0.202306131047/tools/bin/../lib/gcc/arm-none-eabi/12.2.1/thumb/v8-m.main+fp/hard\libc.a(libc_a-mlock.o)
                0x00006d90                __malloc_unlock
 .text.qsort    0x00006d9c      0x608 c:/nxp/mcuxpressoide_11.8.0_1165/ide/plugins/com.nxp.mcuxpresso.tools.win32_11.8.0.202306131047/tools/bin/../lib/gcc/arm-none-eabi/12.2.1/thumb/v8-m.main+fp/hard\libc.a(libc_a-qsort.o)
                0x00006d9c                qsort
 .text.fiprintf
                0x000073a4       0x28 c:/nxp/mcuxpressoide_11.8.0_1165/ide/plugins/com.nxp.mcuxpresso.tools.win32_11.8.0.202306131047/tools/bin/../lib/gcc/arm-none-eabi/12.2.1/thumb/v8-m.main+fp/hard\libc.a(libc_a-fiprintf.o)
                0x000073a4                fiprintf
 .text.__sprint_r.part.0
                0x000073cc       0x78 c:/nxp/mcuxpressoide_11.8.0_1165/ide/plugins/com.nxp.mcuxpresso.tools.win32_11.8.0.202306131047/tools/bin/../lib/gcc/arm-none-eabi/12.2.1/thumb/v8-m.main+fp/hard\libc.a(libc_a-vfiprintf.o)
 .text._vfiprintf_r
                0x00007444     0x1004 c:/nxp/mcuxpressoide_11.8.0_1165/ide/plugins/com.nxp.mcuxpresso.tools.win32_11.8.0.202306131047/tools/bin/../lib/gcc/arm-none-eabi/12.2.1/thumb/v8-m.main+fp/hard\libc.a(libc_a-vfiprintf.o)
                0x00007444                _vfiprintf_r
 .text.__sbprintf
                0x00008448       0x80 c:/nxp/mcuxpressoide_11.8.0_1165/ide/plugins/com.nxp.mcuxpresso.tools.win32_11.8.0.202306131047/tools/bin/../lib/gcc/arm-none-eabi/12.2.1/thumb/v8-m.main+fp/hard\libc.a(libc_a-vfiprintf.o)
 .text.__sflush_r
                0x000084c8      0x138 c:/nxp/mcuxpressoide_11.8.0_1165/ide/plugins/com.nxp.mcuxpresso.tools.win32_11.8.0.202306131047/tools/bin/../lib/gcc/arm-none-eabi/12.2.1/thumb/v8-m.main+fp/hard\libc.a(libc_a-fflush.o)
                0x000084c8                __sflush_r
 .text._fflush_r
                0x00008600       0x54 c:/nxp/mcuxpressoide_11.8.0_1165/ide/plugins/com.nxp.mcuxpresso.tools.win32_11.8.0.202306131047/tools/bin/../lib/gcc/arm-none-eabi/12.2.1/thumb/v8-m.main+fp/hard\libc.a(libc_a-fflush.o)
                0x00008600                _fflush_r
 .text.stdio_exit_handler
                0x00008654       0x18 c:/nxp/mcuxpressoide_11.8.0_1165/ide/plugins/com.nxp.mcuxpresso.tools.win32_11.8.0.202306131047/tools/bin/../lib/gcc/arm-none-eabi/12.2.1/thumb/v8-m.main+fp/hard\libc.a(libc_a-findfp.o)
 .text.cleanup_stdio
                0x0000866c       0x40 c:/nxp/mcuxpressoide_11.8.0_1165/ide/plugins/com.nxp.mcuxpresso.tools.win32_11.8.0.202306131047/tools/bin/../lib/gcc/arm-none-eabi/12.2.1/thumb/v8-m.main+fp/hard\libc.a(libc_a-findfp.o)
 .text.global_stdio_init.part.0
                0x000086ac       0xf0 c:/nxp/mcuxpressoide_11.8.0_1165/ide/plugins/com.nxp.mcuxpresso.tools.win32_11.8.0.202306131047/tools/bin/../lib/gcc/arm-none-eabi/12.2.1/thumb/v8-m.main+fp/hard\libc.a(libc_a-findfp.o)
 .text.__sinit  0x0000879c       0x3c c:/nxp/mcuxpressoide_11.8.0_1165/ide/plugins/com.nxp.mcuxpresso.tools.win32_11.8.0.202306131047/tools/bin/../lib/gcc/arm-none-eabi/12.2.1/thumb/v8-m.main+fp/hard\libc.a(libc_a-findfp.o)
                0x0000879c                __sinit
 .text.__sfp_lock_acquire
                0x000087d8        0xc c:/nxp/mcuxpressoide_11.8.0_1165/ide/plugins/com.nxp.mcuxpresso.tools.win32_11.8.0.202306131047/tools/bin/../lib/gcc/arm-none-eabi/12.2.1/thumb/v8-m.main+fp/hard\libc.a(libc_a-findfp.o)
                0x000087d8                __sfp_lock_acquire
 .text.__sfp_lock_release
                0x000087e4        0xc c:/nxp/mcuxpressoide_11.8.0_1165/ide/plugins/com.nxp.mcuxpresso.tools.win32_11.8.0.202306131047/tools/bin/../lib/gcc/arm-none-eabi/12.2.1/thumb/v8-m.main+fp/hard\libc.a(libc_a-findfp.o)
                0x000087e4                __sfp_lock_release
 .text.__sfvwrite_r
                0x000087f0      0x2e4 c:/nxp/mcuxpressoide_11.8.0_1165/ide/plugins/com.nxp.mcuxpresso.tools.win32_11.8.0.202306131047/tools/bin/../lib/gcc/arm-none-eabi/12.2.1/thumb/v8-m.main+fp/hard\libc.a(libc_a-fvwrite.o)
                0x000087f0                __sfvwrite_r
 .text._fwalk_sglue
                0x00008ad4       0x44 c:/nxp/mcuxpressoide_11.8.0_1165/ide/plugins/com.nxp.mcuxpresso.tools.win32_11.8.0.202306131047/tools/bin/../lib/gcc/arm-none-eabi/12.2.1/thumb/v8-m.main+fp/hard\libc.a(libc_a-fwalk.o)
                0x00008ad4                _fwalk_sglue
 .text.__sread  0x00008b18       0x24 c:/nxp/mcuxpressoide_11.8.0_1165/ide/plugins/com.nxp.mcuxpresso.tools.win32_11.8.0.202306131047/tools/bin/../lib/gcc/arm-none-eabi/12.2.1/thumb/v8-m.main+fp/hard\libc.a(libc_a-stdio.o)
                0x00008b18                __sread
 .text.__swrite
                0x00008b3c       0x40 c:/nxp/mcuxpressoide_11.8.0_1165/ide/plugins/com.nxp.mcuxpresso.tools.win32_11.8.0.202306131047/tools/bin/../lib/gcc/arm-none-eabi/12.2.1/thumb/v8-m.main+fp/hard\libc.a(libc_a-stdio.o)
                0x00008b3c                __swrite
 .text.__sseek  0x00008b7c       0x28 c:/nxp/mcuxpressoide_11.8.0_1165/ide/plugins/com.nxp.mcuxpresso.tools.win32_11.8.0.202306131047/tools/bin/../lib/gcc/arm-none-eabi/12.2.1/thumb/v8-m.main+fp/hard\libc.a(libc_a-stdio.o)
                0x00008b7c                __sseek
 .text.__sclose
                0x00008ba4        0x8 c:/nxp/mcuxpressoide_11.8.0_1165/ide/plugins/com.nxp.mcuxpresso.tools.win32_11.8.0.202306131047/tools/bin/../lib/gcc/arm-none-eabi/12.2.1/thumb/v8-m.main+fp/hard\libc.a(libc_a-stdio.o)
                0x00008ba4                __sclose
 .text.__swsetup_r
                0x00008bac       0xc0 c:/nxp/mcuxpressoide_11.8.0_1165/ide/plugins/com.nxp.mcuxpresso.tools.win32_11.8.0.202306131047/tools/bin/../lib/gcc/arm-none-eabi/12.2.1/thumb/v8-m.main+fp/hard\libc.a(libc_a-wsetup.o)
                0x00008bac                __swsetup_r
 .text.__fputwc
                0x00008c6c       0x78 c:/nxp/mcuxpressoide_11.8.0_1165/ide/plugins/com.nxp.mcuxpresso.tools.win32_11.8.0.202306131047/tools/bin/../lib/gcc/arm-none-eabi/12.2.1/thumb/v8-m.main+fp/hard\libc.a(libc_a-fputwc.o)
                0x00008c6c                __fputwc
 .text._fputwc_r
                0x00008ce4       0x64 c:/nxp/mcuxpressoide_11.8.0_1165/ide/plugins/com.nxp.mcuxpresso.tools.win32_11.8.0.202306131047/tools/bin/../lib/gcc/arm-none-eabi/12.2.1/thumb/v8-m.main+fp/hard\libc.a(libc_a-fputwc.o)
                0x00008ce4                _fputwc_r
 .text.memmove  0x00008d48      0x100 c:/nxp/mcuxpressoide_11.8.0_1165/ide/plugins/com.nxp.mcuxpresso.tools.win32_11.8.0.202306131047/tools/bin/../lib/gcc/arm-none-eabi/12.2.1/thumb/v8-m.main+fp/hard\libc.a(libc_a-memmove.o)
                0x00008d48                memmove
 .text.memset   0x00008e48       0xa8 c:/nxp/mcuxpressoide_11.8.0_1165/ide/plugins/com.nxp.mcuxpresso.tools.win32_11.8.0.202306131047/tools/bin/../lib/gcc/arm-none-eabi/12.2.1/thumb/v8-m.main+fp/hard\libc.a(libc_a-memset.o)
                0x00008e48                memset
 .text.strncpy  0x00008ef0       0x68 c:/nxp/mcuxpressoide_11.8.0_1165/ide/plugins/com.nxp.mcuxpresso.tools.win32_11.8.0.202306131047/tools/bin/../lib/gcc/arm-none-eabi/12.2.1/thumb/v8-m.main+fp/hard\libc.a(libc_a-strncpy.o)
                0x00008ef0                strncpy
 .text.__locale_mb_cur_max
                0x00008f58        0xc c:/nxp/mcuxpressoide_11.8.0_1165/ide/plugins/com.nxp.mcuxpresso.tools.win32_11.8.0.202306131047/tools/bin/../lib/gcc/arm-none-eabi/12.2.1/thumb/v8-m.main+fp/hard\libc.a(libc_a-locale.o)
                0x00008f58                __locale_mb_cur_max
 .text._localeconv_r
                0x00008f64        0x8 c:/nxp/mcuxpressoide_11.8.0_1165/ide/plugins/com.nxp.mcuxpresso.tools.win32_11.8.0.202306131047/tools/bin/../lib/gcc/arm-none-eabi/12.2.1/thumb/v8-m.main+fp/hard\libc.a(libc_a-localeconv.o)
                0x00008f64                _localeconv_r
 .text._close_r
                0x00008f6c       0x24 c:/nxp/mcuxpressoide_11.8.0_1165/ide/plugins/com.nxp.mcuxpresso.tools.win32_11.8.0.202306131047/tools/bin/../lib/gcc/arm-none-eabi/12.2.1/thumb/v8-m.main+fp/hard\libc.a(libc_a-closer.o)
                0x00008f6c                _close_r
 .text._lseek_r
                0x00008f90       0x2c c:/nxp/mcuxpressoide_11.8.0_1165/ide/plugins/com.nxp.mcuxpresso.tools.win32_11.8.0.202306131047/tools/bin/../lib/gcc/arm-none-eabi/12.2.1/thumb/v8-m.main+fp/hard\libc.a(libc_a-lseekr.o)
                0x00008f90                _lseek_r
 .text._read_r  0x00008fbc       0x2c c:/nxp/mcuxpressoide_11.8.0_1165/ide/plugins/com.nxp.mcuxpresso.tools.win32_11.8.0.202306131047/tools/bin/../lib/gcc/arm-none-eabi/12.2.1/thumb/v8-m.main+fp/hard\libc.a(libc_a-readr.o)
                0x00008fbc                _read_r
 .text._sbrk_r  0x00008fe8       0x24 c:/nxp/mcuxpressoide_11.8.0_1165/ide/plugins/com.nxp.mcuxpresso.tools.win32_11.8.0.202306131047/tools/bin/../lib/gcc/arm-none-eabi/12.2.1/thumb/v8-m.main+fp/hard\libc.a(libc_a-sbrkr.o)
                0x00008fe8                _sbrk_r
 .text._write_r
                0x0000900c       0x2c c:/nxp/mcuxpressoide_11.8.0_1165/ide/plugins/com.nxp.mcuxpresso.tools.win32_11.8.0.202306131047/tools/bin/../lib/gcc/arm-none-eabi/12.2.1/thumb/v8-m.main+fp/hard\libc.a(libc_a-writer.o)
                0x0000900c                _write_r
 .text.__errno  0x00009038        0xc c:/nxp/mcuxpressoide_11.8.0_1165/ide/plugins/com.nxp.mcuxpresso.tools.win32_11.8.0.202306131047/tools/bin/../lib/gcc/arm-none-eabi/12.2.1/thumb/v8-m.main+fp/hard\libc.a(libc_a-errno.o)
                0x00009038                __errno
 .text.__retarget_lock_init_recursive
                0x00009044        0x4 c:/nxp/mcuxpressoide_11.8.0_1165/ide/plugins/com.nxp.mcuxpresso.tools.win32_11.8.0.202306131047/tools/bin/../lib/gcc/arm-none-eabi/12.2.1/thumb/v8-m.main+fp/hard\libc.a(libc_a-lock.o)
                0x00009044                __retarget_lock_init_recursive
 .text.__retarget_lock_close_recursive
                0x00009048        0x4 c:/nxp/mcuxpressoide_11.8.0_1165/ide/plugins/com.nxp.mcuxpresso.tools.win32_11.8.0.202306131047/tools/bin/../lib/gcc/arm-none-eabi/12.2.1/thumb/v8-m.main+fp/hard\libc.a(libc_a-lock.o)
                0x00009048                __retarget_lock_close_recursive
 .text.__retarget_lock_acquire_recursive
                0x0000904c        0x4 c:/nxp/mcuxpressoide_11.8.0_1165/ide/plugins/com.nxp.mcuxpresso.tools.win32_11.8.0.202306131047/tools/bin/../lib/gcc/arm-none-eabi/12.2.1/thumb/v8-m.main+fp/hard\libc.a(libc_a-lock.o)
                0x0000904c                __retarget_lock_acquire_recursive
 .text.__retarget_lock_release_recursive
                0x00009050        0x4 c:/nxp/mcuxpressoide_11.8.0_1165/ide/plugins/com.nxp.mcuxpresso.tools.win32_11.8.0.202306131047/tools/bin/../lib/gcc/arm-none-eabi/12.2.1/thumb/v8-m.main+fp/hard\libc.a(libc_a-lock.o)
                0x00009050                __retarget_lock_release_recursive
 .text.sysconf  0x00009054       0x1c c:/nxp/mcuxpressoide_11.8.0_1165/ide/plugins/com.nxp.mcuxpresso.tools.win32_11.8.0.202306131047/tools/bin/../lib/gcc/arm-none-eabi/12.2.1/thumb/v8-m.main+fp/hard\libc.a(libc_a-sysconf.o)
                0x00009054                sysconf
 .text.memchr   0x00009070       0x98 c:/nxp/mcuxpressoide_11.8.0_1165/ide/plugins/com.nxp.mcuxpresso.tools.win32_11.8.0.202306131047/tools/bin/../lib/gcc/arm-none-eabi/12.2.1/thumb/v8-m.main+fp/hard\libc.a(libc_a-memchr-stub.o)
                0x00009070                memchr
 .text          0x00009108       0xec c:/nxp/mcuxpressoide_11.8.0_1165/ide/plugins/com.nxp.mcuxpresso.tools.win32_11.8.0.202306131047/tools/bin/../lib/gcc/arm-none-eabi/12.2.1/thumb/v8-m.main+fp/hard\libc.a(libc_a-memcpy.o)
                0x00009108                memcpy
 .text.strlen   0x000091f4       0x5c c:/nxp/mcuxpressoide_11.8.0_1165/ide/plugins/com.nxp.mcuxpresso.tools.win32_11.8.0.202306131047/tools/bin/../lib/gcc/arm-none-eabi/12.2.1/thumb/v8-m.main+fp/hard\libc.a(libc_a-strlen-stub.o)
                0x000091f4                strlen
 .text.abort    0x00009250       0x10 c:/nxp/mcuxpressoide_11.8.0_1165/ide/plugins/com.nxp.mcuxpresso.tools.win32_11.8.0.202306131047/tools/bin/../lib/gcc/arm-none-eabi/12.2.1/thumb/v8-m.main+fp/hard\libc.a(libc_a-abort.o)
                0x00009250                abort
 .text._malloc_trim_r
                0x00009260       0xb8 c:/nxp/mcuxpressoide_11.8.0_1165/ide/plugins/com.nxp.mcuxpresso.tools.win32_11.8.0.202306131047/tools/bin/../lib/gcc/arm-none-eabi/12.2.1/thumb/v8-m.main+fp/hard\libc.a(libc_a-freer.o)
                0x00009260                _malloc_trim_r
 .text._free_r  0x00009318      0x204 c:/nxp/mcuxpressoide_11.8.0_1165/ide/plugins/com.nxp.mcuxpresso.tools.win32_11.8.0.202306131047/tools/bin/../lib/gcc/arm-none-eabi/12.2.1/thumb/v8-m.main+fp/hard\libc.a(libc_a-freer.o)
                0x00009318                _free_r
 .text.__ascii_mbtowc
                0x0000951c       0x2c c:/nxp/mcuxpressoide_11.8.0_1165/ide/plugins/com.nxp.mcuxpresso.tools.win32_11.8.0.202306131047/tools/bin/../lib/gcc/arm-none-eabi/12.2.1/thumb/v8-m.main+fp/hard\libc.a(libc_a-mbtowc_r.o)
                0x0000951c                __ascii_mbtowc
 .text._realloc_r
                0x00009548      0x36c c:/nxp/mcuxpressoide_11.8.0_1165/ide/plugins/com.nxp.mcuxpresso.tools.win32_11.8.0.202306131047/tools/bin/../lib/gcc/arm-none-eabi/12.2.1/thumb/v8-m.main+fp/hard\libc.a(libc_a-reallocr.o)
                0x00009548                _realloc_r
 .text.__ascii_wctomb
                0x000098b4       0x1c c:/nxp/mcuxpressoide_11.8.0_1165/ide/plugins/com.nxp.mcuxpresso.tools.win32_11.8.0.202306131047/tools/bin/../lib/gcc/arm-none-eabi/12.2.1/thumb/v8-m.main+fp/hard\libc.a(libc_a-wctomb_r.o)
                0x000098b4                __ascii_wctomb
 .text._wcrtomb_r
                0x000098d0       0x4c c:/nxp/mcuxpressoide_11.8.0_1165/ide/plugins/com.nxp.mcuxpresso.tools.win32_11.8.0.202306131047/tools/bin/../lib/gcc/arm-none-eabi/12.2.1/thumb/v8-m.main+fp/hard\libc.a(libc_a-wcrtomb.o)
                0x000098d0                _wcrtomb_r
 .text._wcsrtombs_r
                0x0000991c       0x18 c:/nxp/mcuxpressoide_11.8.0_1165/ide/plugins/com.nxp.mcuxpresso.tools.win32_11.8.0.202306131047/tools/bin/../lib/gcc/arm-none-eabi/12.2.1/thumb/v8-m.main+fp/hard\libc.a(libc_a-wcsrtombs.o)
                0x0000991c                _wcsrtombs_r
 .text._fclose_r
                0x00009934       0xc4 c:/nxp/mcuxpressoide_11.8.0_1165/ide/plugins/com.nxp.mcuxpresso.tools.win32_11.8.0.202306131047/tools/bin/../lib/gcc/arm-none-eabi/12.2.1/thumb/v8-m.main+fp/hard\libc.a(libc_a-fclose.o)
                0x00009934                _fclose_r
 .text.__smakebuf_r
                0x000099f8       0xdc c:/nxp/mcuxpressoide_11.8.0_1165/ide/plugins/com.nxp.mcuxpresso.tools.win32_11.8.0.202306131047/tools/bin/../lib/gcc/arm-none-eabi/12.2.1/thumb/v8-m.main+fp/hard\libc.a(libc_a-makebuf.o)
                0x000099f8                __smakebuf_r
 .text.__swbuf_r
                0x00009ad4       0xac c:/nxp/mcuxpressoide_11.8.0_1165/ide/plugins/com.nxp.mcuxpresso.tools.win32_11.8.0.202306131047/tools/bin/../lib/gcc/arm-none-eabi/12.2.1/thumb/v8-m.main+fp/hard\libc.a(libc_a-wbuf.o)
                0x00009ad4                __swbuf_r
 .text.raise    0x00009b80       0x58 c:/nxp/mcuxpressoide_11.8.0_1165/ide/plugins/com.nxp.mcuxpresso.tools.win32_11.8.0.202306131047/tools/bin/../lib/gcc/arm-none-eabi/12.2.1/thumb/v8-m.main+fp/hard\libc.a(libc_a-signal.o)
                0x00009b80                raise
 .text._fstat_r
                0x00009bd8       0x2c c:/nxp/mcuxpressoide_11.8.0_1165/ide/plugins/com.nxp.mcuxpresso.tools.win32_11.8.0.202306131047/tools/bin/../lib/gcc/arm-none-eabi/12.2.1/thumb/v8-m.main+fp/hard\libc.a(libc_a-fstatr.o)
                0x00009bd8                _fstat_r
 .text._isatty_r
                0x00009c04       0x24 c:/nxp/mcuxpressoide_11.8.0_1165/ide/plugins/com.nxp.mcuxpresso.tools.win32_11.8.0.202306131047/tools/bin/../lib/gcc/arm-none-eabi/12.2.1/thumb/v8-m.main+fp/hard\libc.a(libc_a-isattyr.o)
                0x00009c04                _isatty_r
 .text._kill_r  0x00009c28       0x2c c:/nxp/mcuxpressoide_11.8.0_1165/ide/plugins/com.nxp.mcuxpresso.tools.win32_11.8.0.202306131047/tools/bin/../lib/gcc/arm-none-eabi/12.2.1/thumb/v8-m.main+fp/hard\libc.a(libc_a-signalr.o)
                0x00009c28                _kill_r
 .text._getpid_r
                0x00009c54        0x4 c:/nxp/mcuxpressoide_11.8.0_1165/ide/plugins/com.nxp.mcuxpresso.tools.win32_11.8.0.202306131047/tools/bin/../lib/gcc/arm-none-eabi/12.2.1/thumb/v8-m.main+fp/hard\libc.a(libc_a-signalr.o)
                0x00009c54                _getpid_r
 .text._wcsnrtombs_l
                0x00009c58       0xfc c:/nxp/mcuxpressoide_11.8.0_1165/ide/plugins/com.nxp.mcuxpresso.tools.win32_11.8.0.202306131047/tools/bin/../lib/gcc/arm-none-eabi/12.2.1/thumb/v8-m.main+fp/hard\libc.a(libc_a-wcsnrtombs.o)
                0x00009c58                _wcsnrtombs_l
 .text._wcsnrtombs_r
                0x00009d54       0x24 c:/nxp/mcuxpressoide_11.8.0_1165/ide/plugins/com.nxp.mcuxpresso.tools.win32_11.8.0.202306131047/tools/bin/../lib/gcc/arm-none-eabi/12.2.1/thumb/v8-m.main+fp/hard\libc.a(libc_a-wcsnrtombs.o)
                0x00009d54                _wcsnrtombs_r
 .text.sqrtf    0x00009d78       0x44 c:/nxp/mcuxpressoide_11.8.0_1165/ide/plugins/com.nxp.mcuxpresso.tools.win32_11.8.0.202306131047/tools/bin/../lib/gcc/arm-none-eabi/12.2.1/thumb/v8-m.main+fp/hard\libm.a(libm_a-wf_sqrt.o)
                0x00009d78                sqrtf
 .text.__ieee754_sqrtf
                0x00009dbc        0x8 c:/nxp/mcuxpressoide_11.8.0_1165/ide/plugins/com.nxp.mcuxpresso.tools.win32_11.8.0.202306131047/tools/bin/../lib/gcc/arm-none-eabi/12.2.1/thumb/v8-m.main+fp/hard\libm.a(libm_a-ef_sqrt.o)
                0x00009dbc                __ieee754_sqrtf
 .text.fabs     0x00009dc4       0x10 c:/nxp/mcuxpressoide_11.8.0_1165/ide/plugins/com.nxp.mcuxpresso.tools.win32_11.8.0.202306131047/tools/bin/../lib/gcc/arm-none-eabi/12.2.1/thumb/v8-m.main+fp/hard\libm.a(libm_a-s_fabs.o)
                0x00009dc4                fabs
 .text._sbrk    0x00009dd4       0x3c c:/nxp/mcuxpressoide_11.8.0_1165/ide/plugins/com.nxp.mcuxpresso.tools.win32_11.8.0.202306131047/tools/bin/../lib/gcc/arm-none-eabi/12.2.1/../../../../arm-none-eabi/lib/thumb/v8-m.main+fp/hard\libcr_newlib_semihost.a(_cr_sbrk.o)
                0x00009dd4                _sbrk
 .text._kill    0x00009e10       0x20 c:/nxp/mcuxpressoide_11.8.0_1165/ide/plugins/com.nxp.mcuxpresso.tools.win32_11.8.0.202306131047/tools/bin/../lib/gcc/arm-none-eabi/12.2.1/../../../../arm-none-eabi/lib/thumb/v8-m.main+fp/hard\libcr_newlib_semihost.a(_kill.o)
                0x00009e10                _kill
 .text.initialise_monitor_handles.part.0
                0x00009e30       0xa4 c:/nxp/mcuxpressoide_11.8.0_1165/ide/plugins/com.nxp.mcuxpresso.tools.win32_11.8.0.202306131047/tools/bin/../lib/gcc/arm-none-eabi/12.2.1/../../../../arm-none-eabi/lib/thumb/v8-m.main+fp/hard\libcr_newlib_semihost.a(syscalls.o)
 .text.findslot
                0x00009ed4       0x30 c:/nxp/mcuxpressoide_11.8.0_1165/ide/plugins/com.nxp.mcuxpresso.tools.win32_11.8.0.202306131047/tools/bin/../lib/gcc/arm-none-eabi/12.2.1/../../../../arm-none-eabi/lib/thumb/v8-m.main+fp/hard\libcr_newlib_semihost.a(syscalls.o)
 .text._close   0x00009f04       0x44 c:/nxp/mcuxpressoide_11.8.0_1165/ide/plugins/com.nxp.mcuxpresso.tools.win32_11.8.0.202306131047/tools/bin/../lib/gcc/arm-none-eabi/12.2.1/../../../../arm-none-eabi/lib/thumb/v8-m.main+fp/hard\libcr_newlib_semihost.a(syscalls.o)
                0x00009f04                _close
 .text.__check_heap_overflow
                0x00009f48       0x18 c:/nxp/mcuxpressoide_11.8.0_1165/ide/plugins/com.nxp.mcuxpresso.tools.win32_11.8.0.202306131047/tools/bin/../lib/gcc/arm-none-eabi/12.2.1/../../../../arm-none-eabi/lib/thumb/v8-m.main+fp/hard\libcr_newlib_semihost.a(_cr_check_heap.o)
                0x00009f48                __check_heap_overflow
 .text.WDT_BOD_IRQHandler
                0x00009f60        0x8 ./startup/startup_lpc55s69_cm33_core0.o
                0x00009f60                WDT_BOD_IRQHandler
 .text.DMA0_IRQHandler
                0x00009f68        0x8 ./startup/startup_lpc55s69_cm33_core0.o
                0x00009f68                DMA0_IRQHandler
 .text.GINT0_IRQHandler
                0x00009f70        0x8 ./startup/startup_lpc55s69_cm33_core0.o
                0x00009f70                GINT0_IRQHandler
 .text.GINT1_IRQHandler
                0x00009f78        0x8 ./startup/startup_lpc55s69_cm33_core0.o
                0x00009f78                GINT1_IRQHandler
 .text.PIN_INT0_IRQHandler
                0x00009f80        0x8 ./startup/startup_lpc55s69_cm33_core0.o
                0x00009f80                PIN_INT0_IRQHandler
 .text.PIN_INT1_IRQHandler
                0x00009f88        0x8 ./startup/startup_lpc55s69_cm33_core0.o
                0x00009f88                PIN_INT1_IRQHandler
 .text.PIN_INT2_IRQHandler
                0x00009f90        0x8 ./startup/startup_lpc55s69_cm33_core0.o
                0x00009f90                PIN_INT2_IRQHandler
 .text.PIN_INT3_IRQHandler
                0x00009f98        0x8 ./startup/startup_lpc55s69_cm33_core0.o
                0x00009f98                PIN_INT3_IRQHandler
 .text.UTICK0_IRQHandler
                0x00009fa0        0x8 ./startup/startup_lpc55s69_cm33_core0.o
                0x00009fa0                UTICK0_IRQHandler
 .text.MRT0_IRQHandler
                0x00009fa8        0x8 ./startup/startup_lpc55s69_cm33_core0.o
                0x00009fa8                MRT0_IRQHandler
 .text.CTIMER0_IRQHandler
                0x00009fb0        0x8 ./startup/startup_lpc55s69_cm33_core0.o
                0x00009fb0                CTIMER0_IRQHandler
 .text.CTIMER1_IRQHandler
                0x00009fb8        0x8 ./startup/startup_lpc55s69_cm33_core0.o
                0x00009fb8                CTIMER1_IRQHandler
 .text.SCT0_IRQHandler
                0x00009fc0        0x8 ./startup/startup_lpc55s69_cm33_core0.o
                0x00009fc0                SCT0_IRQHandler
 .text.CTIMER3_IRQHandler
                0x00009fc8        0x8 ./startup/startup_lpc55s69_cm33_core0.o
                0x00009fc8                CTIMER3_IRQHandler
 .text.FLEXCOMM0_IRQHandler
                0x00009fd0        0x8 ./startup/startup_lpc55s69_cm33_core0.o
                0x00009fd0                FLEXCOMM0_IRQHandler
 .text.FLEXCOMM1_IRQHandler
                0x00009fd8        0x8 ./startup/startup_lpc55s69_cm33_core0.o
                0x00009fd8                FLEXCOMM1_IRQHandler
 .text.FLEXCOMM2_IRQHandler
                0x00009fe0        0x8 ./startup/startup_lpc55s69_cm33_core0.o
                0x00009fe0                FLEXCOMM2_IRQHandler
 .text.FLEXCOMM3_IRQHandler
                0x00009fe8        0x8 ./startup/startup_lpc55s69_cm33_core0.o
                0x00009fe8                FLEXCOMM3_IRQHandler
 .text.FLEXCOMM4_IRQHandler
                0x00009ff0        0x8 ./startup/startup_lpc55s69_cm33_core0.o
                0x00009ff0                FLEXCOMM4_IRQHandler
 .text.FLEXCOMM5_IRQHandler
                0x00009ff8        0x8 ./startup/startup_lpc55s69_cm33_core0.o
                0x00009ff8                FLEXCOMM5_IRQHandler
 .text.FLEXCOMM6_IRQHandler
                0x0000a000        0x8 ./startup/startup_lpc55s69_cm33_core0.o
                0x0000a000                FLEXCOMM6_IRQHandler
 .text.FLEXCOMM7_IRQHandler
                0x0000a008        0x8 ./startup/startup_lpc55s69_cm33_core0.o
                0x0000a008                FLEXCOMM7_IRQHandler
 .text.Reserved39_IRQHandler
                0x0000a010        0x8 ./startup/startup_lpc55s69_cm33_core0.o
                0x0000a010                Reserved39_IRQHandler
 .text.ACMP_IRQHandler
                0x0000a018        0x8 ./startup/startup_lpc55s69_cm33_core0.o
                0x0000a018                ACMP_IRQHandler
 .text.Reserved41_IRQHandler
                0x0000a020        0x8 ./startup/startup_lpc55s69_cm33_core0.o
                0x0000a020                Reserved41_IRQHandler
 .text.Reserved42_IRQHandler
                0x0000a028        0x8 ./startup/startup_lpc55s69_cm33_core0.o
                0x0000a028                Reserved42_IRQHandler
 .text.USB0_NEEDCLK_IRQHandler
                0x0000a030        0x8 ./startup/startup_lpc55s69_cm33_core0.o
                0x0000a030                USB0_NEEDCLK_IRQHandler
 .text.USB0_IRQHandler
                0x0000a038        0x8 ./startup/startup_lpc55s69_cm33_core0.o
                0x0000a038                USB0_IRQHandler
 .text.RTC_IRQHandler
                0x0000a040        0x8 ./startup/startup_lpc55s69_cm33_core0.o
                0x0000a040                RTC_IRQHandler
 .text.Reserved46_IRQHandler
                0x0000a048        0x8 ./startup/startup_lpc55s69_cm33_core0.o
                0x0000a048                Reserved46_IRQHandler
 .text.MAILBOX_IRQHandler
                0x0000a050        0x8 ./startup/startup_lpc55s69_cm33_core0.o
                0x0000a050                MAILBOX_IRQHandler
 .text.PIN_INT4_IRQHandler
                0x0000a058        0x8 ./startup/startup_lpc55s69_cm33_core0.o
                0x0000a058                PIN_INT4_IRQHandler
 .text.PIN_INT5_IRQHandler
                0x0000a060        0x8 ./startup/startup_lpc55s69_cm33_core0.o
                0x0000a060                PIN_INT5_IRQHandler
 .text.PIN_INT6_IRQHandler
                0x0000a068        0x8 ./startup/startup_lpc55s69_cm33_core0.o
                0x0000a068                PIN_INT6_IRQHandler
 .text.PIN_INT7_IRQHandler
                0x0000a070        0x8 ./startup/startup_lpc55s69_cm33_core0.o
                0x0000a070                PIN_INT7_IRQHandler
 .text.CTIMER2_IRQHandler
                0x0000a078        0x8 ./startup/startup_lpc55s69_cm33_core0.o
                0x0000a078                CTIMER2_IRQHandler
 .text.CTIMER4_IRQHandler
                0x0000a080        0x8 ./startup/startup_lpc55s69_cm33_core0.o
                0x0000a080                CTIMER4_IRQHandler
 .text.OS_EVENT_IRQHandler
                0x0000a088        0x8 ./startup/startup_lpc55s69_cm33_core0.o
                0x0000a088                OS_EVENT_IRQHandler
 .text.Reserved55_IRQHandler
                0x0000a090        0x8 ./startup/startup_lpc55s69_cm33_core0.o
                0x0000a090                Reserved55_IRQHandler
 .text.Reserved56_IRQHandler
                0x0000a098        0x8 ./startup/startup_lpc55s69_cm33_core0.o
                0x0000a098                Reserved56_IRQHandler
 .text.Reserved57_IRQHandler
                0x0000a0a0        0x8 ./startup/startup_lpc55s69_cm33_core0.o
                0x0000a0a0                Reserved57_IRQHandler
 .text.SDIO_IRQHandler
                0x0000a0a8        0x8 ./startup/startup_lpc55s69_cm33_core0.o
                0x0000a0a8                SDIO_IRQHandler
 .text.Reserved59_IRQHandler
                0x0000a0b0        0x8 ./startup/startup_lpc55s69_cm33_core0.o
                0x0000a0b0                Reserved59_IRQHandler
 .text.Reserved60_IRQHandler
                0x0000a0b8        0x8 ./startup/startup_lpc55s69_cm33_core0.o
                0x0000a0b8                Reserved60_IRQHandler
 .text.Reserved61_IRQHandler
                0x0000a0c0        0x8 ./startup/startup_lpc55s69_cm33_core0.o
                0x0000a0c0                Reserved61_IRQHandler
 .text.USB1_PHY_IRQHandler
                0x0000a0c8        0x8 ./startup/startup_lpc55s69_cm33_core0.o
                0x0000a0c8                USB1_PHY_IRQHandler
 .text.USB1_IRQHandler
                0x0000a0d0        0x8 ./startup/startup_lpc55s69_cm33_core0.o
                0x0000a0d0                USB1_IRQHandler
 .text.USB1_NEEDCLK_IRQHandler
                0x0000a0d8        0x8 ./startup/startup_lpc55s69_cm33_core0.o
                0x0000a0d8                USB1_NEEDCLK_IRQHandler
 .text.SEC_HYPERVISOR_CALL_IRQHandler
                0x0000a0e0        0x8 ./startup/startup_lpc55s69_cm33_core0.o
                0x0000a0e0                SEC_HYPERVISOR_CALL_IRQHandler
 .text.SEC_GPIO_INT0_IRQ0_IRQHandler
                0x0000a0e8        0x8 ./startup/startup_lpc55s69_cm33_core0.o
                0x0000a0e8                SEC_GPIO_INT0_IRQ0_IRQHandler
 .text.SEC_GPIO_INT0_IRQ1_IRQHandler
                0x0000a0f0        0x8 ./startup/startup_lpc55s69_cm33_core0.o
                0x0000a0f0                SEC_GPIO_INT0_IRQ1_IRQHandler
 .text.PLU_IRQHandler
                0x0000a0f8        0x8 ./startup/startup_lpc55s69_cm33_core0.o
                0x0000a0f8                PLU_IRQHandler
 .text.SEC_VIO_IRQHandler
                0x0000a100        0x8 ./startup/startup_lpc55s69_cm33_core0.o
                0x0000a100                SEC_VIO_IRQHandler
 .text.HASHCRYPT_IRQHandler
                0x0000a108        0x8 ./startup/startup_lpc55s69_cm33_core0.o
                0x0000a108                HASHCRYPT_IRQHandler
 .text.CASER_IRQHandler
                0x0000a110        0x8 ./startup/startup_lpc55s69_cm33_core0.o
                0x0000a110                CASER_IRQHandler
 .text.PUF_IRQHandler
                0x0000a118        0x8 ./startup/startup_lpc55s69_cm33_core0.o
                0x0000a118                PUF_IRQHandler
 .text.PQ_IRQHandler
                0x0000a120        0x8 ./startup/startup_lpc55s69_cm33_core0.o
                0x0000a120                PQ_IRQHandler
 .text.DMA1_IRQHandler
                0x0000a128        0x8 ./startup/startup_lpc55s69_cm33_core0.o
                0x0000a128                DMA1_IRQHandler
 .text.FLEXCOMM8_IRQHandler
                0x0000a130        0x8 ./startup/startup_lpc55s69_cm33_core0.o
                0x0000a130                FLEXCOMM8_IRQHandler
 .text.PQ_WaitDone
                0x0000a138       0x2a ./source/ZPSW_Projekt_Mikrofony.o
 .text.compare_elements
                0x0000a162       0x66 ./source/ZPSW_Projekt_Mikrofony.o
                0x0000a162                compare_elements
 .text.GPIO_PinWrite
                0x0000a1c8       0x2a ./source/lcd.o
 .text.Driver_Delay_ms
                0x0000a1f2       0x30 ./source/lcd.o
                0x0000a1f2                Driver_Delay_ms
 .text.LCD_InitReg
                0x0000a222      0x1d0 ./source/lcd.o
 .text.LCD_SetHome
                0x0000a3f2       0x4a ./source/lcd.o
                0x0000a3f2                LCD_SetHome
 .text.LCD_Draw_Line
                0x0000a43c      0x194 ./source/lcd.o
                0x0000a43c                LCD_Draw_Line
 .text.HardFault_Handler
                0x0000a5d0       0x2c ./source/semihost_hardfault.o
                0x0000a5d0                HardFault_Handler
 .text.CLOCK_IsPLL0Locked
                0x0000a5fc       0x24 ./drivers/fsl_clock.o
 .text.findPll0PreDiv
                0x0000a620       0x3e ./drivers/fsl_clock.o
 .text.DelayLoop
                0x0000a65e       0x20 ./drivers/fsl_common.o
 .text.CLOCK_EnableClock
                0x0000a67e       0x30 ./drivers/fsl_ctimer.o
 .text.EnableIRQ
                0x0000a6ae       0x32 ./drivers/fsl_ctimer.o
 .text.CTIMER_GetStatusFlags
                0x0000a6e0       0x18 ./drivers/fsl_ctimer.o
 .text.CTIMER_ClearStatusFlags
                0x0000a6f8       0x1c ./drivers/fsl_ctimer.o
 .text.CTIMER0_DriverIRQHandler
                0x0000a714        0xe ./drivers/fsl_ctimer.o
                0x0000a714                CTIMER0_DriverIRQHandler
 .text.CTIMER1_DriverIRQHandler
                0x0000a722        0xe ./drivers/fsl_ctimer.o
                0x0000a722                CTIMER1_DriverIRQHandler
 .text.CTIMER2_DriverIRQHandler
                0x0000a730        0xe ./drivers/fsl_ctimer.o
                0x0000a730                CTIMER2_DriverIRQHandler
 .text.CTIMER3_DriverIRQHandler
                0x0000a73e        0xe ./drivers/fsl_ctimer.o
                0x0000a73e                CTIMER3_DriverIRQHandler
 .text.CTIMER4_DriverIRQHandler
                0x0000a74c        0xe ./drivers/fsl_ctimer.o
                0x0000a74c                CTIMER4_DriverIRQHandler
 .text.CLOCK_EnableClock
                0x0000a75a       0x30 ./drivers/fsl_flexcomm.o
 .text.FLEXCOMM_PeripheralIsPresent
                0x0000a78a       0x64 ./drivers/fsl_flexcomm.o
 .text.FLEXCOMM_SetPeriph
                0x0000a7ee       0x74 ./drivers/fsl_flexcomm.o
 .text.CLOCK_EnableClock
                0x0000a862       0x30 ./drivers/fsl_gpio.o
 .text.GPIO_PinInit
                0x0000a892       0xa4 ./drivers/fsl_gpio.o
                0x0000a892                GPIO_PinInit
 .text.CLOCK_EnableClock
                0x0000a936       0x30 ./drivers/fsl_lpadc.o
 .text.LPADC_Enable
                0x0000a966       0x38 ./drivers/fsl_lpadc.o
 .text.LPADC_DoResetFIFO0
                0x0000a99e       0x20 ./drivers/fsl_lpadc.o
 .text.LPADC_DoResetFIFO1
                0x0000a9be       0x20 ./drivers/fsl_lpadc.o
 .text.LPADC_DoResetConfig
                0x0000a9de       0x2c ./drivers/fsl_lpadc.o
 .text.LPADC_GetConvResultCount
                0x0000aa0a       0x26 ./drivers/fsl_lpadc.o
 .text.CLOCK_EnableClock
                0x0000aa30       0x30 ./drivers/fsl_powerquad_basic.o
 .text.RESET_PeripheralReset
                0x0000aa60       0x1c ./drivers/fsl_reset.o
                0x0000aa60                RESET_PeripheralReset
 .text.SPI_Enable
                0x0000aa7c       0x40 ./drivers/fsl_spi.o
 .text.USART_EnableContinuousSCLK
                0x0000aabc       0x38 ./drivers/fsl_usart.o
 .text.SystemInitHook
                0x0000aaf4        0xe ./device/system_LPC55S69_cm33_core0.o
                0x0000aaf4                SystemInitHook
 .text.HAL_UartGetStatus
                0x0000ab02       0x22 ./component/uart/fsl_adapter_usart.o
 .text.DisableGlobalIRQ
                0x0000ab24       0x22 ./component/serial_manager/fsl_component_serial_manager.o
 .text.EnableGlobalIRQ
                0x0000ab46       0x20 ./component/serial_manager/fsl_component_serial_manager.o
 .text.SerialManager_Init
                0x0000ab66       0x60 ./component/serial_manager/fsl_component_serial_manager.o
                0x0000ab66                SerialManager_Init
 .text.SerialManager_OpenWriteHandle
                0x0000abc6       0x50 ./component/serial_manager/fsl_component_serial_manager.o
                0x0000abc6                SerialManager_OpenWriteHandle
 .text.SerialManager_OpenReadHandle
                0x0000ac16       0x60 ./component/serial_manager/fsl_component_serial_manager.o
                0x0000ac16                SerialManager_OpenReadHandle
 .text.Serial_UartInit
                0x0000ac76       0x3e ./component/serial_manager/fsl_component_serial_port_uart.o
                0x0000ac76                Serial_UartInit
 .text.BOARD_InitBootClocks
                0x0000acb4        0xc ./board/clock_config.o
                0x0000acb4                BOARD_InitBootClocks
 .text.EnableIRQ
                0x0000acc0       0x32 ./board/peripherals.o
 .text.LPADC_EnableInterrupts
                0x0000acf2       0x22 ./board/peripherals.o
 .text.CTIMER_StartTimer
                0x0000ad14       0x20 ./board/peripherals.o
 .text.BOARD_InitPeripherals
                0x0000ad34       0x14 ./board/peripherals.o
                0x0000ad34                BOARD_InitPeripherals
 .text.BOARD_InitBootPeripherals
                0x0000ad48        0xc ./board/peripherals.o
                0x0000ad48                BOARD_InitBootPeripherals
 .text.CLOCK_EnableClock
                0x0000ad54       0x30 ./board/pin_mux.o
 .text.IOCON_PinMuxSet
                0x0000ad84       0x2e ./board/pin_mux.o
 .text.BOARD_InitBootPins
                0x0000adb2        0xc ./board/pin_mux.o
                0x0000adb2                BOARD_InitBootPins
 .text._exit    0x0000adbe        0x8 c:/nxp/mcuxpressoide_11.8.0_1165/ide/plugins/com.nxp.mcuxpresso.tools.win32_11.8.0.202306131047/tools/bin/../lib/gcc/arm-none-eabi/12.2.1/../../../../arm-none-eabi/lib/thumb/v8-m.main+fp/hard\libcr_newlib_semihost.a(_exit.o)
                0x0000adbe                _exit
 .text.error    0x0000adc6       0x1c c:/nxp/mcuxpressoide_11.8.0_1165/ide/plugins/com.nxp.mcuxpresso.tools.win32_11.8.0.202306131047/tools/bin/../lib/gcc/arm-none-eabi/12.2.1/../../../../arm-none-eabi/lib/thumb/v8-m.main+fp/hard\libcr_newlib_semihost.a(syscalls.o)
 .text.checkerror
                0x0000ade2        0xa c:/nxp/mcuxpressoide_11.8.0_1165/ide/plugins/com.nxp.mcuxpresso.tools.win32_11.8.0.202306131047/tools/bin/../lib/gcc/arm-none-eabi/12.2.1/../../../../arm-none-eabi/lib/thumb/v8-m.main+fp/hard\libcr_newlib_semihost.a(syscalls.o)
 .text._swiread
                0x0000adec       0x20 c:/nxp/mcuxpressoide_11.8.0_1165/ide/plugins/com.nxp.mcuxpresso.tools.win32_11.8.0.202306131047/tools/bin/../lib/gcc/arm-none-eabi/12.2.1/../../../../arm-none-eabi/lib/thumb/v8-m.main+fp/hard\libcr_newlib_semihost.a(syscalls.o)
                0x0000adec                _swiread
 .text._read    0x0000ae0c       0x34 c:/nxp/mcuxpressoide_11.8.0_1165/ide/plugins/com.nxp.mcuxpresso.tools.win32_11.8.0.202306131047/tools/bin/../lib/gcc/arm-none-eabi/12.2.1/../../../../arm-none-eabi/lib/thumb/v8-m.main+fp/hard\libcr_newlib_semihost.a(syscalls.o)
                0x0000ae0c                _read
 .text._swilseek
                0x0000ae40       0x78 c:/nxp/mcuxpressoide_11.8.0_1165/ide/plugins/com.nxp.mcuxpresso.tools.win32_11.8.0.202306131047/tools/bin/../lib/gcc/arm-none-eabi/12.2.1/../../../../arm-none-eabi/lib/thumb/v8-m.main+fp/hard\libcr_newlib_semihost.a(syscalls.o)
                0x0000ae40                _swilseek
 .text._lseek   0x0000aeb8        0x4 c:/nxp/mcuxpressoide_11.8.0_1165/ide/plugins/com.nxp.mcuxpresso.tools.win32_11.8.0.202306131047/tools/bin/../lib/gcc/arm-none-eabi/12.2.1/../../../../arm-none-eabi/lib/thumb/v8-m.main+fp/hard\libcr_newlib_semihost.a(syscalls.o)
                0x0000aeb8                _lseek
 .text._swiwrite
                0x0000aebc       0x20 c:/nxp/mcuxpressoide_11.8.0_1165/ide/plugins/com.nxp.mcuxpresso.tools.win32_11.8.0.202306131047/tools/bin/../lib/gcc/arm-none-eabi/12.2.1/../../../../arm-none-eabi/lib/thumb/v8-m.main+fp/hard\libcr_newlib_semihost.a(syscalls.o)
                0x0000aebc                _swiwrite
 .text._write   0x0000aedc       0x40 c:/nxp/mcuxpressoide_11.8.0_1165/ide/plugins/com.nxp.mcuxpresso.tools.win32_11.8.0.202306131047/tools/bin/../lib/gcc/arm-none-eabi/12.2.1/../../../../arm-none-eabi/lib/thumb/v8-m.main+fp/hard\libcr_newlib_semihost.a(syscalls.o)
                0x0000aedc                _write
 .text._swiclose
                0x0000af1c       0x1a c:/nxp/mcuxpressoide_11.8.0_1165/ide/plugins/com.nxp.mcuxpresso.tools.win32_11.8.0.202306131047/tools/bin/../lib/gcc/arm-none-eabi/12.2.1/../../../../arm-none-eabi/lib/thumb/v8-m.main+fp/hard\libcr_newlib_semihost.a(syscalls.o)
                0x0000af1c                _swiclose
 .text._getpid  0x0000af36        0x4 c:/nxp/mcuxpressoide_11.8.0_1165/ide/plugins/com.nxp.mcuxpresso.tools.win32_11.8.0.202306131047/tools/bin/../lib/gcc/arm-none-eabi/12.2.1/../../../../arm-none-eabi/lib/thumb/v8-m.main+fp/hard\libcr_newlib_semihost.a(syscalls.o)
                0x0000af36                _getpid
 .text._swistat
                0x0000af3a       0x42 c:/nxp/mcuxpressoide_11.8.0_1165/ide/plugins/com.nxp.mcuxpresso.tools.win32_11.8.0.202306131047/tools/bin/../lib/gcc/arm-none-eabi/12.2.1/../../../../arm-none-eabi/lib/thumb/v8-m.main+fp/hard\libcr_newlib_semihost.a(syscalls.o)
                0x0000af3a                _swistat
 .text._fstat   0x0000af7c       0x1c c:/nxp/mcuxpressoide_11.8.0_1165/ide/plugins/com.nxp.mcuxpresso.tools.win32_11.8.0.202306131047/tools/bin/../lib/gcc/arm-none-eabi/12.2.1/../../../../arm-none-eabi/lib/thumb/v8-m.main+fp/hard\libcr_newlib_semihost.a(syscalls.o)
                0x0000af7c                _fstat
 .text._isatty  0x0000af98       0x2a c:/nxp/mcuxpressoide_11.8.0_1165/ide/plugins/com.nxp.mcuxpresso.tools.win32_11.8.0.202306131047/tools/bin/../lib/gcc/arm-none-eabi/12.2.1/../../../../arm-none-eabi/lib/thumb/v8-m.main+fp/hard\libcr_newlib_semihost.a(syscalls.o)
                0x0000af98                _isatty
 *(SORT_BY_ALIGNMENT(.rodata) SORT_BY_ALIGNMENT(.rodata.*) SORT_BY_ALIGNMENT(.constdata) SORT_BY_ALIGNMENT(.constdata.*))
 *fill*         0x0000afc2        0x6 ff
 .rodata.PIo2   0x0000afc8       0x40 c:/nxp/mcuxpressoide_11.8.0_1165/ide/plugins/com.nxp.mcuxpresso.tools.win32_11.8.0.202306131047/tools/bin/../lib/gcc/arm-none-eabi/12.2.1/thumb/v8-m.main+fp/hard\libm.a(libm_a-k_rem_pio2.o)
 .rodata.SDK_DelayAtLeastUs.str1.4
                0x0000b008       0x38 ./drivers/fsl_common.o
 .rodata.__func__.0
                0x0000b040       0x13 ./drivers/fsl_common.o
 *fill*         0x0000b053        0x1 ff
 .rodata.s_ctimerBases
                0x0000b054       0x14 ./drivers/fsl_ctimer.o
 .rodata.s_ctimerClocks
                0x0000b068        0xa ./drivers/fsl_ctimer.o
 *fill*         0x0000b072        0x2 ff
 .rodata.s_ctimerResets
                0x0000b074       0x14 ./drivers/fsl_ctimer.o
 .rodata.s_ctimerIRQ
                0x0000b088        0x5 ./drivers/fsl_ctimer.o
 *fill*         0x0000b08d        0x3 ff
 .rodata.CTIMER_GetInstance.str1.4
                0x0000b090       0x29 ./drivers/fsl_ctimer.o
 *fill*         0x0000b0b9        0x3 ff
 .rodata.CTIMER_Init.str1.4
                0x0000b0bc        0xf ./drivers/fsl_ctimer.o
 *fill*         0x0000b0cb        0x1 ff
 .rodata.__func__.3
                0x0000b0cc       0x13 ./drivers/fsl_ctimer.o
 *fill*         0x0000b0df        0x1 ff
 .rodata.__func__.2
                0x0000b0e0        0xc ./drivers/fsl_ctimer.o
 .rodata.s_flexcommBaseAddrs
                0x0000b0ec       0x24 ./drivers/fsl_flexcomm.o
 .rodata.s_flexcommClocks
                0x0000b110       0x12 ./drivers/fsl_flexcomm.o
 *fill*         0x0000b122        0x2 ff
 .rodata.s_flexcommResets
                0x0000b124       0x24 ./drivers/fsl_flexcomm.o
 .rodata.FLEXCOMM_GetInstance.str1.4
                0x0000b148       0x3f ./drivers/fsl_flexcomm.o
 *fill*         0x0000b187        0x1 ff
 .rodata.FLEXCOMM0_DriverIRQHandler.str1.4
                0x0000b188       0x18 ./drivers/fsl_flexcomm.o
 .rodata.FLEXCOMM1_DriverIRQHandler.str1.4
                0x0000b1a0       0x18 ./drivers/fsl_flexcomm.o
 .rodata.FLEXCOMM2_DriverIRQHandler.str1.4
                0x0000b1b8       0x18 ./drivers/fsl_flexcomm.o
 .rodata.FLEXCOMM3_DriverIRQHandler.str1.4
                0x0000b1d0       0x18 ./drivers/fsl_flexcomm.o
 .rodata.FLEXCOMM4_DriverIRQHandler.str1.4
                0x0000b1e8       0x18 ./drivers/fsl_flexcomm.o
 .rodata.FLEXCOMM5_DriverIRQHandler.str1.4
                0x0000b200       0x18 ./drivers/fsl_flexcomm.o
 .rodata.FLEXCOMM6_DriverIRQHandler.str1.4
                0x0000b218       0x18 ./drivers/fsl_flexcomm.o
 .rodata.FLEXCOMM7_DriverIRQHandler.str1.4
                0x0000b230       0x18 ./drivers/fsl_flexcomm.o
 .rodata.FLEXCOMM8_DriverIRQHandler.str1.4
                0x0000b248       0x18 ./drivers/fsl_flexcomm.o
 .rodata.__func__.9
                0x0000b260       0x15 ./drivers/fsl_flexcomm.o
 *fill*         0x0000b275        0x3 ff
 .rodata.__func__.8
                0x0000b278       0x1b ./drivers/fsl_flexcomm.o
 *fill*         0x0000b293        0x1 ff
 .rodata.__func__.7
                0x0000b294       0x1b ./drivers/fsl_flexcomm.o
 *fill*         0x0000b2af        0x1 ff
 .rodata.__func__.6
                0x0000b2b0       0x1b ./drivers/fsl_flexcomm.o
 *fill*         0x0000b2cb        0x1 ff
 .rodata.__func__.5
                0x0000b2cc       0x1b ./drivers/fsl_flexcomm.o
 *fill*         0x0000b2e7        0x1 ff
 .rodata.__func__.4
                0x0000b2e8       0x1b ./drivers/fsl_flexcomm.o
 *fill*         0x0000b303        0x1 ff
 .rodata.__func__.3
                0x0000b304       0x1b ./drivers/fsl_flexcomm.o
 *fill*         0x0000b31f        0x1 ff
 .rodata.__func__.2
                0x0000b320       0x1b ./drivers/fsl_flexcomm.o
 *fill*         0x0000b33b        0x1 ff
 .rodata.__func__.1
                0x0000b33c       0x1b ./drivers/fsl_flexcomm.o
 *fill*         0x0000b357        0x1 ff
 .rodata.__func__.0
                0x0000b358       0x1b ./drivers/fsl_flexcomm.o
 *fill*         0x0000b373        0x1 ff
 .rodata.s_gpioClockName
                0x0000b374        0x8 ./drivers/fsl_gpio.o
 .rodata.GPIO_EnablePortClock.str1.4
                0x0000b37c       0x2f ./drivers/fsl_gpio.o
 *fill*         0x0000b3ab        0x1 ff
 .rodata.__func__.0
                0x0000b3ac       0x15 ./drivers/fsl_gpio.o
 *fill*         0x0000b3c1        0x3 ff
 .rodata.LPADC_GetInstance.str1.4
                0x0000b3c4       0x30 ./drivers/fsl_lpadc.o
 .rodata.LPADC_Init.str1.4
                0x0000b3f4        0xf ./drivers/fsl_lpadc.o
 .rodata.LPADC_GetConvResult.str1.4
                0x0000b3f4        0xf ./drivers/fsl_lpadc.o
 *fill*         0x0000b403        0x1 ff
 .rodata.LPADC_SetConvTriggerConfig.str1.4
                0x0000b404       0x1c ./drivers/fsl_lpadc.o
 .rodata.LPADC_SetConvCommandConfig.str1.4
                0x0000b420       0x3d ./drivers/fsl_lpadc.o
 *fill*         0x0000b45d        0x3 ff
 .rodata.LPADC_DoAutoCalibration.str1.4
                0x0000b460       0x57 ./drivers/fsl_lpadc.o
 *fill*         0x0000b4b7        0x1 ff
 .rodata.__func__.7
                0x0000b4b8       0x12 ./drivers/fsl_lpadc.o
 *fill*         0x0000b4ca        0x2 ff
 .rodata.__func__.6
                0x0000b4cc        0xb ./drivers/fsl_lpadc.o
 *fill*         0x0000b4d7        0x1 ff
 .rodata.__func__.5
                0x0000b4d8       0x14 ./drivers/fsl_lpadc.o
 .rodata.__func__.4
                0x0000b4ec       0x1b ./drivers/fsl_lpadc.o
 *fill*         0x0000b507        0x1 ff
 .rodata.__func__.2
                0x0000b508       0x1b ./drivers/fsl_lpadc.o
 *fill*         0x0000b523        0x1 ff
 .rodata.__func__.0
                0x0000b524       0x18 ./drivers/fsl_lpadc.o
 .rodata.PQ_SetConfig.str1.4
                0x0000b53c       0x26 ./drivers/fsl_powerquad_basic.o
 *fill*         0x0000b562        0x2 ff
 .rodata.__func__.0
                0x0000b564        0xd ./drivers/fsl_powerquad_basic.o
 *fill*         0x0000b571        0x3 ff
 .rodata.PQ_TransformCFFT.str1.4
                0x0000b574       0x3c ./drivers/fsl_powerquad_transform.o
 .rodata.__func__.5
                0x0000b5b0       0x11 ./drivers/fsl_powerquad_transform.o
 *fill*         0x0000b5c1        0x3 ff
 .rodata.RESET_SetPeripheralReset.str1.4
                0x0000b5c4       0x1c ./drivers/fsl_reset.o
 .rodata.__func__.1
                0x0000b5e0       0x19 ./drivers/fsl_reset.o
 *fill*         0x0000b5f9        0x3 ff
 .rodata.__func__.0
                0x0000b5fc       0x1b ./drivers/fsl_reset.o
 *fill*         0x0000b617        0x1 ff
 .rodata.SPI_SetTransferDelay.str1.4
                0x0000b618       0x1a ./drivers/fsl_spi.o
                                 0x2b (size before relaxing)
 *fill*         0x0000b632        0x2 ff
 .rodata.s_spiBaseAddrs
                0x0000b634       0x24 ./drivers/fsl_spi.o
 .rodata.SPI_GetInstance.str1.4
                0x0000b658       0x32 ./drivers/fsl_spi.o
 *fill*         0x0000b68a        0x2 ff
 .rodata.SPI_MasterInit.str1.4
                0x0000b68c       0x3d ./drivers/fsl_spi.o
 *fill*         0x0000b6c9        0x3 ff
 .rodata.SPI_MasterSetBaud.str1.4
                0x0000b6cc       0x41 ./drivers/fsl_spi.o
 *fill*         0x0000b70d        0x3 ff
 .rodata.__func__.17
                0x0000b710       0x10 ./drivers/fsl_spi.o
 .rodata.__func__.15
                0x0000b720        0xf ./drivers/fsl_spi.o
 *fill*         0x0000b72f        0x1 ff
 .rodata.__func__.14
                0x0000b730       0x15 ./drivers/fsl_spi.o
 *fill*         0x0000b745        0x3 ff
 .rodata.__func__.10
                0x0000b748       0x12 ./drivers/fsl_spi.o
 *fill*         0x0000b75a        0x2 ff
 .rodata.USART_GetInstance.str1.4
                0x0000b75c       0x38 ./drivers/fsl_usart.o
 .rodata.USART_Init.str1.4
                0x0000b794       0x3d ./drivers/fsl_usart.o
 .rodata.USART_GetDefaultConfig.str1.4
                0x0000b794        0xf ./drivers/fsl_usart.o
 .rodata.USART_SetBaudRate.str1.4
                0x0000b794       0x41 ./drivers/fsl_usart.o
 .rodata.__func__.15
                0x0000b794        0xb ./drivers/fsl_usart.o
 *fill*         0x0000b79f        0x1 ff
 .rodata.__func__.13
                0x0000b7a0       0x17 ./drivers/fsl_usart.o
 *fill*         0x0000b7b7        0x1 ff
 .rodata.__func__.12
                0x0000b7b8       0x12 ./drivers/fsl_usart.o
 *fill*         0x0000b7ca        0x2 ff
 .rodata.s_UsartAdapterBase
                0x0000b7cc       0x20 ./component/uart/fsl_adapter_usart.o
 .rodata.HAL_UartInit.str1.4
                0x0000b7ec       0x89 ./component/uart/fsl_adapter_usart.o
                                 0x91 (size before relaxing)
 *fill*         0x0000b875        0x3 ff
 .rodata.__func__.5
                0x0000b878        0xd ./component/uart/fsl_adapter_usart.o
 *fill*         0x0000b885        0x3 ff
 .rodata.ADC0_config
                0x0000b888       0x18 ./board/peripherals.o
                0x0000b888                ADC0_config
 .rodata.CTIMER0_config
                0x0000b8a0        0x8 ./board/peripherals.o
                0x0000b8a0                CTIMER0_config
 .rodata.CTIMER0_Match_3_config
                0x0000b8a8        0xc ./board/peripherals.o
                0x0000b8a8                CTIMER0_Match_3_config
 .rodata.FLEXCOMM3_config
                0x0000b8b4       0x18 ./board/peripherals.o
                0x0000b8b4                FLEXCOMM3_config
 .rodata        0x0000b8cc        0x2 ./board/pin_mux.o
 *fill*         0x0000b8ce        0x2 ff
 .rodata.arm_cfft_sR_f32_len512
                0x0000b8d0       0x10 D:\Programowanie\MCUXpresso\ZPSW_Projekt_Mikrofony\libs\libarm_ARMv8MMLldfsp_math.a(arm_const_structs.o)
                0x0000b8d0                arm_cfft_sR_f32_len512
 .rodata.armBitRevIndexTable512
                0x0000b8e0      0x380 D:\Programowanie\MCUXpresso\ZPSW_Projekt_Mikrofony\libs\libarm_ARMv8MMLldfsp_math.a(arm_common_tables.o)
                0x0000b8e0                armBitRevIndexTable512
 .rodata.twiddleCoef_512
                0x0000bc60     0x1000 D:\Programowanie\MCUXpresso\ZPSW_Projekt_Mikrofony\libs\libarm_ARMv8MMLldfsp_math.a(arm_common_tables.o)
                0x0000bc60                twiddleCoef_512
 .rodata.__assert_func.str1.4
                0x0000cc60       0x3f c:/nxp/mcuxpressoide_11.8.0_1165/ide/plugins/com.nxp.mcuxpresso.tools.win32_11.8.0.202306131047/tools/bin/../lib/gcc/arm-none-eabi/12.2.1/thumb/v8-m.main+fp/hard\libc.a(libc_a-assert.o)
                                 0x43 (size before relaxing)
 *fill*         0x0000cc9f        0x1 ff
 .rodata._ctype_
                0x0000cca0      0x101 c:/nxp/mcuxpressoide_11.8.0_1165/ide/plugins/com.nxp.mcuxpresso.tools.win32_11.8.0.202306131047/tools/bin/../lib/gcc/arm-none-eabi/12.2.1/thumb/v8-m.main+fp/hard\libc.a(libc_a-ctype_.o)
                0x0000cca0                _ctype_
 *fill*         0x0000cda1        0x3 ff
 .rodata._vfiprintf_r.str1.4
                0x0000cda4       0x2f c:/nxp/mcuxpressoide_11.8.0_1165/ide/plugins/com.nxp.mcuxpresso.tools.win32_11.8.0.202306131047/tools/bin/../lib/gcc/arm-none-eabi/12.2.1/thumb/v8-m.main+fp/hard\libc.a(libc_a-vfiprintf.o)
 *fill*         0x0000cdd3        0x1 ff
 .rodata.zeroes.0
                0x0000cdd4       0x10 c:/nxp/mcuxpressoide_11.8.0_1165/ide/plugins/com.nxp.mcuxpresso.tools.win32_11.8.0.202306131047/tools/bin/../lib/gcc/arm-none-eabi/12.2.1/thumb/v8-m.main+fp/hard\libc.a(libc_a-vfiprintf.o)
 .rodata.blanks.1
                0x0000cde4       0x10 c:/nxp/mcuxpressoide_11.8.0_1165/ide/plugins/com.nxp.mcuxpresso.tools.win32_11.8.0.202306131047/tools/bin/../lib/gcc/arm-none-eabi/12.2.1/thumb/v8-m.main+fp/hard\libc.a(libc_a-vfiprintf.o)
 .rodata.str1.4
                0x0000cdf4       0x48 c:/nxp/mcuxpressoide_11.8.0_1165/ide/plugins/com.nxp.mcuxpresso.tools.win32_11.8.0.202306131047/tools/bin/../lib/gcc/arm-none-eabi/12.2.1/thumb/v8-m.main+fp/hard\libc.a(libc_a-locale.o)
                                 0x4c (size before relaxing)
 .rodata.npio2_hw
                0x0000ce3c       0x80 c:/nxp/mcuxpressoide_11.8.0_1165/ide/plugins/com.nxp.mcuxpresso.tools.win32_11.8.0.202306131047/tools/bin/../lib/gcc/arm-none-eabi/12.2.1/thumb/v8-m.main+fp/hard\libm.a(libm_a-e_rem_pio2.o)
 .rodata.two_over_pi
                0x0000cebc      0x108 c:/nxp/mcuxpressoide_11.8.0_1165/ide/plugins/com.nxp.mcuxpresso.tools.win32_11.8.0.202306131047/tools/bin/../lib/gcc/arm-none-eabi/12.2.1/thumb/v8-m.main+fp/hard\libm.a(libm_a-e_rem_pio2.o)
 .rodata.init_jk
                0x0000cfc4       0x10 c:/nxp/mcuxpressoide_11.8.0_1165/ide/plugins/com.nxp.mcuxpresso.tools.win32_11.8.0.202306131047/tools/bin/../lib/gcc/arm-none-eabi/12.2.1/thumb/v8-m.main+fp/hard\libm.a(libm_a-k_rem_pio2.o)
 .rodata.initialise_monitor_handles.part.0.str1.1
                0x0000cfd4        0x4 c:/nxp/mcuxpressoide_11.8.0_1165/ide/plugins/com.nxp.mcuxpresso.tools.win32_11.8.0.202306131047/tools/bin/../lib/gcc/arm-none-eabi/12.2.1/../../../../arm-none-eabi/lib/thumb/v8-m.main+fp/hard\libcr_newlib_semihost.a(syscalls.o)
                0x0000cfd8                . = ALIGN (0x4)

.glue_7         0x0000cfd8        0x0
 .glue_7        0x0000cfd8        0x0 linker stubs

.glue_7t        0x0000cfd8        0x0
 .glue_7t       0x0000cfd8        0x0 linker stubs

.vfp11_veneer   0x0000cfd8        0x0
 .vfp11_veneer  0x0000cfd8        0x0 linker stubs

.v4_bx          0x0000cfd8        0x0
 .v4_bx         0x0000cfd8        0x0 linker stubs

.iplt           0x0000cfd8        0x0
 .iplt          0x0000cfd8        0x0 ./utilities/fsl_debug_console.o

.ARM.extab
 *(SORT_BY_ALIGNMENT(.ARM.extab*) SORT_BY_ALIGNMENT(.gnu.linkonce.armextab.*))

.ARM.exidx      0x0000cfd8        0x8
                0x0000cfd8                __exidx_start = .
 *(SORT_BY_ALIGNMENT(.ARM.exidx*) SORT_BY_ALIGNMENT(.gnu.linkonce.armexidx.*))
 .ARM.exidx.text.__udivmoddi4
                0x0000cfd8        0x8 c:/nxp/mcuxpressoide_11.8.0_1165/ide/plugins/com.nxp.mcuxpresso.tools.win32_11.8.0.202306131047/tools/bin/../lib/gcc/arm-none-eabi/12.2.1/thumb/v8-m.main+fp/hard\libgcc.a(_udivmoddi4.o)
                0x0000cfe0                __exidx_end = .
                0x0000cfe0                _etext = .

.rel.dyn        0x0000cfe0        0x0
 .rel.iplt      0x0000cfe0        0x0 ./utilities/fsl_debug_console.o

.m_usb_data
 *(SORT_BY_ALIGNMENT(m_usb_global))

.data_RAM2      0x20040000        0x0 load address 0x0000cfe0
 FILL mask 0xff
                [!provide]                PROVIDE (__start_data_RAM2 = .)
                [!provide]                PROVIDE (__start_data_SRAM4 = .)
 *(SORT_BY_ALIGNMENT(.ramfunc.$RAM2))
 *(SORT_BY_ALIGNMENT(.ramfunc.$SRAM4))
 *(SORT_BY_ALIGNMENT(.data.$RAM2))
 *(SORT_BY_ALIGNMENT(.data.$SRAM4))
 *(SORT_BY_ALIGNMENT(.data.$RAM2.*))
 *(SORT_BY_ALIGNMENT(.data.$SRAM4.*))
                0x20040000                . = ALIGN (0x4)
                [!provide]                PROVIDE (__end_data_RAM2 = .)
                [!provide]                PROVIDE (__end_data_SRAM4 = .)

.data_RAM3      0x04000000        0x0 load address 0x0000cfe0
 FILL mask 0xff
                [!provide]                PROVIDE (__start_data_RAM3 = .)
                [!provide]                PROVIDE (__start_data_SRAMX = .)
 *(SORT_BY_ALIGNMENT(.ramfunc.$RAM3))
 *(SORT_BY_ALIGNMENT(.ramfunc.$SRAMX))
 *(SORT_BY_ALIGNMENT(.data.$RAM3))
 *(SORT_BY_ALIGNMENT(.data.$SRAMX))
 *(SORT_BY_ALIGNMENT(.data.$RAM3.*))
 *(SORT_BY_ALIGNMENT(.data.$SRAMX.*))
                0x04000000                . = ALIGN (0x4)
                [!provide]                PROVIDE (__end_data_RAM3 = .)
                [!provide]                PROVIDE (__end_data_SRAMX = .)

.data_RAM4      0x40100000        0x0 load address 0x0000cfe0
 FILL mask 0xff
                [!provide]                PROVIDE (__start_data_RAM4 = .)
                [!provide]                PROVIDE (__start_data_USB_RAM = .)
 *(SORT_BY_ALIGNMENT(.ramfunc.$RAM4))
 *(SORT_BY_ALIGNMENT(.ramfunc.$USB_RAM))
 *(SORT_BY_ALIGNMENT(.data.$RAM4))
 *(SORT_BY_ALIGNMENT(.data.$USB_RAM))
 *(SORT_BY_ALIGNMENT(.data.$RAM4.*))
 *(SORT_BY_ALIGNMENT(.data.$USB_RAM.*))
                0x40100000                . = ALIGN (0x4)
                [!provide]                PROVIDE (__end_data_RAM4 = .)
                [!provide]                PROVIDE (__end_data_USB_RAM = .)

.uninit_RESERVED
                0x20000000        0x0
                0x20000000                _start_uninit_RESERVED = .
 *(SORT_BY_ALIGNMENT(.bss.$RESERVED*))
                0x20000000                . = ALIGN (0x4)
                0x20000000                _end_uninit_RESERVED = .

.data           0x20000000      0x6ec load address 0x0000cfe0
 FILL mask 0xff
                0x20000000                _data = .
                [!provide]                PROVIDE (__start_data_RAM = .)
                [!provide]                PROVIDE (__start_data_SRAM = .)
 *(SORT_BY_ALIGNMENT(vtable))
 *(SORT_BY_ALIGNMENT(.ramfunc*))
 *(SORT_BY_ALIGNMENT(CodeQuickAccess))
 *(SORT_BY_ALIGNMENT(DataQuickAccess))
 *(SORT_BY_ALIGNMENT(RamFunction))
 *(SORT_BY_ALIGNMENT(.data*))
 .data.__malloc_av_
                0x20000000      0x408 c:/nxp/mcuxpressoide_11.8.0_1165/ide/plugins/com.nxp.mcuxpresso.tools.win32_11.8.0.202306131047/tools/bin/../lib/gcc/arm-none-eabi/12.2.1/thumb/v8-m.main+fp/hard\libc.a(libc_a-mallocr.o)
                0x20000000                __malloc_av_
 .data._impure_data
                0x20000408      0x120 c:/nxp/mcuxpressoide_11.8.0_1165/ide/plugins/com.nxp.mcuxpresso.tools.win32_11.8.0.202306131047/tools/bin/../lib/gcc/arm-none-eabi/12.2.1/thumb/v8-m.main+fp/hard\libc.a(libc_a-impure.o)
                0x20000408                _impure_data
 .data.s_Ext_Clk_Freq
                0x20000528        0x4 ./drivers/fsl_clock.o
 .data.SystemCoreClock
                0x2000052c        0x4 ./device/system_LPC55S69_cm33_core0.o
                0x2000052c                SystemCoreClock
 .data.ADC0_commandsConfig
                0x20000530       0x24 ./board/peripherals.o
                0x20000530                ADC0_commandsConfig
 .data.ADC0_triggersConfig
                0x20000554       0x10 ./board/peripherals.o
                0x20000554                ADC0_triggersConfig
 .data.__malloc_sbrk_base
                0x20000564        0x4 c:/nxp/mcuxpressoide_11.8.0_1165/ide/plugins/com.nxp.mcuxpresso.tools.win32_11.8.0.202306131047/tools/bin/../lib/gcc/arm-none-eabi/12.2.1/thumb/v8-m.main+fp/hard\libc.a(libc_a-mallocr.o)
                0x20000564                __malloc_sbrk_base
 .data.__malloc_trim_threshold
                0x20000568        0x4 c:/nxp/mcuxpressoide_11.8.0_1165/ide/plugins/com.nxp.mcuxpresso.tools.win32_11.8.0.202306131047/tools/bin/../lib/gcc/arm-none-eabi/12.2.1/thumb/v8-m.main+fp/hard\libc.a(libc_a-mallocr.o)
                0x20000568                __malloc_trim_threshold
 .data.__sglue  0x2000056c        0xc c:/nxp/mcuxpressoide_11.8.0_1165/ide/plugins/com.nxp.mcuxpresso.tools.win32_11.8.0.202306131047/tools/bin/../lib/gcc/arm-none-eabi/12.2.1/thumb/v8-m.main+fp/hard\libc.a(libc_a-findfp.o)
                0x2000056c                __sglue
 .data.__global_locale
                0x20000578      0x16c c:/nxp/mcuxpressoide_11.8.0_1165/ide/plugins/com.nxp.mcuxpresso.tools.win32_11.8.0.202306131047/tools/bin/../lib/gcc/arm-none-eabi/12.2.1/thumb/v8-m.main+fp/hard\libc.a(libc_a-locale.o)
                0x20000578                __global_locale
 .data._impure_ptr
                0x200006e4        0x4 c:/nxp/mcuxpressoide_11.8.0_1165/ide/plugins/com.nxp.mcuxpresso.tools.win32_11.8.0.202306131047/tools/bin/../lib/gcc/arm-none-eabi/12.2.1/thumb/v8-m.main+fp/hard\libc.a(libc_a-impure.o)
                0x200006e4                _impure_ptr
 .data.counter  0x200006e8        0x2 ./source/ZPSW_Projekt_Mikrofony.o
                0x200006e8                counter
                0x200006ec                . = ALIGN (0x4)
 *fill*         0x200006ea        0x2 ff
                0x200006ec                _edata = .
                [!provide]                PROVIDE (__end_data_RAM = .)
                [!provide]                PROVIDE (__end_data_SRAM = .)

.igot.plt       0x200006ec        0x0 load address 0x0000d6cc
 .igot.plt      0x200006ec        0x0 ./utilities/fsl_debug_console.o

.bss_RAM2       0x20040000        0x0
                [!provide]                PROVIDE (__start_bss_RAM2 = .)
                [!provide]                PROVIDE (__start_bss_SRAM4 = .)
 *(SORT_BY_ALIGNMENT(.bss.$RAM2))
 *(SORT_BY_ALIGNMENT(.bss.$SRAM4))
 *(SORT_BY_ALIGNMENT(.bss.$RAM2.*))
 *(SORT_BY_ALIGNMENT(.bss.$SRAM4.*))
                0x20040000                . = ALIGN ((. != 0x0)?0x4:0x1)
                [!provide]                PROVIDE (__end_bss_RAM2 = .)
                [!provide]                PROVIDE (__end_bss_SRAM4 = .)

.bss_RAM3       0x04000000        0x0
                [!provide]                PROVIDE (__start_bss_RAM3 = .)
                [!provide]                PROVIDE (__start_bss_SRAMX = .)
 *(SORT_BY_ALIGNMENT(.bss.$RAM3))
 *(SORT_BY_ALIGNMENT(.bss.$SRAMX))
 *(SORT_BY_ALIGNMENT(.bss.$RAM3.*))
 *(SORT_BY_ALIGNMENT(.bss.$SRAMX.*))
                0x04000000                . = ALIGN ((. != 0x0)?0x4:0x1)
                [!provide]                PROVIDE (__end_bss_RAM3 = .)
                [!provide]                PROVIDE (__end_bss_SRAMX = .)

.bss_RAM4       0x40100000        0x0
                [!provide]                PROVIDE (__start_bss_RAM4 = .)
                [!provide]                PROVIDE (__start_bss_USB_RAM = .)
 *(SORT_BY_ALIGNMENT(.bss.$RAM4))
 *(SORT_BY_ALIGNMENT(.bss.$USB_RAM))
 *(SORT_BY_ALIGNMENT(.bss.$RAM4.*))
 *(SORT_BY_ALIGNMENT(.bss.$USB_RAM.*))