D:\Programowanie\MCUXpresso\ZPSW_Projekt_Mikrofony\drivers/fsl_gpio.h:153:20:GPIO_PinWrite	24	static
../source/lcd.c:133:6:LCD_7seg	48	static
../source/lcd.c:159:6:LCD_7dot	32	static
../source/lcd.c:171:6:SPI_Write_Byte	32	static
../source/lcd.c:191:6:SPI_Write_Words	40	static
../source/lcd.c:220:13:LCD_WriteReg	24	static
../source/lcd.c:227:13:LCD_WriteData_8Bit	24	static
../source/lcd.c:234:6:Driver_Delay_ms	24	static
../source/lcd.c:239:13:LCD_InitReg	8	static
../source/lcd.c:335:6:LCD_SetHome	8	static
../source/lcd.c:353:6:LCD_GramRefresh	8	static
../source/lcd.c:360:6:LCD_Init	16	static
../source/lcd.c:385:6:LCD_Set_Bitmap	24	static
../source/lcd.c:391:6:LCD_Set_Icon	24	static
../source/lcd.c:401:6:LCD_Clear	24	static
../source/lcd.c:407:6:LCD_Draw_Point	16	static
../source/lcd.c:412:6:LCD_Draw_Line	40	static
../source/lcd.c:455:6:LCD_Puts	48	static
../source/lcd.c:487:6:LCD_Draw_Circle	40	static
