Archive member included to satisfy reference by file (symbol)

/Users/ki_14/Documents/MCUXpressoIDE_11.9.0_2144/workspace/sound_locator/LPC55S69/mcuxpresso/libpower_hardabi.a(fsl_power_lib.o)
                              ./drivers/fsl_clock.o (POWER_SetVoltageForFreq)
/Users/ki_14/Documents/MCUXpressoIDE_11.9.0_2144/workspace/sound_locator/libs/libarm_ARMv8MMLldfsp_math.a(arm_const_structs.o)
                              ./source/sound_locator.o (arm_cfft_sR_f32_len512)
/Users/ki_14/Documents/MCUXpressoIDE_11.9.0_2144/workspace/sound_locator/libs/libarm_ARMv8MMLldfsp_math.a(arm_common_tables.o)
                              /Users/ki_14/Documents/MCUXpressoIDE_11.9.0_2144/workspace/sound_locator/libs/libarm_ARMv8MMLldfsp_math.a(arm_const_structs.o) (realCoefBQ15)
/Users/ki_14/Documents/MCUXpressoIDE_11.9.0_2144/workspace/sound_locator/libs/libarm_ARMv8MMLldfsp_math.a(arm_q31_to_float.o)
                              ./source/sound_locator.o (arm_q31_to_float)
/Users/ki_14/Documents/MCUXpressoIDE_11.9.0_2144/workspace/sound_locator/libs/libarm_ARMv8MMLldfsp_math.a(arm_float_to_q31.o)
                              ./source/sound_locator.o (arm_float_to_q31)
/Users/ki_14/Documents/MCUXpressoIDE_11.9.0_2144/workspace/sound_locator/libs/libarm_ARMv8MMLldfsp_math.a(arm_cfft_f32.o)
                              ./source/sound_locator.o (arm_cfft_f32)
/Users/ki_14/Documents/MCUXpressoIDE_11.9.0_2144/workspace/sound_locator/libs/libarm_ARMv8MMLldfsp_math.a(arm_bitreversal2.o)
                              /Users/ki_14/Documents/MCUXpressoIDE_11.9.0_2144/workspace/sound_locator/libs/libarm_ARMv8MMLldfsp_math.a(arm_cfft_f32.o) (arm_bitreversal_32)
/Users/ki_14/Documents/MCUXpressoIDE_11.9.0_2144/workspace/sound_locator/libs/libarm_ARMv8MMLldfsp_math.a(arm_cmplx_mult_cmplx_f32.o)
                              ./source/sound_locator.o (arm_cmplx_mult_cmplx_f32)
/Users/ki_14/Documents/MCUXpressoIDE_11.9.0_2144/workspace/sound_locator/libs/libarm_ARMv8MMLldfsp_math.a(arm_cmplx_mag_f32.o)
                              ./source/sound_locator.o (arm_cmplx_mag_f32)
/Users/ki_14/Documents/MCUXpressoIDE_11.9.0_2144/workspace/sound_locator/libs/libarm_ARMv8MMLldfsp_math.a(arm_cmplx_conj_f32.o)
                              ./source/sound_locator.o (arm_cmplx_conj_f32)
/Users/ki_14/Documents/MCUXpressoIDE_11.9.0_2144/workspace/sound_locator/libs/libarm_ARMv8MMLldfsp_math.a(arm_scale_q31.o)
                              ./source/sound_locator.o (arm_scale_q31)
/Users/ki_14/Documents/MCUXpressoIDE_11.9.0_2144/workspace/sound_locator/libs/libarm_ARMv8MMLldfsp_math.a(arm_scale_f32.o)
                              ./source/sound_locator.o (arm_scale_f32)
/Users/ki_14/Documents/MCUXpressoIDE_11.9.0_2144/workspace/sound_locator/libs/libarm_ARMv8MMLldfsp_math.a(arm_cfft_radix8_f32.o)
                              /Users/ki_14/Documents/MCUXpressoIDE_11.9.0_2144/workspace/sound_locator/libs/libarm_ARMv8MMLldfsp_math.a(arm_cfft_f32.o) (arm_radix8_butterfly_f32)
/Applications/MCUXpressoIDE_11.9.0_2144/ide/plugins/com.nxp.mcuxpresso.tools.macosx_11.9.0.202307121226/tools/bin/../lib/gcc/arm-none-eabi/12.3.1/thumb/v8-m.main+fp/hard/libgcc.a(_arm_muldf3.o)
                              ./source/sound_locator.o (__aeabi_dmul)
/Applications/MCUXpressoIDE_11.9.0_2144/ide/plugins/com.nxp.mcuxpresso.tools.macosx_11.9.0.202307121226/tools/bin/../lib/gcc/arm-none-eabi/12.3.1/thumb/v8-m.main+fp/hard/libgcc.a(_arm_addsubdf3.o)
                              ./source/sound_locator.o (__aeabi_dsub)
/Applications/MCUXpressoIDE_11.9.0_2144/ide/plugins/com.nxp.mcuxpresso.tools.macosx_11.9.0.202307121226/tools/bin/../lib/gcc/arm-none-eabi/12.3.1/thumb/v8-m.main+fp/hard/libgcc.a(_arm_muldivdf3.o)
                              ./source/sound_locator.o (__aeabi_ddiv)
/Applications/MCUXpressoIDE_11.9.0_2144/ide/plugins/com.nxp.mcuxpresso.tools.macosx_11.9.0.202307121226/tools/bin/../lib/gcc/arm-none-eabi/12.3.1/thumb/v8-m.main+fp/hard/libgcc.a(_arm_cmpdf2.o)
                              ./source/sound_locator.o (__aeabi_dcmplt)
/Applications/MCUXpressoIDE_11.9.0_2144/ide/plugins/com.nxp.mcuxpresso.tools.macosx_11.9.0.202307121226/tools/bin/../lib/gcc/arm-none-eabi/12.3.1/thumb/v8-m.main+fp/hard/libgcc.a(_arm_fixunsdfsi.o)
                              ./source/sound_locator.o (__aeabi_d2uiz)
/Applications/MCUXpressoIDE_11.9.0_2144/ide/plugins/com.nxp.mcuxpresso.tools.macosx_11.9.0.202307121226/tools/bin/../lib/gcc/arm-none-eabi/12.3.1/thumb/v8-m.main+fp/hard/libgcc.a(_arm_truncdfsf2.o)
                              ./source/sound_locator.o (__aeabi_d2f)
/Applications/MCUXpressoIDE_11.9.0_2144/ide/plugins/com.nxp.mcuxpresso.tools.macosx_11.9.0.202307121226/tools/bin/../lib/gcc/arm-none-eabi/12.3.1/thumb/v8-m.main+fp/hard/libgcc.a(_aeabi_ldivmod.o)
                              ./drivers/fsl_clock.o (__aeabi_ldivmod)
[...]
Memory Configuration

Name             Origin             Length             Attributes
PROGRAM_FLASH    0x00000000         0x00098000         xr
SRAM             0x20000000         0x00040000         xrw
SRAM4            0x20040000         0x00004000         xrw
SRAMX            0x04000000         0x00008000         xrw
USB_RAM          0x40100000         0x00004000         xrw
*default*        0x00000000         0xffffffff

Linker script and memory map

LOAD ./utilities/fsl_debug_console.o
LOAD ./utilities/fsl_str.o
LOAD ./startup/boot_multicore_slave.o
LOAD ./startup/startup_lpc55s69_cm33_core0.o
LOAD ./source/lcd.o
LOAD ./source/semihost_hardfault.o
LOAD ./source/sound_locator.o
LOAD ./drivers/fsl_clock.o
LOAD ./drivers/fsl_common.o
LOAD ./drivers/fsl_ctimer.o
LOAD ./drivers/fsl_flexcomm.o
LOAD ./drivers/fsl_gpio.o
LOAD ./drivers/fsl_i2c.o
LOAD ./drivers/fsl_lpadc.o
LOAD ./drivers/fsl_powerquad_basic.o
LOAD ./drivers/fsl_powerquad_cmsis.o
LOAD ./drivers/fsl_powerquad_data.o
LOAD ./drivers/fsl_powerquad_filter.o
LOAD ./drivers/fsl_powerquad_math.o
LOAD ./drivers/fsl_powerquad_matrix.o
LOAD ./drivers/fsl_powerquad_transform.o
LOAD ./drivers/fsl_reset.o
LOAD ./drivers/fsl_spi.o
LOAD ./drivers/fsl_usart.o
LOAD ./device/system_LPC55S69_cm33_core0.o
LOAD ./component/uart/fsl_adapter_usart.o
LOAD ./component/serial_manager/fsl_component_serial_manager.o
LOAD ./component/serial_manager/fsl_component_serial_port_uart.o
LOAD ./component/lists/fsl_component_generic_list.o
LOAD ./board/board.o
LOAD ./board/clock_config.o
LOAD ./board/peripherals.o
LOAD ./board/pin_mux.o
LOAD ./LPC55S69/drivers/fsl_power.o
LOAD /Users/ki_14/Documents/MCUXpressoIDE_11.9.0_2144/workspace/sound_locator/LPC55S69/mcuxpresso/libpower_hardabi.a
LOAD /Users/ki_14/Documents/MCUXpressoIDE_11.9.0_2144/workspace/sound_locator/libs/libarm_ARMv8MMLldfsp_math.a
START GROUP
LOAD /Applications/MCUXpressoIDE_11.9.0_2144/ide/plugins/com.nxp.mcuxpresso.tools.macosx_11.9.0.202307121226/tools/bin/../lib/gcc/arm-none-eabi/12.3.1/thumb/v8-m.main+fp/hard/libgcc.a
LOAD /Applications/MCUXpressoIDE_11.9.0_2144/ide/plugins/com.nxp.mcuxpresso.tools.macosx_11.9.0.202307121226/tools/bin/../lib/gcc/arm-none-eabi/12.3.1/../../../../arm-none-eabi/lib/thumb/v8-m.main+fp/hard/libc.a
LOAD /Applications/MCUXpressoIDE_11.9.0_2144/ide/plugins/com.nxp.mcuxpresso.tools.macosx_11.9.0.202307121226/tools/bin/../lib/gcc/arm-none-eabi/12.3.1/../../../../arm-none-eabi/lib/thumb/v8-m.main+fp/hard/libm.a
LOAD /Applications/MCUXpressoIDE_11.9.0_2144/ide/plugins/com.nxp.mcuxpresso.tools.macosx_11.9.0.202307121226/tools/bin/../lib/gcc/arm-none-eabi/12.3.1/../../../../arm-none-eabi/lib/thumb/v8-m.main+fp/hard/libcr_newlib_semihost.a
END GROUP
                0x00000000                        __base_PROGRAM_FLASH = 0x0
                0x00000000                        __base_Flash = 0x0
                0x00098000                        __top_PROGRAM_FLASH = 0x98000
                0x00098000                        __top_Flash = 0x98000
                0x20000000                        __base_SRAM = 0x20000000
                0x20000000                        __base_RAM = 0x20000000
                0x20040000                        __top_SRAM = 0x20040000
                0x20040000                        __top_RAM = 0x20040000
                0x20040000                        __base_SRAM4 = 0x20040000
                0x20040000                        __base_RAM2 = 0x20040000
                0x20044000                        __top_SRAM4 = 0x20044000
                0x20044000                        __top_RAM2 = 0x20044000
                0x04000000                        __base_SRAMX = 0x4000000
                0x04000000                        __base_RAM3 = 0x4000000
                0x04008000                        __top_SRAMX = 0x4008000
                0x04008000                        __top_RAM3 = 0x4008000
                0x40100000                        __base_USB_RAM = 0x40100000
                0x40100000                        __base_RAM4 = 0x40100000
                0x40104000                        __top_USB_RAM = 0x40104000
                0x40104000                        __top_RAM4 = 0x40104000

.text           0x00000000    0x12d98
 FILL mask 0xff
                0x00000000                        __vectors_start__ = ABSOLUTE (.)
 *(SORT_BY_ALIGNMENT(.isr_vector))
 .isr_vector    0x00000000      0x130 ./startup/startup_lpc55s69_cm33_core0.o
                0x00000000                __Vectors
                0x00000000                g_pfnVectors
                0x00000130                        . = ALIGN (0x4)
                0x00000130                        __section_table_start = .
                0x00000130                        __data_section_table = .
                0x00000130        0x4 LONG 0x12da0 LOADADDR (.data)
                0x00000134        0x4 LONG 0x20000000 ADDR (.data)
                0x00000138        0x4 LONG 0x174 SIZEOF (.data)
                0x0000013c        0x4 LONG 0x12da0 LOADADDR (.data_RAM2)
                0x00000140        0x4 LONG 0x20040000 ADDR (.data_RAM2)
                0x00000144        0x4 LONG 0x0 SIZEOF (.data_RAM2)
                0x00000148        0x4 LONG 0x12da0 LOADADDR (.data_RAM3)
                0x0000014c        0x4 LONG 0x4000000 ADDR (.data_RAM3)
                0x00000150        0x4 LONG 0x0 SIZEOF (.data_RAM3)
                0x00000154        0x4 LONG 0x12da0 LOADADDR (.data_RAM4)
                0x00000158        0x4 LONG 0x40100000 ADDR (.data_RAM4)
                0x0000015c        0x4 LONG 0x0 SIZEOF (.data_RAM4)
                0x00000160                        __data_section_table_end = .
                0x00000160                        __bss_section_table = .
                0x00000160        0x4 LONG 0x20000174 ADDR (.bss)
                0x00000164        0x4 LONG 0x115e4 SIZEOF (.bss)
                0x00000168        0x4 LONG 0x20040000 ADDR (.bss_RAM2)
                0x0000016c        0x4 LONG 0x0 SIZEOF (.bss_RAM2)
                0x00000170        0x4 LONG 0x4000000 ADDR (.bss_RAM3)
                0x00000174        0x4 LONG 0x0 SIZEOF (.bss_RAM3)
                0x00000178        0x4 LONG 0x40100000 ADDR (.bss_RAM4)
                0x0000017c        0x4 LONG 0x0 SIZEOF (.bss_RAM4)
                0x00000180                        __bss_section_table_end = .
                0x00000180                        __section_table_end = .
 *(SORT_BY_ALIGNMENT(.after_vectors*))
 .after_vectors.reset
                0x00000180       0x48 ./startup/startup_lpc55s69_cm33_core0.o
                0x00000180                ResetISR
 .after_vectors
                0x000001c8       0x16 ./startup/startup_lpc55s69_cm33_core0.o
                0x000001c8                NMI_Handler
                0x000001cc                MemManage_Handler
                0x000001ce                BusFault_Handler
                0x000001d0                UsageFault_Handler
                0x000001d2                SecureFault_Handler
                0x000001d4                SVC_Handler
                0x000001d6                DebugMon_Handler
                0x000001d8                PendSV_Handler
                0x000001da                SysTick_Handler
                0x000001dc                IntDefaultHandler
                0x000001dc                USB0_DriverIRQHandler
                0x000001dc                CASER_DriverIRQHandler
                0x000001dc                MRT0_DriverIRQHandler
                0x000001dc                UTICK0_DriverIRQHandler
                0x000001dc                Reserved41_DriverIRQHandler
                0x000001dc                PIN_INT4_DriverIRQHandler
                0x000001dc                PIN_INT5_DriverIRQHandler
                0x000001dc                SEC_GPIO_INT0_IRQ0_DriverIRQHandler
                0x000001dc                GINT1_DriverIRQHandler
                0x000001dc                PIN_INT7_DriverIRQHandler
                0x000001dc                Reserved55_DriverIRQHandler
                0x000001dc                HASHCRYPT_DriverIRQHandler
                0x000001dc                USB0_NEEDCLK_DriverIRQHandler
                0x000001dc                PIN_INT6_DriverIRQHandler
                0x000001dc                PQ_DriverIRQHandler
                0x000001dc                MAILBOX_DriverIRQHandler
                0x000001dc                PIN_INT1_DriverIRQHandler
                0x000001dc                Reserved61_DriverIRQHandler
                0x000001dc                SEC_GPIO_INT0_IRQ1_DriverIRQHandler
                0x000001dc                PUF_DriverIRQHandler
                0x000001dc                RTC_DriverIRQHandler
                0x000001dc                USB1_DriverIRQHandler
                0x000001dc                Reserved60_DriverIRQHandler
                0x000001dc                DMA1_DriverIRQHandler
                0x000001dc                ADC0_DriverIRQHandler
                0x000001dc                USB1_NEEDCLK_DriverIRQHandler
                0x000001dc                Reserved59_DriverIRQHandler
                0x000001dc                SDIO_DriverIRQHandler
                0x000001dc                GINT0_DriverIRQHandler
                0x000001dc                USB1_PHY_DriverIRQHandler
                0x000001dc                ACMP_DriverIRQHandler
                0x000001dc                Reserved57_DriverIRQHandler
                0x000001dc                Reserved46_DriverIRQHandler
                0x000001dc                WDT_BOD_DriverIRQHandler
                0x000001dc                SCT0_DriverIRQHandler
                0x000001dc                PLU_DriverIRQHandler
                0x000001dc                OS_EVENT_DriverIRQHandler
                0x000001dc                SEC_HYPERVISOR_CALL_DriverIRQHandler
                0x000001dc                Reserved39_DriverIRQHandler
                0x000001dc                DMA0_DriverIRQHandler
                0x000001dc                Reserved42_DriverIRQHandler
                0x000001dc                SEC_VIO_DriverIRQHandler
                0x000001dc                PIN_INT3_DriverIRQHandler
                0x000001dc                PIN_INT2_DriverIRQHandler
                0x000001dc                Reserved56_DriverIRQHandler
                0x000001dc                PIN_INT0_DriverIRQHandler
 .after_vectors.init_data
                0x000001de       0x12 ./startup/startup_lpc55s69_cm33_core0.o
                0x000001de                data_init
 .after_vectors.init_bss
                0x000001f0       0x10 ./startup/startup_lpc55s69_cm33_core0.o
                0x000001f0                bss_init
 *(SORT_BY_ALIGNMENT(.text*))
 .text.gcc_phat
                0x00000200      0x1ac ./source/sound_locator.o
                0x00000200                gcc_phat
 *fill*         0x000003ac        0x4 ff
 .text.startup.main
                0x000003b0      0x264 ./source/sound_locator.o
                0x000003b0                main
 *fill*         0x00000614        0x4 ff
 .text.casin    0x00000618      0x25c /Applications/MCUXpressoIDE_11.9.0_2144/ide/plugins/com.nxp.mcuxpresso.tools.macosx_11.9.0.202307121226/tools/bin/../lib/gcc/arm-none-eabi/12.3.1/../../../../arm-none-eabi/lib/thumb/v8-m.main+fp/hard/libm.a(libm_a-casin.o)
                0x00000618                casin
 *fill*         0x00000874        0x4 ff
 .text.cos      0x00000878       0xa0 /Applications/MCUXpressoIDE_11.9.0_2144/ide/plugins/com.nxp.mcuxpresso.tools.macosx_11.9.0.202307121226/tools/bin/../lib/gcc/arm-none-eabi/12.3.1/../../../../arm-none-eabi/lib/thumb/v8-m.main+fp/hard/libm.a(libm_a-s_cos.o)
                0x00000878                cos
 .text.sin      0x00000918       0xa8 /Applications/MCUXpressoIDE_11.9.0_2144/ide/plugins/com.nxp.mcuxpresso.tools.macosx_11.9.0.202307121226/tools/bin/../lib/gcc/arm-none-eabi/12.3.1/../../../../arm-none-eabi/lib/thumb/v8-m.main+fp/hard/libm.a(libm_a-s_sin.o)
                0x00000918                sin
 .text.__ieee754_rem_pio2
                0x000009c0      0x444 /Applications/MCUXpressoIDE_11.9.0_2144/ide/plugins/com.nxp.mcuxpresso.tools.macosx_11.9.0.202307121226/tools/bin/../lib/gcc/arm-none-eabi/12.3.1/../../../../arm-none-eabi/lib/thumb/v8-m.main+fp/hard/libm.a(libm_a-e_rem_pio2.o)
                0x000009c0                __ieee754_rem_pio2
 *fill*         0x00000e04        0x4 ff
 .text.__kernel_rem_pio2
                0x00000e08      0x834 /Applications/MCUXpressoIDE_11.9.0_2144/ide/plugins/com.nxp.mcuxpresso.tools.macosx_11.9.0.202307121226/tools/bin/../lib/gcc/arm-none-eabi/12.3.1/../../../../arm-none-eabi/lib/thumb/v8-m.main+fp/hard/libm.a(libm_a-k_rem_pio2.o)
                0x00000e08                __kernel_rem_pio2
 *fill*         0x0000163c        0x4 ff
 .text.__kernel_cos
                0x00001640      0x264 /Applications/MCUXpressoIDE_11.9.0_2144/ide/plugins/com.nxp.mcuxpresso.tools.macosx_11.9.0.202307121226/tools/bin/../lib/gcc/arm-none-eabi/12.3.1/../../../../arm-none-eabi/lib/thumb/v8-m.main+fp/hard/libm.a(libm_a-k_cos.o)
                0x00001640                __kernel_cos
 *fill*         0x000018a4        0x4 ff
 .text.__kernel_sin
                0x000018a8      0x17c /Applications/MCUXpressoIDE_11.9.0_2144/ide/plugins/com.nxp.mcuxpresso.tools.macosx_11.9.0.202307121226/tools/bin/../lib/gcc/arm-none-eabi/12.3.1/../../../../arm-none-eabi/lib/thumb/v8-m.main+fp/hard/libm.a(libm_a-k_sin.o)
                0x000018a8                __kernel_sin
 *fill*         0x00001a24        0x4 ff
 .text.__ieee754_atan2
                0x00001a28      0x1b0 /Applications/MCUXpressoIDE_11.9.0_2144/ide/plugins/com.nxp.mcuxpresso.tools.macosx_11.9.0.202307121226/tools/bin/../lib/gcc/arm-none-eabi/12.3.1/../../../../arm-none-eabi/lib/thumb/v8-m.main+fp/hard/libm.a(libm_a-e_atan2.o)
                0x00001a28                __ieee754_atan2
 .text.log      0x00001bd8       0x84 /Applications/MCUXpressoIDE_11.9.0_2144/ide/plugins/com.nxp.mcuxpresso.tools.macosx_11.9.0.202307121226/tools/bin/../lib/gcc/arm-none-eabi/12.3.1/../../../../arm-none-eabi/lib/thumb/v8-m.main+fp/hard/libm.a(libm_a-w_log.o)
                0x00001bd8                log
 *fill*         0x00001c5c        0x4 ff
 .text.atan     0x00001c60      0x330 /Applications/MCUXpressoIDE_11.9.0_2144/ide/plugins/com.nxp.mcuxpresso.tools.macosx_11.9.0.202307121226/tools/bin/../lib/gcc/arm-none-eabi/12.3.1/../../../../arm-none-eabi/lib/thumb/v8-m.main+fp/hard/libm.a(libm_a-s_atan.o)
                0x00001c60                atan
 .text.scalbn   0x00001f90      0x110 /Applications/MCUXpressoIDE_11.9.0_2144/ide/plugins/com.nxp.mcuxpresso.tools.macosx_11.9.0.202307121226/tools/bin/../lib/gcc/arm-none-eabi/12.3.1/../../../../arm-none-eabi/lib/thumb/v8-m.main+fp/hard/libm.a(libm_a-s_scalbn.o)
                0x00001f90                scalbn
 .text.floor    0x000020a0      0x108 /Applications/MCUXpressoIDE_11.9.0_2144/ide/plugins/com.nxp.mcuxpresso.tools.macosx_11.9.0.202307121226/tools/bin/../lib/gcc/arm-none-eabi/12.3.1/../../../../arm-none-eabi/lib/thumb/v8-m.main+fp/hard/libm.a(libm_a-s_floor.o)
                0x000020a0                floor
 .text.nan      0x000021a8       0x10 /Applications/MCUXpressoIDE_11.9.0_2144/ide/plugins/com.nxp.mcuxpresso.tools.macosx_11.9.0.202307121226/tools/bin/../lib/gcc/arm-none-eabi/12.3.1/../../../../arm-none-eabi/lib/thumb/v8-m.main+fp/hard/libm.a(libm_a-s_nan.o)
                0x000021a8                nan
 .text.__ieee754_log
                0x000021b8      0x3b8 /Applications/MCUXpressoIDE_11.9.0_2144/ide/plugins/com.nxp.mcuxpresso.tools.macosx_11.9.0.202307121226/tools/bin/../lib/gcc/arm-none-eabi/12.3.1/../../../../arm-none-eabi/lib/thumb/v8-m.main+fp/hard/libm.a(libm_a-e_log.o)
                0x000021b8                __ieee754_log
 .text.hypot    0x00002570       0x70 /Applications/MCUXpressoIDE_11.9.0_2144/ide/plugins/com.nxp.mcuxpresso.tools.macosx_11.9.0.202307121226/tools/bin/../lib/gcc/arm-none-eabi/12.3.1/../../../../arm-none-eabi/lib/thumb/v8-m.main+fp/hard/libm.a(libm_a-w_hypot.o)
                0x00002570                hypot
 .text.LCD_WriteData_8Bit
                0x000025e0       0x30 ./source/lcd.o
 .text.LCD_WriteReg
                0x00002610       0x30 ./source/lcd.o
 .text.LCD_GramRefresh
                0x00002640       0x2c ./source/lcd.o
                0x00002640                LCD_GramRefresh
 .text.LCD_Set_Bitmap
                0x0000266c       0x1c ./source/lcd.o
                0x0000266c                LCD_Set_Bitmap
 .text.LCD_Clear
                0x00002688       0x1c ./source/lcd.o
                0x00002688                LCD_Clear
 .text.LCD_Init
                0x000026a4      0x230 ./source/lcd.o
                0x000026a4                LCD_Init
 .text.LCD_Draw_Circle
                0x000028d4       0xf4 ./source/lcd.o
                0x000028d4                LCD_Draw_Circle
 .text.ADC0_IRQHandler
                0x000029c8       0x64 ./source/sound_locator.o
                0x000029c8                ADC0_IRQHandler
 .text.CLOCK_AttachClk
                0x00002a2c       0x6c ./drivers/fsl_clock.o
                0x00002a2c                CLOCK_AttachClk
 .text.CLOCK_SetupFROClocking
                0x00002a98       0x74 ./drivers/fsl_clock.o
                0x00002a98                CLOCK_SetupFROClocking
 .text.CLOCK_SetFLASHAccessCyclesForFreq
                0x00002b0c       0xe8 ./drivers/fsl_clock.o
                0x00002b0c                CLOCK_SetFLASHAccessCyclesForFreq
 .text.CLOCK_SetupExtClocking
                0x00002bf4       0x40 ./drivers/fsl_clock.o
                0x00002bf4                CLOCK_SetupExtClocking
 .text.CLOCK_GetFro1MFreq
                0x00002c34       0x18 ./drivers/fsl_clock.o
                0x00002c34                CLOCK_GetFro1MFreq
 .text.CLOCK_GetExtClkFreq
                0x00002c4c       0x18 ./drivers/fsl_clock.o
                0x00002c4c                CLOCK_GetExtClkFreq
 .text.CLOCK_GetOsc32KFreq
                0x00002c64       0x34 ./drivers/fsl_clock.o
                0x00002c64                CLOCK_GetOsc32KFreq
 .text.CLOCK_GetPLL0InClockRate
                0x00002c98       0x30 ./drivers/fsl_clock.o
                0x00002c98                CLOCK_GetPLL0InClockRate
 .text.CLOCK_SetPLL0Freq
                0x00002cc8       0xb8 ./drivers/fsl_clock.o
                0x00002cc8                CLOCK_SetPLL0Freq
 .text.SDK_DelayAtLeastUs
                0x00002d80       0x20 ./drivers/fsl_common.o
                0x00002d80                SDK_DelayAtLeastUs
 .text.CTIMER_GetInstance
                0x00002da0       0x40 ./drivers/fsl_ctimer.o
 .text.CTIMER_GenericIRQHandler
                0x00002de0       0x5c ./drivers/fsl_ctimer.o
 .text.EnableIRQ.isra.0
                0x00002e3c       0x1c ./drivers/fsl_ctimer.o
 .text.CTIMER_Init
                0x00002e58       0x50 ./drivers/fsl_ctimer.o
                0x00002e58                CTIMER_Init
 .text.CTIMER_SetupMatch
                0x00002ea8       0x84 ./drivers/fsl_ctimer.o
                0x00002ea8                CTIMER_SetupMatch
 .text.FLEXCOMM_GetInstance
                0x00002f2c       0x1c ./drivers/fsl_flexcomm.o
                0x00002f2c                FLEXCOMM_GetInstance
 .text.FLEXCOMM_Init
                0x00002f48       0x7c ./drivers/fsl_flexcomm.o
                0x00002f48                FLEXCOMM_Init
 .text.FLEXCOMM0_DriverIRQHandler
                0x00002fc4       0x18 ./drivers/fsl_flexcomm.o
                0x00002fc4                FLEXCOMM0_DriverIRQHandler
 .text.FLEXCOMM1_DriverIRQHandler
                0x00002fdc       0x18 ./drivers/fsl_flexcomm.o
                0x00002fdc                FLEXCOMM1_DriverIRQHandler
 .text.FLEXCOMM2_DriverIRQHandler
                0x00002ff4       0x18 ./drivers/fsl_flexcomm.o
                0x00002ff4                FLEXCOMM2_DriverIRQHandler
 .text.FLEXCOMM3_DriverIRQHandler
                0x0000300c       0x18 ./drivers/fsl_flexcomm.o
                0x0000300c                FLEXCOMM3_DriverIRQHandler
 .text.FLEXCOMM4_DriverIRQHandler
                0x00003024       0x18 ./drivers/fsl_flexcomm.o
                0x00003024                FLEXCOMM4_DriverIRQHandler
 .text.FLEXCOMM5_DriverIRQHandler
                0x0000303c       0x18 ./drivers/fsl_flexcomm.o
                0x0000303c                FLEXCOMM5_DriverIRQHandler
 .text.FLEXCOMM6_DriverIRQHandler
                0x00003054       0x18 ./drivers/fsl_flexcomm.o
                0x00003054                FLEXCOMM6_DriverIRQHandler
 .text.FLEXCOMM7_DriverIRQHandler
                0x0000306c       0x18 ./drivers/fsl_flexcomm.o
                0x0000306c                FLEXCOMM7_DriverIRQHandler
 .text.FLEXCOMM8_DriverIRQHandler
                0x00003084       0x18 ./drivers/fsl_flexcomm.o
                0x00003084                FLEXCOMM8_DriverIRQHandler
 .text.GPIO_PinInit
                0x0000309c       0x5c ./drivers/fsl_gpio.o
                0x0000309c                GPIO_PinInit
 .text.LPADC_DoAutoCalibration
                0x000030f8       0x64 ./drivers/fsl_lpadc.o
                0x000030f8                LPADC_DoAutoCalibration
 .text.PQ_Init  0x0000315c       0x24 ./drivers/fsl_powerquad_basic.o
                0x0000315c                PQ_Init
 .text.SPI_GetInstance
                0x00003180       0x1c ./drivers/fsl_spi.o
                0x00003180                SPI_GetInstance
 .text.SPI_SetDummyData
                0x0000319c       0x14 ./drivers/fsl_spi.o
                0x0000319c                SPI_SetDummyData
 .text.SPI_GetConfig
                0x000031b0       0x14 ./drivers/fsl_spi.o
                0x000031b0                SPI_GetConfig
 .text.SPI_MasterInit
                0x000031c4      0x11c ./drivers/fsl_spi.o
                0x000031c4                SPI_MasterInit
 .text.SystemInit
                0x000032e0       0x50 ./device/system_LPC55S69_cm33_core0.o
                0x000032e0                SystemInit
 .text.BOARD_InitDebugConsole
                0x00003330       0x18 ./board/board.o
                0x00003330                BOARD_InitDebugConsole
 .text.BOARD_BootClockPLL150M
                0x00003348      0x128 ./board/clock_config.o
                0x00003348                BOARD_BootClockPLL150M
 .text.BOARD_InitPeripherals
                0x00003470       0x9c ./board/peripherals.o
                0x00003470                BOARD_InitPeripherals
 .text.BOARD_InitPins
                0x0000350c       0xd8 ./board/pin_mux.o
                0x0000350c                BOARD_InitPins
 .text.lowpower_set_system_voltage
                0x000035e4       0xa0 /Users/ki_14/Documents/MCUXpressoIDE_11.9.0_2144/workspace/sound_locator/LPC55S69/mcuxpresso/libpower_hardabi.a(fsl_power_lib.o)
 .text.lowpower_set_voltage_for_process
                0x00003684       0x84 /Users/ki_14/Documents/MCUXpressoIDE_11.9.0_2144/workspace/sound_locator/LPC55S69/mcuxpresso/libpower_hardabi.a(fsl_power_lib.o)
 .text.POWER_SetVoltageForFreq
                0x00003708       0x84 /Users/ki_14/Documents/MCUXpressoIDE_11.9.0_2144/workspace/sound_locator/LPC55S69/mcuxpresso/libpower_hardabi.a(fsl_power_lib.o)
                0x00003708                POWER_SetVoltageForFreq
 .text.arm_q31_to_float
                0x0000378c       0xb0 /Users/ki_14/Documents/MCUXpressoIDE_11.9.0_2144/workspace/sound_locator/libs/libarm_ARMv8MMLldfsp_math.a(arm_q31_to_float.o)
                0x0000378c                arm_q31_to_float
 .text.arm_float_to_q31
                0x0000383c      0x1e8 /Users/ki_14/Documents/MCUXpressoIDE_11.9.0_2144/workspace/sound_locator/libs/libarm_ARMv8MMLldfsp_math.a(arm_float_to_q31.o)
                0x0000383c                arm_float_to_q31
 .text.arm_cfft_radix8by2_f32
                0x00003a24      0x198 /Users/ki_14/Documents/MCUXpressoIDE_11.9.0_2144/workspace/sound_locator/libs/libarm_ARMv8MMLldfsp_math.a(arm_cfft_f32.o)
                0x00003a24                arm_cfft_radix8by2_f32
 .text.arm_cfft_radix8by4_f32
                0x00003bbc      0x4b8 /Users/ki_14/Documents/MCUXpressoIDE_11.9.0_2144/workspace/sound_locator/libs/libarm_ARMv8MMLldfsp_math.a(arm_cfft_f32.o)
                0x00003bbc                arm_cfft_radix8by4_f32
 .text.arm_cfft_f32
                0x00004074       0xec /Users/ki_14/Documents/MCUXpressoIDE_11.9.0_2144/workspace/sound_locator/libs/libarm_ARMv8MMLldfsp_math.a(arm_cfft_f32.o)
                0x00004074                arm_cfft_f32
 .text.arm_bitreversal_32
                0x00004160       0x50 /Users/ki_14/Documents/MCUXpressoIDE_11.9.0_2144/workspace/sound_locator/libs/libarm_ARMv8MMLldfsp_math.a(arm_bitreversal2.o)
                0x00004160                arm_bitreversal_32
 .text.arm_cmplx_mult_cmplx_f32
                0x000041b0      0x194 /Users/ki_14/Documents/MCUXpressoIDE_11.9.0_2144/workspace/sound_locator/libs/libarm_ARMv8MMLldfsp_math.a(arm_cmplx_mult_cmplx_f32.o)
                0x000041b0                arm_cmplx_mult_cmplx_f32
 .text.arm_cmplx_mag_f32
                0x00004344      0x248 /Users/ki_14/Documents/MCUXpressoIDE_11.9.0_2144/workspace/sound_locator/libs/libarm_ARMv8MMLldfsp_math.a(arm_cmplx_mag_f32.o)
                0x00004344                arm_cmplx_mag_f32
 .text.arm_cmplx_conj_f32
                0x0000458c       0xb4 /Users/ki_14/Documents/MCUXpressoIDE_11.9.0_2144/workspace/sound_locator/libs/libarm_ARMv8MMLldfsp_math.a(arm_cmplx_conj_f32.o)
                0x0000458c                arm_cmplx_conj_f32
 .text.arm_scale_q31
                0x00004640      0x1f4 /Users/ki_14/Documents/MCUXpressoIDE_11.9.0_2144/workspace/sound_locator/libs/libarm_ARMv8MMLldfsp_math.a(arm_scale_q31.o)
                0x00004640                arm_scale_q31
 .text.arm_scale_f32
                0x00004834       0x88 /Users/ki_14/Documents/MCUXpressoIDE_11.9.0_2144/workspace/sound_locator/libs/libarm_ARMv8MMLldfsp_math.a(arm_scale_f32.o)
                0x00004834                arm_scale_f32
 .text.arm_radix8_butterfly_f32
                0x000048bc      0x584 /Users/ki_14/Documents/MCUXpressoIDE_11.9.0_2144/workspace/sound_locator/libs/libarm_ARMv8MMLldfsp_math.a(arm_cfft_radix8_f32.o)
                0x000048bc                arm_radix8_butterfly_f32
 .text          0x00004e40      0x378 /Applications/MCUXpressoIDE_11.9.0_2144/ide/plugins/com.nxp.mcuxpresso.tools.macosx_11.9.0.202307121226/tools/bin/../lib/gcc/arm-none-eabi/12.3.1/thumb/v8-m.main+fp/hard/libgcc.a(_arm_addsubdf3.o)
                0x00004e40                __aeabi_drsub
                0x00004e48                __subdf3
                0x00004e48                __aeabi_dsub
                0x00004e4c                __aeabi_dadd
                0x00004e4c                __adddf3
                0x000050c4                __aeabi_ui2d
                0x000050c4                __floatunsidf
                0x000050e4                __floatsidf
                0x000050e4                __aeabi_i2d
                0x00005108                __extendsfdf2
                0x00005108                __aeabi_f2d
                0x0000514c                __aeabi_ul2d
                0x0000514c                __floatundidf
                0x0000515c                __aeabi_l2d
                0x0000515c                __floatdidf
 .text          0x000051b8      0x424 /Applications/MCUXpressoIDE_11.9.0_2144/ide/plugins/com.nxp.mcuxpresso.tools.macosx_11.9.0.202307121226/tools/bin/../lib/gcc/arm-none-eabi/12.3.1/thumb/v8-m.main+fp/hard/libgcc.a(_arm_muldivdf3.o)
                0x000051b8                __aeabi_dmul
                0x000051b8                __muldf3
                0x0000540c                __aeabi_ddiv
                0x0000540c                __divdf3
 .text          0x000055dc      0x110 /Applications/MCUXpressoIDE_11.9.0_2144/ide/plugins/com.nxp.mcuxpresso.tools.macosx_11.9.0.202307121226/tools/bin/../lib/gcc/arm-none-eabi/12.3.1/thumb/v8-m.main+fp/hard/libgcc.a(_arm_cmpdf2.o)
                0x000055dc                __gedf2
                0x000055dc                __gtdf2
                0x000055e4                __ledf2
                0x000055e4                __ltdf2
                0x000055ec                __cmpdf2
                0x000055ec                __eqdf2
                0x000055ec                __nedf2
                0x00005668                __aeabi_cdrcmple
                0x00005678                __aeabi_cdcmple
                0x00005678                __aeabi_cdcmpeq
                0x00005688                __aeabi_dcmpeq
                0x0000569c                __aeabi_dcmplt
                0x000056b0                __aeabi_dcmple
                0x000056c4                __aeabi_dcmpge
                0x000056d8                __aeabi_dcmpgt
 .text          0x000056ec       0x40 /Applications/MCUXpressoIDE_11.9.0_2144/ide/plugins/com.nxp.mcuxpresso.tools.macosx_11.9.0.202307121226/tools/bin/../lib/gcc/arm-none-eabi/12.3.1/thumb/v8-m.main+fp/hard/libgcc.a(_arm_fixunsdfsi.o)
                0x000056ec                __fixunsdfsi
                0x000056ec                __aeabi_d2uiz
 .text          0x0000572c       0xa0 /Applications/MCUXpressoIDE_11.9.0_2144/ide/plugins/com.nxp.mcuxpresso.tools.macosx_11.9.0.202307121226/tools/bin/../lib/gcc/arm-none-eabi/12.3.1/thumb/v8-m.main+fp/hard/libgcc.a(_arm_truncdfsf2.o)
                0x0000572c                __aeabi_d2f
                0x0000572c                __truncdfsf2
 .text          0x000057cc       0x30 /Applications/MCUXpressoIDE_11.9.0_2144/ide/plugins/com.nxp.mcuxpresso.tools.macosx_11.9.0.202307121226/tools/bin/../lib/gcc/arm-none-eabi/12.3.1/thumb/v8-m.main+fp/hard/libgcc.a(_aeabi_uldivmod.o)
                0x000057cc                __aeabi_uldivmod
 .text.__fixsfdi
                0x000057fc       0x28 /Applications/MCUXpressoIDE_11.9.0_2144/ide/plugins/com.nxp.mcuxpresso.tools.macosx_11.9.0.202307121226/tools/bin/../lib/gcc/arm-none-eabi/12.3.1/thumb/v8-m.main+fp/hard/libgcc.a(_fixsfdi.o)
                0x000057fc                __aeabi_f2lz
                0x000057fc                __fixsfdi
 .text.__fixunssfdi
                0x00005824       0x40 /Applications/MCUXpressoIDE_11.9.0_2144/ide/plugins/com.nxp.mcuxpresso.tools.macosx_11.9.0.202307121226/tools/bin/../lib/gcc/arm-none-eabi/12.3.1/thumb/v8-m.main+fp/hard/libgcc.a(_fixunssfdi.o)
                0x00005824                __aeabi_f2ulz
                0x00005824                __fixunssfdi
 .text.__udivmoddi4
                0x00005864      0x2e4 /Applications/MCUXpressoIDE_11.9.0_2144/ide/plugins/com.nxp.mcuxpresso.tools.macosx_11.9.0.202307121226/tools/bin/../lib/gcc/arm-none-eabi/12.3.1/thumb/v8-m.main+fp/hard/libgcc.a(_udivmoddi4.o)
                0x00005864                __udivmoddi4
 .text          0x00005b48        0x4 /Applications/MCUXpressoIDE_11.9.0_2144/ide/plugins/com.nxp.mcuxpresso.tools.macosx_11.9.0.202307121226/tools/bin/../lib/gcc/arm-none-eabi/12.3.1/thumb/v8-m.main+fp/hard/libgcc.a(_dvmd_tls.o)
                0x00005b48                __aeabi_ldiv0
                0x00005b48                __aeabi_idiv0
 .text.qsort    0x00005b4c      0x5f4 /Applications/MCUXpressoIDE_11.9.0_2144/ide/plugins/com.nxp.mcuxpresso.tools.macosx_11.9.0.202307121226/tools/bin/../lib/gcc/arm-none-eabi/12.3.1/../../../../arm-none-eabi/lib/thumb/v8-m.main+fp/hard/libc.a(libc_a-qsort.o)
                0x00005b4c                qsort
 .text.__errno  0x00006140        0xc /Applications/MCUXpressoIDE_11.9.0_2144/ide/plugins/com.nxp.mcuxpresso.tools.macosx_11.9.0.202307121226/tools/bin/../lib/gcc/arm-none-eabi/12.3.1/../../../../arm-none-eabi/lib/thumb/v8-m.main+fp/hard/libc.a(libc_a-errno.o)
                0x00006140                __errno
 .text.sqrtf    0x0000614c       0x44 /Applications/MCUXpressoIDE_11.9.0_2144/ide/plugins/com.nxp.mcuxpresso.tools.macosx_11.9.0.202307121226/tools/bin/../lib/gcc/arm-none-eabi/12.3.1/../../../../arm-none-eabi/lib/thumb/v8-m.main+fp/hard/libm.a(libm_a-wf_sqrt.o)
                0x0000614c                sqrtf
 .text.cimag    0x00006190        0xc /Applications/MCUXpressoIDE_11.9.0_2144/ide/plugins/com.nxp.mcuxpresso.tools.macosx_11.9.0.202307121226/tools/bin/../lib/gcc/arm-none-eabi/12.3.1/../../../../arm-none-eabi/lib/thumb/v8-m.main+fp/hard/libm.a(libm_a-cimag.o)
                0x00006190                cimag
 .text.clog     0x0000619c       0x9c /Applications/MCUXpressoIDE_11.9.0_2144/ide/plugins/com.nxp.mcuxpresso.tools.macosx_11.9.0.202307121226/tools/bin/../lib/gcc/arm-none-eabi/12.3.1/../../../../arm-none-eabi/lib/thumb/v8-m.main+fp/hard/libm.a(libm_a-clog.o)
                0x0000619c                clog
 .text.creal    0x00006238        0x4 /Applications/MCUXpressoIDE_11.9.0_2144/ide/plugins/com.nxp.mcuxpresso.tools.macosx_11.9.0.202307121226/tools/bin/../lib/gcc/arm-none-eabi/12.3.1/../../../../arm-none-eabi/lib/thumb/v8-m.main+fp/hard/libm.a(libm_a-creal.o)
                0x00006238                creal
 .text.__ieee754_sqrtf
                0x0000623c        0x8 /Applications/MCUXpressoIDE_11.9.0_2144/ide/plugins/com.nxp.mcuxpresso.tools.macosx_11.9.0.202307121226/tools/bin/../lib/gcc/arm-none-eabi/12.3.1/../../../../arm-none-eabi/lib/thumb/v8-m.main+fp/hard/libm.a(libm_a-ef_sqrt.o)
                0x0000623c                __ieee754_sqrtf
 .text.csqrt    0x00006244      0x374 /Applications/MCUXpressoIDE_11.9.0_2144/ide/plugins/com.nxp.mcuxpresso.tools.macosx_11.9.0.202307121226/tools/bin/../lib/gcc/arm-none-eabi/12.3.1/../../../../arm-none-eabi/lib/thumb/v8-m.main+fp/hard/libm.a(libm_a-csqrt.o)
                0x00006244                csqrt
 .text.atan2    0x000065b8        0x4 /Applications/MCUXpressoIDE_11.9.0_2144/ide/plugins/com.nxp.mcuxpresso.tools.macosx_11.9.0.202307121226/tools/bin/../lib/gcc/arm-none-eabi/12.3.1/../../../../arm-none-eabi/lib/thumb/v8-m.main+fp/hard/libm.a(libm_a-w_atan2.o)
                0x000065b8                atan2
 .text.cabs     0x000065bc       0x54 /Applications/MCUXpressoIDE_11.9.0_2144/ide/plugins/com.nxp.mcuxpresso.tools.macosx_11.9.0.202307121226/tools/bin/../lib/gcc/arm-none-eabi/12.3.1/../../../../arm-none-eabi/lib/thumb/v8-m.main+fp/hard/libm.a(libm_a-cabs.o)
                0x000065bc                cabs
 .text.sqrt     0x00006610       0x68 /Applications/MCUXpressoIDE_11.9.0_2144/ide/plugins/com.nxp.mcuxpresso.tools.macosx_11.9.0.202307121226/tools/bin/../lib/gcc/arm-none-eabi/12.3.1/../../../../arm-none-eabi/lib/thumb/v8-m.main+fp/hard/libm.a(libm_a-w_sqrt.o)
                0x00006610                sqrt
 .text.fabs     0x00006678       0x10 /Applications/MCUXpressoIDE_11.9.0_2144/ide/plugins/com.nxp.mcuxpresso.tools.macosx_11.9.0.202307121226/tools/bin/../lib/gcc/arm-none-eabi/12.3.1/../../../../arm-none-eabi/lib/thumb/v8-m.main+fp/hard/libm.a(libm_a-s_fabs.o)
                0x00006678                fabs
 .text.__ieee754_sqrt
                0x00006688      0x1f4 /Applications/MCUXpressoIDE_11.9.0_2144/ide/plugins/com.nxp.mcuxpresso.tools.macosx_11.9.0.202307121226/tools/bin/../lib/gcc/arm-none-eabi/12.3.1/../../../../arm-none-eabi/lib/thumb/v8-m.main+fp/hard/libm.a(libm_a-e_sqrt.o)
                0x00006688                __ieee754_sqrt
 .text.finite   0x0000687c       0x1c /Applications/MCUXpressoIDE_11.9.0_2144/ide/plugins/com.nxp.mcuxpresso.tools.macosx_11.9.0.202307121226/tools/bin/../lib/gcc/arm-none-eabi/12.3.1/../../../../arm-none-eabi/lib/thumb/v8-m.main+fp/hard/libm.a(libm_a-s_finite.o)
                0x0000687c                finite
 .text.__ieee754_hypot
                0x00006898      0x260 /Applications/MCUXpressoIDE_11.9.0_2144/ide/plugins/com.nxp.mcuxpresso.tools.macosx_11.9.0.202307121226/tools/bin/../lib/gcc/arm-none-eabi/12.3.1/../../../../arm-none-eabi/lib/thumb/v8-m.main+fp/hard/libm.a(libm_a-e_hypot.o)
                0x00006898                __ieee754_hypot
 .text          0x00006af8       0x2c /Applications/MCUXpressoIDE_11.9.0_2144/ide/plugins/com.nxp.mcuxpresso.tools.macosx_11.9.0.202307121226/tools/bin/../lib/gcc/arm-none-eabi/12.3.1/thumb/v8-m.main+fp/hard/libgcc.a(_arm_unorddf2.o)
                0x00006af8                __aeabi_dcmpun
                0x00006af8                __unorddf2
 .text          0x00006b24       0x50 /Applications/MCUXpressoIDE_11.9.0_2144/ide/plugins/com.nxp.mcuxpresso.tools.macosx_11.9.0.202307121226/tools/bin/../lib/gcc/arm-none-eabi/12.3.1/thumb/v8-m.main+fp/hard/libgcc.a(_arm_fixdfsi.o)
                0x00006b24                __fixdfsi
                0x00006b24                __aeabi_d2iz
 .text.__muldc3
                0x00006b74      0x544 /Applications/MCUXpressoIDE_11.9.0_2144/ide/plugins/com.nxp.mcuxpresso.tools.macosx_11.9.0.202307121226/tools/bin/../lib/gcc/arm-none-eabi/12.3.1/thumb/v8-m.main+fp/hard/libgcc.a(_muldc3.o)
                0x00006b74                __muldc3
 .text.WDT_BOD_IRQHandler
                0x000070b8        0x8 ./startup/startup_lpc55s69_cm33_core0.o
                0x000070b8                WDT_BOD_IRQHandler
 .text.DMA0_IRQHandler
                0x000070c0        0x8 ./startup/startup_lpc55s69_cm33_core0.o
                0x000070c0                DMA0_IRQHandler
 .text.GINT0_IRQHandler
                0x000070c8        0x8 ./startup/startup_lpc55s69_cm33_core0.o
                0x000070c8                GINT0_IRQHandler
 .text.GINT1_IRQHandler
                0x000070d0        0x8 ./startup/startup_lpc55s69_cm33_core0.o
                0x000070d0                GINT1_IRQHandler
 .text.PIN_INT0_IRQHandler
                0x000070d8        0x8 ./startup/startup_lpc55s69_cm33_core0.o
                0x000070d8                PIN_INT0_IRQHandler
 .text.PIN_INT1_IRQHandler
                0x000070e0        0x8 ./startup/startup_lpc55s69_cm33_core0.o
                0x000070e0                PIN_INT1_IRQHandler
 .text.PIN_INT2_IRQHandler
                0x000070e8        0x8 ./startup/startup_lpc55s69_cm33_core0.o
                0x000070e8                PIN_INT2_IRQHandler
 .text.PIN_INT3_IRQHandler
                0x000070f0        0x8 ./startup/startup_lpc55s69_cm33_core0.o
                0x000070f0                PIN_INT3_IRQHandler
 .text.UTICK0_IRQHandler
                0x000070f8        0x8 ./startup/startup_lpc55s69_cm33_core0.o
                0x000070f8                UTICK0_IRQHandler
 .text.MRT0_IRQHandler
                0x00007100        0x8 ./startup/startup_lpc55s69_cm33_core0.o
                0x00007100                MRT0_IRQHandler
 .text.CTIMER0_IRQHandler
                0x00007108        0x8 ./startup/startup_lpc55s69_cm33_core0.o
                0x00007108                CTIMER0_IRQHandler
 .text.CTIMER1_IRQHandler
                0x00007110        0x8 ./startup/startup_lpc55s69_cm33_core0.o
                0x00007110                CTIMER1_IRQHandler
 .text.SCT0_IRQHandler
                0x00007118        0x8 ./startup/startup_lpc55s69_cm33_core0.o
                0x00007118                SCT0_IRQHandler
 .text.CTIMER3_IRQHandler
                0x00007120        0x8 ./startup/startup_lpc55s69_cm33_core0.o
                0x00007120                CTIMER3_IRQHandler
 .text.FLEXCOMM0_IRQHandler
                0x00007128        0x8 ./startup/startup_lpc55s69_cm33_core0.o
                0x00007128                FLEXCOMM0_IRQHandler
 .text.FLEXCOMM1_IRQHandler
                0x00007130        0x8 ./startup/startup_lpc55s69_cm33_core0.o
                0x00007130                FLEXCOMM1_IRQHandler
 .text.FLEXCOMM2_IRQHandler
                0x00007138        0x8 ./startup/startup_lpc55s69_cm33_core0.o
                0x00007138                FLEXCOMM2_IRQHandler
 .text.FLEXCOMM3_IRQHandler
                0x00007140        0x8 ./startup/startup_lpc55s69_cm33_core0.o
                0x00007140                FLEXCOMM3_IRQHandler
 .text.FLEXCOMM4_IRQHandler
                0x00007148        0x8 ./startup/startup_lpc55s69_cm33_core0.o
                0x00007148                FLEXCOMM4_IRQHandler
 .text.FLEXCOMM5_IRQHandler
                0x00007150        0x8 ./startup/startup_lpc55s69_cm33_core0.o
                0x00007150                FLEXCOMM5_IRQHandler
 .text.FLEXCOMM6_IRQHandler
                0x00007158        0x8 ./startup/startup_lpc55s69_cm33_core0.o
                0x00007158                FLEXCOMM6_IRQHandler
 .text.FLEXCOMM7_IRQHandler
                0x00007160        0x8 ./startup/startup_lpc55s69_cm33_core0.o
                0x00007160                FLEXCOMM7_IRQHandler
 .text.Reserved39_IRQHandler
                0x00007168        0x8 ./startup/startup_lpc55s69_cm33_core0.o
                0x00007168                Reserved39_IRQHandler
 .text.ACMP_IRQHandler
                0x00007170        0x8 ./startup/startup_lpc55s69_cm33_core0.o
                0x00007170                ACMP_IRQHandler
 .text.Reserved41_IRQHandler
                0x00007178        0x8 ./startup/startup_lpc55s69_cm33_core0.o
                0x00007178                Reserved41_IRQHandler
 .text.Reserved42_IRQHandler
                0x00007180        0x8 ./startup/startup_lpc55s69_cm33_core0.o
                0x00007180                Reserved42_IRQHandler
 .text.USB0_NEEDCLK_IRQHandler
                0x00007188        0x8 ./startup/startup_lpc55s69_cm33_core0.o
                0x00007188                USB0_NEEDCLK_IRQHandler
 .text.USB0_IRQHandler
                0x00007190        0x8 ./startup/startup_lpc55s69_cm33_core0.o
                0x00007190                USB0_IRQHandler
 .text.RTC_IRQHandler
                0x00007198        0x8 ./startup/startup_lpc55s69_cm33_core0.o
                0x00007198                RTC_IRQHandler
 .text.Reserved46_IRQHandler
                0x000071a0        0x8 ./startup/startup_lpc55s69_cm33_core0.o
                0x000071a0                Reserved46_IRQHandler
 .text.MAILBOX_IRQHandler
                0x000071a8        0x8 ./startup/startup_lpc55s69_cm33_core0.o
                0x000071a8                MAILBOX_IRQHandler
 .text.PIN_INT4_IRQHandler
                0x000071b0        0x8 ./startup/startup_lpc55s69_cm33_core0.o
                0x000071b0                PIN_INT4_IRQHandler
 .text.PIN_INT5_IRQHandler
                0x000071b8        0x8 ./startup/startup_lpc55s69_cm33_core0.o
                0x000071b8                PIN_INT5_IRQHandler
 .text.PIN_INT6_IRQHandler
                0x000071c0        0x8 ./startup/startup_lpc55s69_cm33_core0.o
                0x000071c0                PIN_INT6_IRQHandler
 .text.PIN_INT7_IRQHandler
                0x000071c8        0x8 ./startup/startup_lpc55s69_cm33_core0.o
                0x000071c8                PIN_INT7_IRQHandler
 .text.CTIMER2_IRQHandler
                0x000071d0        0x8 ./startup/startup_lpc55s69_cm33_core0.o
                0x000071d0                CTIMER2_IRQHandler
 .text.CTIMER4_IRQHandler
                0x000071d8        0x8 ./startup/startup_lpc55s69_cm33_core0.o
                0x000071d8                CTIMER4_IRQHandler
 .text.OS_EVENT_IRQHandler
                0x000071e0        0x8 ./startup/startup_lpc55s69_cm33_core0.o
                0x000071e0                OS_EVENT_IRQHandler
 .text.Reserved55_IRQHandler
                0x000071e8        0x8 ./startup/startup_lpc55s69_cm33_core0.o
                0x000071e8                Reserved55_IRQHandler
 .text.Reserved56_IRQHandler
                0x000071f0        0x8 ./startup/startup_lpc55s69_cm33_core0.o
                0x000071f0                Reserved56_IRQHandler
 .text.Reserved57_IRQHandler
                0x000071f8        0x8 ./startup/startup_lpc55s69_cm33_core0.o
                0x000071f8                Reserved57_IRQHandler
 .text.SDIO_IRQHandler
                0x00007200        0x8 ./startup/startup_lpc55s69_cm33_core0.o
                0x00007200                SDIO_IRQHandler
 .text.Reserved59_IRQHandler
                0x00007208        0x8 ./startup/startup_lpc55s69_cm33_core0.o
                0x00007208                Reserved59_IRQHandler
 .text.Reserved60_IRQHandler
                0x00007210        0x8 ./startup/startup_lpc55s69_cm33_core0.o
                0x00007210                Reserved60_IRQHandler
 .text.Reserved61_IRQHandler
                0x00007218        0x8 ./startup/startup_lpc55s69_cm33_core0.o
                0x00007218                Reserved61_IRQHandler
 .text.USB1_PHY_IRQHandler
                0x00007220        0x8 ./startup/startup_lpc55s69_cm33_core0.o
                0x00007220                USB1_PHY_IRQHandler
 .text.USB1_IRQHandler
                0x00007228        0x8 ./startup/startup_lpc55s69_cm33_core0.o
                0x00007228                USB1_IRQHandler
 .text.USB1_NEEDCLK_IRQHandler
                0x00007230        0x8 ./startup/startup_lpc55s69_cm33_core0.o
                0x00007230                USB1_NEEDCLK_IRQHandler
 .text.SEC_HYPERVISOR_CALL_IRQHandler
                0x00007238        0x8 ./startup/startup_lpc55s69_cm33_core0.o
                0x00007238                SEC_HYPERVISOR_CALL_IRQHandler
 .text.SEC_GPIO_INT0_IRQ0_IRQHandler
                0x00007240        0x8 ./startup/startup_lpc55s69_cm33_core0.o
                0x00007240                SEC_GPIO_INT0_IRQ0_IRQHandler
 .text.SEC_GPIO_INT0_IRQ1_IRQHandler
                0x00007248        0x8 ./startup/startup_lpc55s69_cm33_core0.o
                0x00007248                SEC_GPIO_INT0_IRQ1_IRQHandler
 .text.PLU_IRQHandler
                0x00007250        0x8 ./startup/startup_lpc55s69_cm33_core0.o
                0x00007250                PLU_IRQHandler
 .text.SEC_VIO_IRQHandler
                0x00007258        0x8 ./startup/startup_lpc55s69_cm33_core0.o
                0x00007258                SEC_VIO_IRQHandler
 .text.HASHCRYPT_IRQHandler
                0x00007260        0x8 ./startup/startup_lpc55s69_cm33_core0.o
                0x00007260                HASHCRYPT_IRQHandler
 .text.CASER_IRQHandler
                0x00007268        0x8 ./startup/startup_lpc55s69_cm33_core0.o
                0x00007268                CASER_IRQHandler
 .text.PUF_IRQHandler
                0x00007270        0x8 ./startup/startup_lpc55s69_cm33_core0.o
                0x00007270                PUF_IRQHandler
 .text.PQ_IRQHandler
                0x00007278        0x8 ./startup/startup_lpc55s69_cm33_core0.o
                0x00007278                PQ_IRQHandler
 .text.DMA1_IRQHandler
                0x00007280        0x8 ./startup/startup_lpc55s69_cm33_core0.o
                0x00007280                DMA1_IRQHandler
 .text.FLEXCOMM8_IRQHandler
                0x00007288        0x8 ./startup/startup_lpc55s69_cm33_core0.o
                0x00007288                FLEXCOMM8_IRQHandler
 .text.SPI_Write_Byte
                0x00007290       0x2c ./source/lcd.o
                0x00007290                SPI_Write_Byte
 .text.SPI_Write_Words
                0x000072bc       0x54 ./source/lcd.o
                0x000072bc                SPI_Write_Words
 .text.Driver_Delay_ms
                0x00007310       0x1c ./source/lcd.o
                0x00007310                Driver_Delay_ms
 .text.LCD_SetHome
                0x0000732c       0x48 ./source/lcd.o
                0x0000732c                LCD_SetHome
 .text.HardFault_Handler
                0x00007374       0x2a ./source/semihost_hardfault.o
                0x00007374                HardFault_Handler
 .text.compare_elements
                0x0000739e       0x20 ./source/sound_locator.o
                0x0000739e                compare_elements
 .text.findPll0PreDiv
                0x000073be       0x1e ./drivers/fsl_clock.o
 .text.CLOCK_SetClkDiv
                0x000073dc       0x34 ./drivers/fsl_clock.o
                0x000073dc                CLOCK_SetClkDiv
 .text.CTIMER0_DriverIRQHandler
                0x00007410        0x6 ./drivers/fsl_ctimer.o
                0x00007410                CTIMER0_DriverIRQHandler
 .text.CTIMER1_DriverIRQHandler
                0x00007416        0x6 ./drivers/fsl_ctimer.o
                0x00007416                CTIMER1_DriverIRQHandler
 .text.CTIMER2_DriverIRQHandler
                0x0000741c        0x6 ./drivers/fsl_ctimer.o
                0x0000741c                CTIMER2_DriverIRQHandler
 .text.CTIMER3_DriverIRQHandler
                0x00007422        0x6 ./drivers/fsl_ctimer.o
                0x00007422                CTIMER3_DriverIRQHandler
 .text.CTIMER4_DriverIRQHandler
                0x00007428        0x6 ./drivers/fsl_ctimer.o
                0x00007428                CTIMER4_DriverIRQHandler
 .text.LPADC_Init
                0x0000742e       0xb4 ./drivers/fsl_lpadc.o
                0x0000742e                LPADC_Init
 .text.LPADC_GetConvResult
                0x000074e2       0x26 ./drivers/fsl_lpadc.o
                0x000074e2                LPADC_GetConvResult
 .text.LPADC_SetConvTriggerConfig
                0x00007508       0x42 ./drivers/fsl_lpadc.o
                0x00007508                LPADC_SetConvTriggerConfig
 .text.LPADC_SetConvCommandConfig
                0x0000754a       0x7a ./drivers/fsl_lpadc.o
                0x0000754a                LPADC_SetConvCommandConfig
 .text.PQ_SetConfig
                0x000075c4       0x4a ./drivers/fsl_powerquad_basic.o
                0x000075c4                PQ_SetConfig
 .text.PQ_TransformCFFT
                0x0000760e       0x10 ./drivers/fsl_powerquad_transform.o
                0x0000760e                PQ_TransformCFFT
 .text.RESET_SetPeripheralReset
                0x0000761e       0x1c ./drivers/fsl_reset.o
                0x0000761e                RESET_SetPeripheralReset
 .text.RESET_ClearPeripheralReset
                0x0000763a       0x1e ./drivers/fsl_reset.o
                0x0000763a                RESET_ClearPeripheralReset
 .text.RESET_PeripheralReset
                0x00007658        0xe ./drivers/fsl_reset.o
                0x00007658                RESET_PeripheralReset
 .text.SPI_MasterSetBaud
                0x00007666       0x44 ./drivers/fsl_spi.o
                0x00007666                SPI_MasterSetBaud
 .text.SystemInitHook
                0x000076aa        0x2 ./device/system_LPC55S69_cm33_core0.o
                0x000076aa                SystemInitHook
 .text.BOARD_InitBootClocks
                0x000076ac        0x4 ./board/clock_config.o
                0x000076ac                BOARD_InitBootClocks
 .text.BOARD_InitBootPeripherals
                0x000076b0        0x4 ./board/peripherals.o
                0x000076b0                BOARD_InitBootPeripherals
 .text.BOARD_InitBootPins
                0x000076b4        0x4 ./board/pin_mux.o
                0x000076b4                BOARD_InitBootPins
 *(SORT_BY_ALIGNMENT(.rodata) SORT_BY_ALIGNMENT(.rodata.*) SORT_BY_ALIGNMENT(.constdata) SORT_BY_ALIGNMENT(.constdata.*))
 .rodata.PIo2   0x000076b8       0x40 /Applications/MCUXpressoIDE_11.9.0_2144/ide/plugins/com.nxp.mcuxpresso.tools.macosx_11.9.0.202307121226/tools/bin/../lib/gcc/arm-none-eabi/12.3.1/../../../../arm-none-eabi/lib/thumb/v8-m.main+fp/hard/libm.a(libm_a-k_rem_pio2.o)
 .rodata.CSWTCH.9
                0x000076f8       0x18 /Applications/MCUXpressoIDE_11.9.0_2144/ide/plugins/com.nxp.mcuxpresso.tools.macosx_11.9.0.202307121226/tools/bin/../lib/gcc/arm-none-eabi/12.3.1/../../../../arm-none-eabi/lib/thumb/v8-m.main+fp/hard/libm.a(libm_a-e_atan2.o)
 .rodata.CSWTCH.8
                0x00007710       0x18 /Applications/MCUXpressoIDE_11.9.0_2144/ide/plugins/com.nxp.mcuxpresso.tools.macosx_11.9.0.202307121226/tools/bin/../lib/gcc/arm-none-eabi/12.3.1/../../../../arm-none-eabi/lib/thumb/v8-m.main+fp/hard/libm.a(libm_a-e_atan2.o)
 .rodata.atanlo
                0x00007728       0x20 /Applications/MCUXpressoIDE_11.9.0_2144/ide/plugins/com.nxp.mcuxpresso.tools.macosx_11.9.0.202307121226/tools/bin/../lib/gcc/arm-none-eabi/12.3.1/../../../../arm-none-eabi/lib/thumb/v8-m.main+fp/hard/libm.a(libm_a-s_atan.o)
 .rodata.atanhi
                0x00007748       0x20 /Applications/MCUXpressoIDE_11.9.0_2144/ide/plugins/com.nxp.mcuxpresso.tools.macosx_11.9.0.202307121226/tools/bin/../lib/gcc/arm-none-eabi/12.3.1/../../../../arm-none-eabi/lib/thumb/v8-m.main+fp/hard/libm.a(libm_a-s_atan.o)
 .rodata.s_ctimerResets
                0x00007768       0x14 ./drivers/fsl_ctimer.o
 .rodata.s_ctimerBases
                0x0000777c       0x14 ./drivers/fsl_ctimer.o
 .rodata.s_flexcommResets
                0x00007790       0x24 ./drivers/fsl_flexcomm.o
 .rodata.s_flexcommBaseAddrs
                0x000077b4       0x24 ./drivers/fsl_flexcomm.o
 .rodata.s_spiBaseAddrs
                0x000077d8       0x24 ./drivers/fsl_spi.o
 .rodata.FLEXCOMM3_config
                0x000077fc       0x18 ./board/peripherals.o
                0x000077fc                FLEXCOMM3_config
 .rodata.CTIMER0_Match_3_config
                0x00007814        0xc ./board/peripherals.o
                0x00007814                CTIMER0_Match_3_config
 .rodata.CTIMER0_config
                0x00007820        0x8 ./board/peripherals.o
                0x00007820                CTIMER0_config
 .rodata.ADC0_config
                0x00007828       0x18 ./board/peripherals.o
                0x00007828                ADC0_config
 .rodata.arm_cfft_sR_f32_len512
                0x00007840       0x10 /Users/ki_14/Documents/MCUXpressoIDE_11.9.0_2144/workspace/sound_locator/libs/libarm_ARMv8MMLldfsp_math.a(arm_const_structs.o)
                0x00007840                arm_cfft_sR_f32_len512
 .rodata.armBitRevIndexTable512
                0x00007850      0x380 /Users/ki_14/Documents/MCUXpressoIDE_11.9.0_2144/workspace/sound_locator/libs/libarm_ARMv8MMLldfsp_math.a(arm_common_tables.o)
                0x00007850                armBitRevIndexTable512
 .rodata.twiddleCoef_512
                0x00007bd0     0x1000 /Users/ki_14/Documents/MCUXpressoIDE_11.9.0_2144/workspace/sound_locator/libs/libarm_ARMv8MMLldfsp_math.a(arm_common_tables.o)
                0x00007bd0                twiddleCoef_512
 .rodata.npio2_hw
                0x00008bd0       0x80 /Applications/MCUXpressoIDE_11.9.0_2144/ide/plugins/com.nxp.mcuxpresso.tools.macosx_11.9.0.202307121226/tools/bin/../lib/gcc/arm-none-eabi/12.3.1/../../../../arm-none-eabi/lib/thumb/v8-m.main+fp/hard/libm.a(libm_a-e_rem_pio2.o)
 .rodata.two_over_pi
                0x00008c50      0x108 /Applications/MCUXpressoIDE_11.9.0_2144/ide/plugins/com.nxp.mcuxpresso.tools.macosx_11.9.0.202307121226/tools/bin/../lib/gcc/arm-none-eabi/12.3.1/../../../../arm-none-eabi/lib/thumb/v8-m.main+fp/hard/libm.a(libm_a-e_rem_pio2.o)
 .rodata.init_jk
                0x00008d58       0x10 /Applications/MCUXpressoIDE_11.9.0_2144/ide/plugins/com.nxp.mcuxpresso.tools.macosx_11.9.0.202307121226/tools/bin/../lib/gcc/arm-none-eabi/12.3.1/../../../../arm-none-eabi/lib/thumb/v8-m.main+fp/hard/libm.a(libm_a-k_rem_pio2.o)
 .rodata.log.str1.4
                0x00008d68        0x1 /Applications/MCUXpressoIDE_11.9.0_2144/ide/plugins/com.nxp.mcuxpresso.tools.macosx_11.9.0.202307121226/tools/bin/../lib/gcc/arm-none-eabi/12.3.1/../../../../arm-none-eabi/lib/thumb/v8-m.main+fp/hard/libm.a(libm_a-w_log.o)
 *fill*         0x00008d69        0x1 ff
 .rodata.locator_bitmap_160x128
                0x00008d6a     0xa000 ./source/sound_locator.o
                0x00008d6a                locator_bitmap_160x128
 .rodata.s_ctimerClocks
                0x00012d6a        0xa ./drivers/fsl_ctimer.o
 .rodata.s_flexcommClocks
                0x00012d74       0x12 ./drivers/fsl_flexcomm.o
 .rodata.s_gpioClockName
                0x00012d86        0x8 ./drivers/fsl_gpio.o
 .rodata.s_ctimerIRQ
                0x00012d8e        0x5 ./drivers/fsl_ctimer.o
 .rodata        0x00012d93        0x2 ./board/pin_mux.o
                0x00012d98                        . = ALIGN (0x4)
 *fill*         0x00012d95        0x3 ff

.glue_7         0x00012d98        0x0
 .glue_7        0x00012d98        0x0 linker stubs

.glue_7t        0x00012d98        0x0
 .glue_7t       0x00012d98        0x0 linker stubs

.vfp11_veneer   0x00012d98        0x0
 .vfp11_veneer  0x00012d98        0x0 linker stubs

.v4_bx          0x00012d98        0x0
 .v4_bx         0x00012d98        0x0 linker stubs

.iplt           0x00012d98        0x0
 .iplt          0x00012d98        0x0 ./startup/startup_lpc55s69_cm33_core0.o

.ARM.extab
 *(SORT_BY_ALIGNMENT(.ARM.extab*) SORT_BY_ALIGNMENT(.gnu.linkonce.armextab.*))

.ARM.exidx      0x00012d98        0x8
                0x00012d98                        __exidx_start = .
 *(SORT_BY_ALIGNMENT(.ARM.exidx*) SORT_BY_ALIGNMENT(.gnu.linkonce.armexidx.*))
 .ARM.exidx.text.__udivmoddi4
                0x00012d98        0x8 /Applications/MCUXpressoIDE_11.9.0_2144/ide/plugins/com.nxp.mcuxpresso.tools.macosx_11.9.0.202307121226/tools/bin/../lib/gcc/arm-none-eabi/12.3.1/thumb/v8-m.main+fp/hard/libgcc.a(_udivmoddi4.o)
                0x00012da0                        __exidx_end = .
                0x00012da0                        _etext = .

.rel.dyn        0x00012da0        0x0
 .rel.iplt      0x00012da0        0x0 ./startup/startup_lpc55s69_cm33_core0.o

.m_usb_data
 *(SORT_BY_ALIGNMENT(m_usb_global))

.data_RAM2      0x20040000        0x0 load address 0x00012da0
 FILL mask 0xff
                [!provide]                        PROVIDE (__start_data_RAM2 = .)
                [!provide]                        PROVIDE (__start_data_SRAM4 = .)
 *(SORT_BY_ALIGNMENT(.ramfunc.$RAM2))
 *(SORT_BY_ALIGNMENT(.ramfunc.$SRAM4))
 *(SORT_BY_ALIGNMENT(.data.$RAM2))
 *(SORT_BY_ALIGNMENT(.data.$SRAM4))
 *(SORT_BY_ALIGNMENT(.data.$RAM2.*))
 *(SORT_BY_ALIGNMENT(.data.$SRAM4.*))
                0x20040000                        . = ALIGN (0x4)
                [!provide]                        PROVIDE (__end_data_RAM2 = .)
                [!provide]                        PROVIDE (__end_data_SRAM4 = .)

.data_RAM3      0x04000000        0x0 load address 0x00012da0
 FILL mask 0xff
                [!provide]                        PROVIDE (__start_data_RAM3 = .)
                [!provide]                        PROVIDE (__start_data_SRAMX = .)
 *(SORT_BY_ALIGNMENT(.ramfunc.$RAM3))
 *(SORT_BY_ALIGNMENT(.ramfunc.$SRAMX))
 *(SORT_BY_ALIGNMENT(.data.$RAM3))
 *(SORT_BY_ALIGNMENT(.data.$SRAMX))
 *(SORT_BY_ALIGNMENT(.data.$RAM3.*))
 *(SORT_BY_ALIGNMENT(.data.$SRAMX.*))
                0x04000000                        . = ALIGN (0x4)
                [!provide]                        PROVIDE (__end_data_RAM3 = .)
                [!provide]                        PROVIDE (__end_data_SRAMX = .)

.data_RAM4      0x40100000        0x0 load address 0x00012da0
 FILL mask 0xff
                [!provide]                        PROVIDE (__start_data_RAM4 = .)
                [!provide]                        PROVIDE (__start_data_USB_RAM = .)
 *(SORT_BY_ALIGNMENT(.ramfunc.$RAM4))
 *(SORT_BY_ALIGNMENT(.ramfunc.$USB_RAM))
 *(SORT_BY_ALIGNMENT(.data.$RAM4))
 *(SORT_BY_ALIGNMENT(.data.$USB_RAM))
 *(SORT_BY_ALIGNMENT(.data.$RAM4.*))
 *(SORT_BY_ALIGNMENT(.data.$USB_RAM.*))
                0x40100000                        . = ALIGN (0x4)
                [!provide]                        PROVIDE (__end_data_RAM4 = .)
                [!provide]                        PROVIDE (__end_data_USB_RAM = .)

.uninit_RESERVED
                0x20000000        0x0
                0x20000000                        _start_uninit_RESERVED = .
 *(SORT_BY_ALIGNMENT(.bss.$RESERVED*))
                0x20000000                        . = ALIGN (0x4)
                0x20000000                        _end_uninit_RESERVED = .

.data           0x20000000      0x174 load address 0x00012da0
 FILL mask 0xff
                0x20000000                        _data = .
                [!provide]                        PROVIDE (__start_data_RAM = .)
                [!provide]                        PROVIDE (__start_data_SRAM = .)
 *(SORT_BY_ALIGNMENT(vtable))
 *(SORT_BY_ALIGNMENT(.ramfunc*))
 *(SORT_BY_ALIGNMENT(CodeQuickAccess))
 *(SORT_BY_ALIGNMENT(DataQuickAccess))
 *(SORT_BY_ALIGNMENT(RamFunction))
 *(SORT_BY_ALIGNMENT(.data*))
 .data._impure_data
                0x20000000      0x120 /Applications/MCUXpressoIDE_11.9.0_2144/ide/plugins/com.nxp.mcuxpresso.tools.macosx_11.9.0.202307121226/tools/bin/../lib/gcc/arm-none-eabi/12.3.1/../../../../arm-none-eabi/lib/thumb/v8-m.main+fp/hard/libc.a(libc_a-impure.o)
                0x20000000                _impure_data
 .data.tiny     0x20000120        0x8 /Applications/MCUXpressoIDE_11.9.0_2144/ide/plugins/com.nxp.mcuxpresso.tools.macosx_11.9.0.202307121226/tools/bin/../lib/gcc/arm-none-eabi/12.3.1/../../../../arm-none-eabi/lib/thumb/v8-m.main+fp/hard/libm.a(libm_a-e_sqrt.o)
 .data.one      0x20000128        0x8 /Applications/MCUXpressoIDE_11.9.0_2144/ide/plugins/com.nxp.mcuxpresso.tools.macosx_11.9.0.202307121226/tools/bin/../lib/gcc/arm-none-eabi/12.3.1/../../../../arm-none-eabi/lib/thumb/v8-m.main+fp/hard/libm.a(libm_a-e_sqrt.o)
 .data.s_Ext_Clk_Freq
                0x20000130        0x4 ./drivers/fsl_clock.o
 .data.SystemCoreClock
                0x20000134        0x4 ./device/system_LPC55S69_cm33_core0.o
                0x20000134                SystemCoreClock
 .data.ADC0_triggersConfig
                0x20000138       0x10 ./board/peripherals.o
                0x20000138                ADC0_triggersConfig
 .data.ADC0_commandsConfig
                0x20000148       0x24 ./board/peripherals.o
                0x20000148                ADC0_commandsConfig
 .data._impure_ptr
                0x2000016c        0x4 /Applications/MCUXpressoIDE_11.9.0_2144/ide/plugins/com.nxp.mcuxpresso.tools.macosx_11.9.0.202307121226/tools/bin/../lib/gcc/arm-none-eabi/12.3.1/../../../../arm-none-eabi/lib/thumb/v8-m.main+fp/hard/libc.a(libc_a-impure.o)
                0x2000016c                _impure_ptr
 .data.counter  0x20000170        0x2 ./source/sound_locator.o
                0x20000170                counter
                0x20000174                        . = ALIGN (0x4)
 *fill*         0x20000172        0x2 ff
                0x20000174                        _edata = .
                [!provide]                        PROVIDE (__end_data_RAM = .)
                [!provide]                        PROVIDE (__end_data_SRAM = .)

.igot.plt       0x20000174        0x0 load address 0x00012f14
 .igot.plt      0x20000174        0x0 ./startup/startup_lpc55s69_cm33_core0.o

.bss_RAM2       0x20040000        0x0
                [!provide]                        PROVIDE (__start_bss_RAM2 = .)
                [!provide]                        PROVIDE (__start_bss_SRAM4 = .)
 *(SORT_BY_ALIGNMENT(.bss.$RAM2))
 *(SORT_BY_ALIGNMENT(.bss.$SRAM4))
 *(SORT_BY_ALIGNMENT(.bss.$RAM2.*))
 *(SORT_BY_ALIGNMENT(.bss.$SRAM4.*))
                0x20040000                        . = ALIGN ((. != 0x0)?0x4:0x1)
                [!provide]                        PROVIDE (__end_bss_RAM2 = .)
                [!provide]                        PROVIDE (__end_bss_SRAM4 = .)

.bss_RAM3       0x04000000        0x0
                [!provide]                        PROVIDE (__start_bss_RAM3 = .)
                [!provide]                        PROVIDE (__start_bss_SRAMX = .)
 *(SORT_BY_ALIGNMENT(.bss.$RAM3))
 *(SORT_BY_ALIGNMENT(.bss.$SRAMX))
 *(SORT_BY_ALIGNMENT(.bss.$RAM3.*))
 *(SORT_BY_ALIGNMENT(.bss.$SRAMX.*))
                0x04000000                        . = ALIGN ((. != 0x0)?0x4:0x1)
                [!provide]                        PROVIDE (__end_bss_RAM3 = .)
                [!provide]                        PROVIDE (__end_bss_SRAMX = .)

.bss_RAM4       0x40100000        0x0
                [!provide]                        PROVIDE (__start_bss_RAM4 = .)
                [!provide]                        PROVIDE (__start_bss_USB_RAM = .)
 *(SORT_BY_ALIGNMENT(.bss.$RAM4))
 *(SORT_BY_ALIGNMENT(.bss.$USB_RAM))
 *(SORT_BY_ALIGNMENT(.bss.$RAM4.*))
 *(SORT_BY_ALIGNMENT(.bss.$USB_RAM.*))
                0x40100000                        . = ALIGN ((. != 0x0)?0x4:0x1)
                [!provide]                        PROVIDE (__end_bss_RAM4 = .)
                [!provide]                        PROVIDE (__end_bss_USB_RAM = .)

.bss            0x20000174    0x115e4
                0x20000174                        _bss = .
                [!provide]                        PROVIDE (__start_bss_RAM = .)
                [!provide]                        PROVIDE (__start_bss_SRAM = .)
 *(SORT_BY_ALIGNMENT(.bss*))
 .bss.L_FrameBuffer
                0x20000174        0x4 ./source/lcd.o
                0x20000174                L_FrameBuffer
 .bss.SPI_base  0x20000178        0x4 ./source/lcd.o
                0x20000178                SPI_base
 .bss.sortTab   0x2000017c     0x2000 ./source/sound_locator.o
                0x2000017c                sortTab
 .bss.z         0x2000217c        0x8 ./source/sound_locator.o
                0x2000217c                z
 .bss.result    0x20002184        0x4 ./source/sound_locator.o
                0x20002184                result
 .bss.g12       0x20002188     0x1000 ./source/sound_locator.o
                0x20002188                g12
 .bss.g2        0x20003188     0x1000 ./source/sound_locator.o
                0x20003188                g2
 .bss.g1        0x20004188     0x1000 ./source/sound_locator.o
                0x20004188                g1
 .bss.y         0x20005188     0x1000 ./source/sound_locator.o
                0x20005188                y
 .bss.g_LpadcResultConfigStruct
                0x20006188       0x10 ./source/sound_locator.o
                0x20006188                g_LpadcResultConfigStruct
 .bss.wr        0x20006198        0x4 ./source/sound_locator.o
                0x20006198                wr
 .bss.x2        0x2000619c      0x800 ./source/sound_locator.o
                0x2000619c                x2
 .bss.x1        0x2000699c      0x800 ./source/sound_locator.o
                0x2000699c                x1
 .bss.s_Pll0_Freq
                0x2000719c        0x4 ./drivers/fsl_clock.o
 .bss.s_ctimerCallback
                0x200071a0       0x14 ./drivers/fsl_ctimer.o
 .bss.s_flexcommHandle
                0x200071b4       0x24 ./drivers/fsl_flexcomm.o
 .bss.s_flexcommIrqHandler
                0x200071d8       0x24 ./drivers/fsl_flexcomm.o
 .bss.__sf      0x200071fc      0x138 /Applications/MCUXpressoIDE_11.9.0_2144/ide/plugins/com.nxp.mcuxpresso.tools.macosx_11.9.0.202307121226/tools/bin/../lib/gcc/arm-none-eabi/12.3.1/../../../../arm-none-eabi/lib/thumb/v8-m.main+fp/hard/libc.a(libc_a-findfp.o)
                0x200071fc                __sf
 .bss.FrameBuffer
                0x20007334     0xa000 ./source/lcd.o
                0x20007334                FrameBuffer
 .bss.dataBuffer2
                0x20011334      0x200 ./source/sound_locator.o
                0x20011334                dataBuffer2
 .bss.dataBuffer1
                0x20011534      0x200 ./source/sound_locator.o
                0x20011534                dataBuffer1
 .bss.dataReady
                0x20011734        0x1 ./source/sound_locator.o
                0x20011734                dataReady
 .bss.ctimerCallbackType
                0x20011735        0x5 ./drivers/fsl_ctimer.o
 .bss.s_dummyData
                0x2001173a        0x9 ./drivers/fsl_spi.o
                0x2001173a                s_dummyData
 .bss.g_configs
                0x20011743       0x12 ./drivers/fsl_spi.o
 *(SORT_BY_ALIGNMENT(COMMON))
                0x20011758                        . = ALIGN (0x4)
 *fill*         0x20011755        0x3 
                0x20011758                        _ebss = .
                [!provide]                        PROVIDE (__end_bss_RAM = .)
                [!provide]                        PROVIDE (__end_bss_SRAM = .)
                [!provide]                        PROVIDE (end = .)

.noinit_RAM2    0x20040000        0x0
                [!provide]                        PROVIDE (__start_noinit_RAM2 = .)
                [!provide]                        PROVIDE (__start_noinit_SRAM4 = .)
 *(SORT_BY_ALIGNMENT(.noinit.$RAM2))
 *(SORT_BY_ALIGNMENT(.noinit.$SRAM4))
 *(SORT_BY_ALIGNMENT(.noinit.$RAM2.*))
 *(SORT_BY_ALIGNMENT(.noinit.$SRAM4.*))
                0x20040000                        . = ALIGN (0x4)
                [!provide]                        PROVIDE (__end_noinit_RAM2 = .)
                [!provide]                        PROVIDE (__end_noinit_SRAM4 = .)

.noinit_RAM3    0x04000000        0x0
                [!provide]                        PROVIDE (__start_noinit_RAM3 = .)
                [!provide]                        PROVIDE (__start_noinit_SRAMX = .)
 *(SORT_BY_ALIGNMENT(.noinit.$RAM3))
 *(SORT_BY_ALIGNMENT(.noinit.$SRAMX))
 *(SORT_BY_ALIGNMENT(.noinit.$RAM3.*))
 *(SORT_BY_ALIGNMENT(.noinit.$SRAMX.*))
                0x04000000                        . = ALIGN (0x4)
                [!provide]                        PROVIDE (__end_noinit_RAM3 = .)
                [!provide]                        PROVIDE (__end_noinit_SRAMX = .)

.noinit_RAM4    0x40100000        0x0
                [!provide]                        PROVIDE (__start_noinit_RAM4 = .)
                [!provide]                        PROVIDE (__start_noinit_USB_RAM = .)
 *(SORT_BY_ALIGNMENT(.noinit.$RAM4))
 *(SORT_BY_ALIGNMENT(.noinit.$USB_RAM))
 *(SORT_BY_ALIGNMENT(.noinit.$RAM4.*))
 *(SORT_BY_ALIGNMENT(.noinit.$USB_RAM.*))
                0x40100000                        . = ALIGN (0x4)
                [!provide]                        PROVIDE (__end_noinit_RAM4 = .)
                [!provide]                        PROVIDE (__end_noinit_USB_RAM = .)

.noinit         0x20011758        0x0
                0x20011758                        _noinit = .
                [!provide]                        PROVIDE (__start_noinit_RAM = .)
                [!provide]                        PROVIDE (__start_noinit_SRAM = .)
 *(SORT_BY_ALIGNMENT(.noinit*))
                0x20011758                        . = ALIGN (0x4)
                0x20011758                        _end_noinit = .
                [!provide]                        PROVIDE (__end_noinit_RAM = .)
                [!provide]                        PROVIDE (__end_noinit_SRAM = .)
                0x00001000                        _HeapSize = 0x1000

.heap           0x20011758     0x1000
                0x20011758                        _pvHeapStart = .
                0x20012758                        . = (. + _HeapSize)
 *fill*         0x20011758     0x1000 
                0x20012758                        . = ALIGN (0x4)
                0x20012758                        _pvHeapLimit = .
                0x00001000                        _StackSize = 0x1000

.heap2stackfill
                0x20012758     0x1000
                0x20013758                        . = (. + _StackSize)
 *fill*         0x20012758     0x1000 

.stack          0x2003f000        0x0
                0x2003f000                        _vStackBase = .
                0x2003f000                        . = ALIGN (0x4)
                0x20040000                        _vStackTop = (. + _StackSize)
                [!provide]                        PROVIDE (__valid_user_code_checksum = (0x0 - ((((((_vStackTop + (ResetISR + 0x1)) + (NMI_Handler + 0x1)) + (HardFault_Handler + 0x1)) + (DEFINED (MemManage_Handler)?MemManage_Handler:0x0 + 0x1)) + (DEFINED (BusFault_Handler)?BusFault_Handler:0x0 + 0x1)) + (DEFINED (UsageFault_Handler)?UsageFault_Handler:0x0 + 0x1))))
                0x00000000                        _image_start = LOADADDR (.text)
                0x00012f14                        _image_end = (LOADADDR (.data) + SIZEOF (.data))
                0x00012f14                        _image_size = (_image_end - _image_start)
OUTPUT(sound_locator.axf elf32-littlearm)
LOAD linker stubs

.debug_info     0x00000000    0x2ba20
 .debug_info    0x00000000      0xa04 ./startup/startup_lpc55s69_cm33_core0.o
 .debug_info    0x00000a04     0x1ec4 ./source/lcd.o
 .debug_info    0x000028c8       0x38 ./source/semihost_hardfault.o
 .debug_info    0x00002900     0x1bc5 ./source/sound_locator.o
 .debug_info    0x000044c5     0x446c ./drivers/fsl_clock.o
 .debug_info    0x00008931      0x307 ./drivers/fsl_common.o
 .debug_info    0x00008c38     0x260d ./drivers/fsl_ctimer.o
 .debug_info    0x0000b245     0x1b68 ./drivers/fsl_flexcomm.o
 .debug_info    0x0000cdad     0x1800 ./drivers/fsl_gpio.o
 .debug_info    0x0000e5ad     0x1c16 ./drivers/fsl_lpadc.o
 .debug_info    0x000101c3     0x15bc ./drivers/fsl_powerquad_basic.o
 .debug_info    0x0001177f      0x488 ./drivers/fsl_powerquad_transform.o
 .debug_info    0x00011c07      0xefe ./drivers/fsl_reset.o
 .debug_info    0x00012b05     0x1f30 ./drivers/fsl_spi.o
 .debug_info    0x00014a35     0x151d ./device/system_LPC55S69_cm33_core0.o
 .debug_info    0x00015f52      0x95c ./board/board.o
 .debug_info    0x000168ae     0x1dd4 ./board/clock_config.o
 .debug_info    0x00018682     0x1fcf ./board/peripherals.o
 .debug_info    0x0001a651     0x1392 ./board/pin_mux.o
 .debug_info    0x0001b9e3     0x3605 /Users/ki_14/Documents/MCUXpressoIDE_11.9.0_2144/workspace/sound_locator/LPC55S69/mcuxpresso/libpower_hardabi.a(fsl_power_lib.o)
 .debug_info    0x0001efe8     0x1d16 /Users/ki_14/Documents/MCUXpressoIDE_11.9.0_2144/workspace/sound_locator/libs/libarm_ARMv8MMLldfsp_math.a(arm_const_structs.o)
 .debug_info    0x00020cfe     0x1a84 /Users/ki_14/Documents/MCUXpressoIDE_11.9.0_2144/workspace/sound_locator/libs/libarm_ARMv8MMLldfsp_math.a(arm_common_tables.o)
 .debug_info    0x00022782      0xb19 /Users/ki_14/Documents/MCUXpressoIDE_11.9.0_2144/workspace/sound_locator/libs/libarm_ARMv8MMLldfsp_math.a(arm_q31_to_float.o)
 .debug_info    0x0002329b      0xc27 /Users/ki_14/Documents/MCUXpressoIDE_11.9.0_2144/workspace/sound_locator/libs/libarm_ARMv8MMLldfsp_math.a(arm_float_to_q31.o)
 .debug_info    0x00023ec2     0x1c58 /Users/ki_14/Documents/MCUXpressoIDE_11.9.0_2144/workspace/sound_locator/libs/libarm_ARMv8MMLldfsp_math.a(arm_cfft_f32.o)
 .debug_info    0x00025b1a     0x16ac /Users/ki_14/Documents/MCUXpressoIDE_11.9.0_2144/workspace/sound_locator/libs/libarm_ARMv8MMLldfsp_math.a(arm_bitreversal2.o)
 .debug_info    0x000271c6      0xb3c /Users/ki_14/Documents/MCUXpressoIDE_11.9.0_2144/workspace/sound_locator/libs/libarm_ARMv8MMLldfsp_math.a(arm_cmplx_mult_cmplx_f32.o)
 .debug_info    0x00027d02      0xcba /Users/ki_14/Documents/MCUXpressoIDE_11.9.0_2144/workspace/sound_locator/libs/libarm_ARMv8MMLldfsp_math.a(arm_cmplx_mag_f32.o)
 .debug_info    0x000289bc      0xae0 /Users/ki_14/Documents/MCUXpressoIDE_11.9.0_2144/workspace/sound_locator/libs/libarm_ARMv8MMLldfsp_math.a(arm_cmplx_conj_f32.o)
 .debug_info    0x0002949c      0xba6 /Users/ki_14/Documents/MCUXpressoIDE_11.9.0_2144/workspace/sound_locator/libs/libarm_ARMv8MMLldfsp_math.a(arm_scale_q31.o)
 .debug_info    0x0002a042      0xaf4 /Users/ki_14/Documents/MCUXpressoIDE_11.9.0_2144/workspace/sound_locator/libs/libarm_ARMv8MMLldfsp_math.a(arm_scale_f32.o)
 .debug_info    0x0002ab36      0xeea /Users/ki_14/Documents/MCUXpressoIDE_11.9.0_2144/workspace/sound_locator/libs/libarm_ARMv8MMLldfsp_math.a(arm_cfft_radix8_f32.o)

.debug_abbrev   0x00000000     0x52f1
 .debug_abbrev  0x00000000      0x19c ./startup/startup_lpc55s69_cm33_core0.o
 .debug_abbrev  0x0000019c      0x432 ./source/lcd.o
 .debug_abbrev  0x000005ce       0x2e ./source/semihost_hardfault.o
 .debug_abbrev  0x000005fc      0x3e4 ./source/sound_locator.o
 .debug_abbrev  0x000009e0      0x573 ./drivers/fsl_clock.o
 .debug_abbrev  0x00000f53      0x208 ./drivers/fsl_common.o
 .debug_abbrev  0x0000115b      0x49b ./drivers/fsl_ctimer.o
 .debug_abbrev  0x000015f6      0x351 ./drivers/fsl_flexcomm.o
 .debug_abbrev  0x00001947      0x291 ./drivers/fsl_gpio.o
 .debug_abbrev  0x00001bd8      0x365 ./drivers/fsl_lpadc.o
 .debug_abbrev  0x00001f3d      0x258 ./drivers/fsl_powerquad_basic.o
 .debug_abbrev  0x00002195       0xfd ./drivers/fsl_powerquad_transform.o
 .debug_abbrev  0x00002292      0x181 ./drivers/fsl_reset.o
 .debug_abbrev  0x00002413      0x467 ./drivers/fsl_spi.o
 .debug_abbrev  0x0000287a      0x283 ./device/system_LPC55S69_cm33_core0.o
 .debug_abbrev  0x00002afd      0x139 ./board/board.o
 .debug_abbrev  0x00002c36      0x29a ./board/clock_config.o
 .debug_abbrev  0x00002ed0      0x333 ./board/peripherals.o
 .debug_abbrev  0x00003203      0x29a ./board/pin_mux.o
 .debug_abbrev  0x0000349d      0x494 /Users/ki_14/Documents/MCUXpressoIDE_11.9.0_2144/workspace/sound_locator/LPC55S69/mcuxpresso/libpower_hardabi.a(fsl_power_lib.o)
 .debug_abbrev  0x00003931      0x201 /Users/ki_14/Documents/MCUXpressoIDE_11.9.0_2144/workspace/sound_locator/libs/libarm_ARMv8MMLldfsp_math.a(arm_const_structs.o)
 .debug_abbrev  0x00003b32      0x1dd /Users/ki_14/Documents/MCUXpressoIDE_11.9.0_2144/workspace/sound_locator/libs/libarm_ARMv8MMLldfsp_math.a(arm_common_tables.o)
 .debug_abbrev  0x00003d0f      0x1ff /Users/ki_14/Documents/MCUXpressoIDE_11.9.0_2144/workspace/sound_locator/libs/libarm_ARMv8MMLldfsp_math.a(arm_q31_to_float.o)
 .debug_abbrev  0x00003f0e      0x271 /Users/ki_14/Documents/MCUXpressoIDE_11.9.0_2144/workspace/sound_locator/libs/libarm_ARMv8MMLldfsp_math.a(arm_float_to_q31.o)
 .debug_abbrev  0x0000417f      0x2e0 /Users/ki_14/Documents/MCUXpressoIDE_11.9.0_2144/workspace/sound_locator/libs/libarm_ARMv8MMLldfsp_math.a(arm_cfft_f32.o)
 .debug_abbrev  0x0000445f      0x21a /Users/ki_14/Documents/MCUXpressoIDE_11.9.0_2144/workspace/sound_locator/libs/libarm_ARMv8MMLldfsp_math.a(arm_bitreversal2.o)
 .debug_abbrev  0x00004679      0x1ff /Users/ki_14/Documents/MCUXpressoIDE_11.9.0_2144/workspace/sound_locator/libs/libarm_ARMv8MMLldfsp_math.a(arm_cmplx_mult_cmplx_f32.o)
 .debug_abbrev  0x00004878      0x288 /Users/ki_14/Documents/MCUXpressoIDE_11.9.0_2144/workspace/sound_locator/libs/libarm_ARMv8MMLldfsp_math.a(arm_cmplx_mag_f32.o)
 .debug_abbrev  0x00004b00      0x1eb /Users/ki_14/Documents/MCUXpressoIDE_11.9.0_2144/workspace/sound_locator/libs/libarm_ARMv8MMLldfsp_math.a(arm_cmplx_conj_f32.o)
 .debug_abbrev  0x00004ceb      0x210 /Users/ki_14/Documents/MCUXpressoIDE_11.9.0_2144/workspace/sound_locator/libs/libarm_ARMv8MMLldfsp_math.a(arm_scale_q31.o)
 .debug_abbrev  0x00004efb      0x1eb /Users/ki_14/Documents/MCUXpressoIDE_11.9.0_2144/workspace/sound_locator/libs/libarm_ARMv8MMLldfsp_math.a(arm_scale_f32.o)
 .debug_abbrev  0x000050e6      0x20b /Users/ki_14/Documents/MCUXpressoIDE_11.9.0_2144/workspace/sound_locator/libs/libarm_ARMv8MMLldfsp_math.a(arm_cfft_radix8_f32.o)

.debug_loc      0x00000000     0xd50e
 .debug_loc     0x00000000      0x16a ./startup/startup_lpc55s69_cm33_core0.o
 .debug_loc     0x0000016a     0x1167 ./source/lcd.o
 .debug_loc     0x000012d1      0x2e1 ./source/sound_locator.o
 .debug_loc     0x000015b2     0x275b ./drivers/fsl_clock.o
 .debug_loc     0x00003d0d      0x316 ./drivers/fsl_common.o
 .debug_loc     0x00004023      0xc10 ./drivers/fsl_ctimer.o
 .debug_loc     0x00004c33      0x26d ./drivers/fsl_flexcomm.o
 .debug_loc     0x00004ea0      0x263 ./drivers/fsl_gpio.o
 .debug_loc     0x00005103      0x436 ./drivers/fsl_lpadc.o
 .debug_loc     0x00005539      0x114 ./drivers/fsl_powerquad_basic.o
 .debug_loc     0x0000564d      0x132 ./drivers/fsl_powerquad_transform.o
 .debug_loc     0x0000577f       0xce ./drivers/fsl_reset.o
 .debug_loc     0x0000584d     0x14db ./drivers/fsl_spi.o
 .debug_loc     0x00006d28      0x397 ./device/system_LPC55S69_cm33_core0.o
 .debug_loc     0x000070bf      0x17b ./board/clock_config.o
 .debug_loc     0x0000723a       0xb8 ./board/peripherals.o
 .debug_loc     0x000072f2      0x140 ./board/pin_mux.o
 .debug_loc     0x00007432     0x1a48 /Users/ki_14/Documents/MCUXpressoIDE_11.9.0_2144/workspace/sound_locator/LPC55S69/mcuxpresso/libpower_hardabi.a(fsl_power_lib.o)
 .debug_loc     0x00008e7a      0x1eb /Users/ki_14/Documents/MCUXpressoIDE_11.9.0_2144/workspace/sound_locator/libs/libarm_ARMv8MMLldfsp_math.a(arm_q31_to_float.o)
 .debug_loc     0x00009065      0x469 /Users/ki_14/Documents/MCUXpressoIDE_11.9.0_2144/workspace/sound_locator/libs/libarm_ARMv8MMLldfsp_math.a(arm_float_to_q31.o)
 .debug_loc     0x000094ce     0x17d4 /Users/ki_14/Documents/MCUXpressoIDE_11.9.0_2144/workspace/sound_locator/libs/libarm_ARMv8MMLldfsp_math.a(arm_cfft_f32.o)
 .debug_loc     0x0000aca2      0x25f /Users/ki_14/Documents/MCUXpressoIDE_11.9.0_2144/workspace/sound_locator/libs/libarm_ARMv8MMLldfsp_math.a(arm_bitreversal2.o)
 .debug_loc     0x0000af01      0x58a /Users/ki_14/Documents/MCUXpressoIDE_11.9.0_2144/workspace/sound_locator/libs/libarm_ARMv8MMLldfsp_math.a(arm_cmplx_mult_cmplx_f32.o)
 .debug_loc     0x0000b48b      0xa27 /Users/ki_14/Documents/MCUXpressoIDE_11.9.0_2144/workspace/sound_locator/libs/libarm_ARMv8MMLldfsp_math.a(arm_cmplx_mag_f32.o)
 .debug_loc     0x0000beb2      0x25c /Users/ki_14/Documents/MCUXpressoIDE_11.9.0_2144/workspace/sound_locator/libs/libarm_ARMv8MMLldfsp_math.a(arm_cmplx_conj_f32.o)
 .debug_loc     0x0000c10e      0x754 /Users/ki_14/Documents/MCUXpressoIDE_11.9.0_2144/workspace/sound_locator/libs/libarm_ARMv8MMLldfsp_math.a(arm_scale_q31.o)
 .debug_loc     0x0000c862      0x1ee /Users/ki_14/Documents/MCUXpressoIDE_11.9.0_2144/workspace/sound_locator/libs/libarm_ARMv8MMLldfsp_math.a(arm_scale_f32.o)
 .debug_loc     0x0000ca50      0xabe /Users/ki_14/Documents/MCUXpressoIDE_11.9.0_2144/workspace/sound_locator/libs/libarm_ARMv8MMLldfsp_math.a(arm_cfft_radix8_f32.o)

.debug_aranges  0x00000000      0xb80
 .debug_aranges
                0x00000000      0x268 ./startup/startup_lpc55s69_cm33_core0.o
 .debug_aranges
                0x00000268       0xa0 ./source/lcd.o
 .debug_aranges
                0x00000308       0x20 ./source/semihost_hardfault.o
 .debug_aranges
                0x00000328       0x38 ./source/sound_locator.o
 .debug_aranges
                0x00000360      0x1b0 ./drivers/fsl_clock.o
 .debug_aranges
                0x00000510       0x30 ./drivers/fsl_common.o
 .debug_aranges
                0x00000540       0xa8 ./drivers/fsl_ctimer.o
 .debug_aranges
                0x000005e8       0x78 ./drivers/fsl_flexcomm.o
 .debug_aranges
                0x00000660       0x28 ./drivers/fsl_gpio.o
 .debug_aranges
                0x00000688       0x68 ./drivers/fsl_lpadc.o
 .debug_aranges
                0x000006f0       0x40 ./drivers/fsl_powerquad_basic.o
 .debug_aranges
                0x00000730       0x48 ./drivers/fsl_powerquad_transform.o
 .debug_aranges
                0x00000778       0x30 ./drivers/fsl_reset.o
 .debug_aranges
                0x000007a8       0xc0 ./drivers/fsl_spi.o
 .debug_aranges
                0x00000868       0x38 ./device/system_LPC55S69_cm33_core0.o
 .debug_aranges
                0x000008a0       0x28 ./board/board.o
 .debug_aranges
                0x000008c8       0x48 ./board/clock_config.o
 .debug_aranges
                0x00000910       0x28 ./board/peripherals.o
 .debug_aranges
                0x00000938       0x28 ./board/pin_mux.o
 .debug_aranges
                0x00000960       0x98 /Users/ki_14/Documents/MCUXpressoIDE_11.9.0_2144/workspace/sound_locator/LPC55S69/mcuxpresso/libpower_hardabi.a(fsl_power_lib.o)
 .debug_aranges
                0x000009f8       0x18 /Users/ki_14/Documents/MCUXpressoIDE_11.9.0_2144/workspace/sound_locator/libs/libarm_ARMv8MMLldfsp_math.a(arm_const_structs.o)
 .debug_aranges
                0x00000a10       0x18 /Users/ki_14/Documents/MCUXpressoIDE_11.9.0_2144/workspace/sound_locator/libs/libarm_ARMv8MMLldfsp_math.a(arm_common_tables.o)
 .debug_aranges
                0x00000a28       0x20 /Users/ki_14/Documents/MCUXpressoIDE_11.9.0_2144/workspace/sound_locator/libs/libarm_ARMv8MMLldfsp_math.a(arm_q31_to_float.o)
 .debug_aranges
                0x00000a48       0x20 /Users/ki_14/Documents/MCUXpressoIDE_11.9.0_2144/workspace/sound_locator/libs/libarm_ARMv8MMLldfsp_math.a(arm_float_to_q31.o)
 .debug_aranges
                0x00000a68       0x30 /Users/ki_14/Documents/MCUXpressoIDE_11.9.0_2144/workspace/sound_locator/libs/libarm_ARMv8MMLldfsp_math.a(arm_cfft_f32.o)
 .debug_aranges
                0x00000a98       0x28 /Users/ki_14/Documents/MCUXpressoIDE_11.9.0_2144/workspace/sound_locator/libs/libarm_ARMv8MMLldfsp_math.a(arm_bitreversal2.o)
 .debug_aranges
                0x00000ac0       0x20 /Users/ki_14/Documents/MCUXpressoIDE_11.9.0_2144/workspace/sound_locator/libs/libarm_ARMv8MMLldfsp_math.a(arm_cmplx_mult_cmplx_f32.o)
 .debug_aranges
                0x00000ae0       0x20 /Users/ki_14/Documents/MCUXpressoIDE_11.9.0_2144/workspace/sound_locator/libs/libarm_ARMv8MMLldfsp_math.a(arm_cmplx_mag_f32.o)
 .debug_aranges
                0x00000b00       0x20 /Users/ki_14/Documents/MCUXpressoIDE_11.9.0_2144/workspace/sound_locator/libs/libarm_ARMv8MMLldfsp_math.a(arm_cmplx_conj_f32.o)
 .debug_aranges
                0x00000b20       0x20 /Users/ki_14/Documents/MCUXpressoIDE_11.9.0_2144/workspace/sound_locator/libs/libarm_ARMv8MMLldfsp_math.a(arm_scale_q31.o)
 .debug_aranges
                0x00000b40       0x20 /Users/ki_14/Documents/MCUXpressoIDE_11.9.0_2144/workspace/sound_locator/libs/libarm_ARMv8MMLldfsp_math.a(arm_scale_f32.o)
 .debug_aranges
                0x00000b60       0x20 /Users/ki_14/Documents/MCUXpressoIDE_11.9.0_2144/workspace/sound_locator/libs/libarm_ARMv8MMLldfsp_math.a(arm_cfft_radix8_f32.o)

.debug_ranges   0x00000000     0x1910
 .debug_ranges  0x00000000      0x258 ./startup/startup_lpc55s69_cm33_core0.o
 .debug_ranges  0x00000258      0x498 ./source/lcd.o
 .debug_ranges  0x000006f0       0x10 ./source/semihost_hardfault.o
 .debug_ranges  0x00000700       0x98 ./source/sound_locator.o
 .debug_ranges  0x00000798      0x5c0 ./drivers/fsl_clock.o
 .debug_ranges  0x00000d58       0x38 ./drivers/fsl_common.o
 .debug_ranges  0x00000d90      0x100 ./drivers/fsl_ctimer.o
 .debug_ranges  0x00000e90       0xb0 ./drivers/fsl_flexcomm.o
 .debug_ranges  0x00000f40       0x68 ./drivers/fsl_gpio.o
 .debug_ranges  0x00000fa8       0x88 ./drivers/fsl_lpadc.o
 .debug_ranges  0x00001030       0x48 ./drivers/fsl_powerquad_basic.o
 .debug_ranges  0x00001078       0x38 ./drivers/fsl_powerquad_transform.o
 .debug_ranges  0x000010b0       0x20 ./drivers/fsl_reset.o
 .debug_ranges  0x000010d0      0x128 ./drivers/fsl_spi.o
 .debug_ranges  0x000011f8      0x138 ./device/system_LPC55S69_cm33_core0.o
 .debug_ranges  0x00001330       0x18 ./board/board.o
 .debug_ranges  0x00001348      0x138 ./board/clock_config.o
 .debug_ranges  0x00001480       0x80 ./board/peripherals.o
 .debug_ranges  0x00001500       0x60 ./board/pin_mux.o
 .debug_ranges  0x00001560      0x1f0 /Users/ki_14/Documents/MCUXpressoIDE_11.9.0_2144/workspace/sound_locator/LPC55S69/mcuxpresso/libpower_hardabi.a(fsl_power_lib.o)
 .debug_ranges  0x00001750       0x10 /Users/ki_14/Documents/MCUXpressoIDE_11.9.0_2144/workspace/sound_locator/libs/libarm_ARMv8MMLldfsp_math.a(arm_q31_to_float.o)
 .debug_ranges  0x00001760       0x48 /Users/ki_14/Documents/MCUXpressoIDE_11.9.0_2144/workspace/sound_locator/libs/libarm_ARMv8MMLldfsp_math.a(arm_float_to_q31.o)
 .debug_ranges  0x000017a8       0x20 /Users/ki_14/Documents/MCUXpressoIDE_11.9.0_2144/workspace/sound_locator/libs/libarm_ARMv8MMLldfsp_math.a(arm_cfft_f32.o)
 .debug_ranges  0x000017c8       0x18 /Users/ki_14/Documents/MCUXpressoIDE_11.9.0_2144/workspace/sound_locator/libs/libarm_ARMv8MMLldfsp_math.a(arm_bitreversal2.o)
 .debug_ranges  0x000017e0       0x10 /Users/ki_14/Documents/MCUXpressoIDE_11.9.0_2144/workspace/sound_locator/libs/libarm_ARMv8MMLldfsp_math.a(arm_cmplx_mult_cmplx_f32.o)
 .debug_ranges  0x000017f0       0xe0 /Users/ki_14/Documents/MCUXpressoIDE_11.9.0_2144/workspace/sound_locator/libs/libarm_ARMv8MMLldfsp_math.a(arm_cmplx_mag_f32.o)
 .debug_ranges  0x000018d0       0x10 /Users/ki_14/Documents/MCUXpressoIDE_11.9.0_2144/workspace/sound_locator/libs/libarm_ARMv8MMLldfsp_math.a(arm_cmplx_conj_f32.o)
 .debug_ranges  0x000018e0       0x10 /Users/ki_14/Documents/MCUXpressoIDE_11.9.0_2144/workspace/sound_locator/libs/libarm_ARMv8MMLldfsp_math.a(arm_scale_q31.o)
 .debug_ranges  0x000018f0       0x10 /Users/ki_14/Documents/MCUXpressoIDE_11.9.0_2144/workspace/sound_locator/libs/libarm_ARMv8MMLldfsp_math.a(arm_scale_f32.o)
 .debug_ranges  0x00001900       0x10 /Users/ki_14/Documents/MCUXpressoIDE_11.9.0_2144/workspace/sound_locator/libs/libarm_ARMv8MMLldfsp_math.a(arm_cfft_radix8_f32.o)

.debug_line     0x00000000     0xde1f
 .debug_line    0x00000000      0x9f1 ./startup/startup_lpc55s69_cm33_core0.o
 .debug_line    0x000009f1      0xd27 ./source/lcd.o
 .debug_line    0x00001718       0x58 ./source/semihost_hardfault.o
 .debug_line    0x00001770      0x7dc ./source/sound_locator.o
 .debug_line    0x00001f4c     0x21c7 ./drivers/fsl_clock.o
 .debug_line    0x00004113      0x261 ./drivers/fsl_common.o
 .debug_line    0x00004374      0x9ea ./drivers/fsl_ctimer.o
 .debug_line    0x00004d5e      0x3e9 ./drivers/fsl_flexcomm.o
 .debug_line    0x00005147      0x289 ./drivers/fsl_gpio.o
 .debug_line    0x000053d0      0x74a ./drivers/fsl_lpadc.o
 .debug_line    0x00005b1a      0x326 ./drivers/fsl_powerquad_basic.o
 .debug_line    0x00005e40      0x31e ./drivers/fsl_powerquad_transform.o
 .debug_line    0x0000615e      0x216 ./drivers/fsl_reset.o
 .debug_line    0x00006374     0x11b5 ./drivers/fsl_spi.o
 .debug_line    0x00007529      0x5eb ./device/system_LPC55S69_cm33_core0.o
 .debug_line    0x00007b14      0x28b ./board/board.o
 .debug_line    0x00007d9f      0x606 ./board/clock_config.o
 .debug_line    0x000083a5      0x360 ./board/peripherals.o
 .debug_line    0x00008705      0x36c ./board/pin_mux.o
 .debug_line    0x00008a71     0x127a /Users/ki_14/Documents/MCUXpressoIDE_11.9.0_2144/workspace/sound_locator/LPC55S69/mcuxpresso/libpower_hardabi.a(fsl_power_lib.o)
 .debug_line    0x00009ceb      0x25a /Users/ki_14/Documents/MCUXpressoIDE_11.9.0_2144/workspace/sound_locator/libs/libarm_ARMv8MMLldfsp_math.a(arm_const_structs.o)
 .debug_line    0x00009f45      0x243 /Users/ki_14/Documents/MCUXpressoIDE_11.9.0_2144/workspace/sound_locator/libs/libarm_ARMv8MMLldfsp_math.a(arm_common_tables.o)
 .debug_line    0x0000a188      0x303 /Users/ki_14/Documents/MCUXpressoIDE_11.9.0_2144/workspace/sound_locator/libs/libarm_ARMv8MMLldfsp_math.a(arm_q31_to_float.o)
 .debug_line    0x0000a48b      0x46d /Users/ki_14/Documents/MCUXpressoIDE_11.9.0_2144/workspace/sound_locator/libs/libarm_ARMv8MMLldfsp_math.a(arm_float_to_q31.o)
 .debug_line    0x0000a8f8      0xf9f /Users/ki_14/Documents/MCUXpressoIDE_11.9.0_2144/workspace/sound_locator/libs/libarm_ARMv8MMLldfsp_math.a(arm_cfft_f32.o)
 .debug_line    0x0000b897      0x35c /Users/ki_14/Documents/MCUXpressoIDE_11.9.0_2144/workspace/sound_locator/libs/libarm_ARMv8MMLldfsp_math.a(arm_bitreversal2.o)
 .debug_line    0x0000bbf3      0x40a /Users/ki_14/Documents/MCUXpressoIDE_11.9.0_2144/workspace/sound_locator/libs/libarm_ARMv8MMLldfsp_math.a(arm_cmplx_mult_cmplx_f32.o)
 .debug_line    0x0000bffd      0x52d /Users/ki_14/Documents/MCUXpressoIDE_11.9.0_2144/workspace/sound_locator/libs/libarm_ARMv8MMLldfsp_math.a(arm_cmplx_mag_f32.o)
 .debug_line    0x0000c52a      0x335 /Users/ki_14/Documents/MCUXpressoIDE_11.9.0_2144/workspace/sound_locator/libs/libarm_ARMv8MMLldfsp_math.a(arm_cmplx_conj_f32.o)
 .debug_line    0x0000c85f      0x4fc /Users/ki_14/Documents/MCUXpressoIDE_11.9.0_2144/workspace/sound_locator/libs/libarm_ARMv8MMLldfsp_math.a(arm_scale_q31.o)
 .debug_line    0x0000cd5b      0x2e8 /Users/ki_14/Documents/MCUXpressoIDE_11.9.0_2144/workspace/sound_locator/libs/libarm_ARMv8MMLldfsp_math.a(arm_scale_f32.o)
 .debug_line    0x0000d043      0xddc /Users/ki_14/Documents/MCUXpressoIDE_11.9.0_2144/workspace/sound_locator/libs/libarm_ARMv8MMLldfsp_math.a(arm_cfft_radix8_f32.o)

.debug_str      0x00000000     0xa1a2
 .debug_str     0x00000000      0x791 ./startup/startup_lpc55s69_cm33_core0.o
                                0x7a4 (size before relaxing)
 .debug_str     0x00000791      0xde8 ./source/lcd.o
                                0xfe1 (size before relaxing)
 .debug_str     0x00001579       0x1f ./source/semihost_hardfault.o
                                0x15c (size before relaxing)
 .debug_str     0x00001598      0x869 ./source/sound_locator.o
                               0x14e2 (size before relaxing)
 .debug_str     0x00001e01     0x2905 ./drivers/fsl_clock.o
                               0x3801 (size before relaxing)
 .debug_str     0x00004706       0xd7 ./drivers/fsl_common.o
                                0x301 (size before relaxing)
 .debug_str     0x000047dd     0x11db ./drivers/fsl_ctimer.o
                               0x2a49 (size before relaxing)
 .debug_str     0x000059b8      0x2bd ./drivers/fsl_flexcomm.o
                               0x2560 (size before relaxing)
 .debug_str     0x00005c75       0xef ./drivers/fsl_gpio.o
                               0x1ef9 (size before relaxing)
 .debug_str     0x00005d64      0xaf9 ./drivers/fsl_lpadc.o
                               0x1a8e (size before relaxing)
 .debug_str     0x0000685d       0xaa ./drivers/fsl_powerquad_basic.o
                               0x1733 (size before relaxing)
 .debug_str     0x00006907       0x8f ./drivers/fsl_powerquad_transform.o
                                0x365 (size before relaxing)
 .debug_str     0x00006996       0x6e ./drivers/fsl_reset.o
                                0xfaa (size before relaxing)
 .debug_str     0x00006a04      0x89d ./drivers/fsl_spi.o
                               0x1c90 (size before relaxing)
 .debug_str     0x000072a1      0x176 ./device/system_LPC55S69_cm33_core0.o
                                0xca2 (size before relaxing)
 .debug_str     0x00007417       0xe7 ./board/board.o
                               0x16d5 (size before relaxing)
 .debug_str     0x000074fe       0x97 ./board/clock_config.o
                               0x1d95 (size before relaxing)
 .debug_str     0x00007595      0x1b0 ./board/peripherals.o
                               0x2bb6 (size before relaxing)
 .debug_str     0x00007745       0xaf ./board/pin_mux.o
                               0x1007 (size before relaxing)
 .debug_str     0x000077f4     0x133f /Users/ki_14/Documents/MCUXpressoIDE_11.9.0_2144/workspace/sound_locator/LPC55S69/mcuxpresso/libpower_hardabi.a(fsl_power_lib.o)
                               0x34ab (size before relaxing)
 .debug_str     0x00008b33     0x11ed /Users/ki_14/Documents/MCUXpressoIDE_11.9.0_2144/workspace/sound_locator/libs/libarm_ARMv8MMLldfsp_math.a(arm_const_structs.o)
                               0x1354 (size before relaxing)
 .debug_str     0x00009d20       0x2e /Users/ki_14/Documents/MCUXpressoIDE_11.9.0_2144/workspace/sound_locator/libs/libarm_ARMv8MMLldfsp_math.a(arm_common_tables.o)
                                0xd15 (size before relaxing)