../drivers/fsl_spi.c:70:10:SPI_GetInstance	0	static
../drivers/fsl_spi.c:995:6:SPI_MasterTransferHandleIRQ	32	static
../drivers/fsl_spi.h:733:20:SPI_SlaveTransferHandleIRQ	0	static
../drivers/fsl_spi.c:92:6:SPI_SetDummyData	8	static
../drivers/fsl_spi.c:105:7:SPI_GetConfig	8	static
../drivers/fsl_spi.c:127:6:SPI_MasterGetDefaultConfig	8	static
../drivers/fsl_spi.c:253:6:SPI_SlaveGetDefaultConfig	8	static
../drivers/fsl_spi.c:290:10:SPI_SlaveInit	16	static
../drivers/fsl_spi.c:352:6:SPI_Deinit	0	static
../drivers/fsl_spi.c:369:6:SPI_EnableTxDMA	0	static
../drivers/fsl_spi.c:387:6:SPI_EnableRxDMA	0	static
../drivers/fsl_spi.c:406:10:SPI_MasterSetBaud	8	static
../drivers/fsl_spi.c:169:10:SPI_MasterInit	24	static
../drivers/fsl_spi.c:435:6:SPI_WriteData	24	static
../drivers/fsl_spi.c:467:10:SPI_MasterTransferCreateHandle	24	static
../drivers/fsl_spi.c:519:10:SPI_MasterTransferBlocking	48	static
../drivers/fsl_spi.c:656:10:SPI_MasterTransferNonBlocking	16	static
../drivers/fsl_spi.c:710:10:SPI_MasterHalfDuplexTransferBlocking	32	static
../drivers/fsl_spi.c:779:10:SPI_MasterHalfDuplexTransferNonBlocking	32	static
../drivers/fsl_spi.c:845:10:SPI_MasterTransferGetCount	0	static
../drivers/fsl_spi.c:873:6:SPI_MasterTransferAbort	0	static
