../drivers/fsl_lpadc.c:63:6:LPADC_Init	0	static
../drivers/fsl_lpadc.c:169:6:LPADC_GetDefaultConfig	8	static
../drivers/fsl_lpadc.c:205:6:LPADC_Deinit	0	static
../drivers/fsl_lpadc.c:226:6:LPADC_GetConvResult	0	static
../drivers/fsl_lpadc.c:286:6:LPADC_SetConvTriggerConfig	8	static
../drivers/fsl_lpadc.c:325:6:LPADC_GetDefaultConvTriggerConfig	8	static
../drivers/fsl_lpadc.c:349:6:LPADC_SetConvCommandConfig	16	static
../drivers/fsl_lpadc.c:444:6:LPADC_GetDefaultConvCommandConfig	8	static
../drivers/fsl_lpadc.c:563:6:LPADC_DoOffsetCalibration	0	static
../drivers/fsl_lpadc.c:577:6:LPADC_DoAutoCalibration	12	static
