/Users/ki_14/Documents/MCUXpressoIDE_11.9.0_2144/workspace/sound_locator/CMSIS/core_cm33.h:2127:22:__NVIC_EnableIRQ	0	static
../drivers/fsl_i2c.c:346:17:I2C_PendingStatusWait	0	static
../drivers/fsl_i2c.c:1297:13:I2C_SlaveInvokeEvent	16	static
../drivers/fsl_i2c.c:1193:6:I2C_MasterTransferHandleIRQ	8	static
../drivers/fsl_i2c.c:1915:6:I2C_SlaveTransferHandleIRQ	16	static
../drivers/fsl_i2c.c:184:10:I2C_GetInstance	0	static
../drivers/fsl_i2c.c:213:6:I2C_MasterGetDefaultConfig	8	static
../drivers/fsl_i2c.c:251:6:I2C_MasterDeinit	0	static
../drivers/fsl_i2c.c:266:6:I2C_MasterSetBaudRate	32	static
../drivers/fsl_i2c.c:236:6:I2C_MasterInit	16	static
../drivers/fsl_i2c.c:391:10:I2C_MasterStart	16	static
../drivers/fsl_i2c.c:414:10:I2C_MasterStop	8	static
../drivers/fsl_i2c.c:444:10:I2C_MasterWriteBlocking	24	static
../drivers/fsl_i2c.c:565:10:I2C_MasterReadBlocking	16	static
../drivers/fsl_i2c.c:687:10:I2C_MasterTransferBlocking	40	static
../drivers/fsl_i2c.c:786:6:I2C_MasterTransferCreateHandle	24	static
../drivers/fsl_i2c.c:824:10:I2C_MasterTransferNonBlocking	20	static
../drivers/fsl_i2c.c:861:10:I2C_MasterTransferGetCount	0	static
../drivers/fsl_i2c.c:893:10:I2C_MasterTransferAbort	8	static
../drivers/fsl_i2c.c:1451:10:I2C_SlaveSetSendBuffer	16	static
../drivers/fsl_i2c.c:1481:10:I2C_SlaveSetReceiveBuffer	16	static
../drivers/fsl_i2c.c:1498:6:I2C_SlaveSetAddress	0	static
../drivers/fsl_i2c.c:1527:6:I2C_SlaveGetDefaultConfig	24	static
../drivers/fsl_i2c.c:1555:10:I2C_SlaveInit	16	static
../drivers/fsl_i2c.c:1599:6:I2C_SlaveDeinit	0	static
../drivers/fsl_i2c.c:1615:10:I2C_SlaveWriteBlocking	12	static
../drivers/fsl_i2c.c:1702:10:I2C_SlaveReadBlocking	12	static
../drivers/fsl_i2c.c:1790:6:I2C_SlaveTransferCreateHandle	24	static
../drivers/fsl_i2c.c:1851:10:I2C_SlaveTransferNonBlocking	12	static
../drivers/fsl_i2c.c:1865:10:I2C_SlaveTransferGetCount	0	static
../drivers/fsl_i2c.c:1895:6:I2C_SlaveTransferAbort	0	static
