../drivers/fsl_clock.c:1084:17:findPll0PreDiv	0	static
../drivers/fsl_clock.c:104:6:CLOCK_AttachClk	0	static
../drivers/fsl_clock.c:150:19:CLOCK_GetClockAttachId	8	static
../drivers/fsl_clock.c:200:6:CLOCK_SetClkDiv	0	static
../drivers/fsl_clock.c:234:6:CLOCK_SetRtc1khzClkDiv	0	static
../drivers/fsl_clock.c:245:6:CLOCK_SetRtc1hzClkDiv	0	static
../drivers/fsl_clock.c:266:10:CLOCK_SetupFROClocking	0	static
../drivers/fsl_clock.c:300:6:CLOCK_SetFLASHAccessCyclesForFreq	0	static
../drivers/fsl_clock.c:394:10:CLOCK_SetupExtClocking	0	static
../drivers/fsl_clock.c:416:10:CLOCK_SetupI2SMClkClocking	0	static
../drivers/fsl_clock.c:428:10:CLOCK_SetupPLUClkInClocking	0	static
../drivers/fsl_clock.c:552:10:CLOCK_GetUsb1ClkFreq	0	static
../drivers/fsl_clock.c:659:10:CLOCK_GetFro12MFreq	0	static
../drivers/fsl_clock.c:668:10:CLOCK_GetFro1MFreq	0	static
../drivers/fsl_clock.c:677:10:CLOCK_GetExtClkFreq	0	static
../drivers/fsl_clock.c:686:10:CLOCK_GetWdtClkFreq	8	static
../drivers/fsl_clock.c:695:10:CLOCK_GetFroHfFreq	0	static
../drivers/fsl_clock.c:561:10:CLOCK_GetMclkClkFreq	8	static
../drivers/fsl_clock.c:704:10:CLOCK_GetPll0OutFreq	0	static
../drivers/fsl_clock.c:713:10:CLOCK_GetPll1OutFreq	0	static
../drivers/fsl_clock.c:722:10:CLOCK_GetOsc32KFreq	0	static
../drivers/fsl_clock.c:737:10:CLOCK_GetCoreSysClkFreq	0	static
../drivers/fsl_clock.c:438:10:CLOCK_GetClockOutClkFreq	8	static
../drivers/fsl_clock.c:487:10:CLOCK_GetAdcClkFreq	8	static
../drivers/fsl_clock.c:518:10:CLOCK_GetUsb0ClkFreq	8	static
../drivers/fsl_clock.c:626:10:CLOCK_GetSdioClkFreq	8	static
../drivers/fsl_clock.c:589:10:CLOCK_GetSctClkFreq	8	static
../drivers/fsl_clock.c:788:10:CLOCK_GetI2SMClkFreq	0	static
../drivers/fsl_clock.c:797:10:CLOCK_GetPLUClkInFreq	0	static
../drivers/fsl_clock.c:807:10:CLOCK_GetFlexCommInputClock	8	static
../drivers/fsl_clock.c:847:10:CLOCK_GetFlexCommClkFreq	8	static
../drivers/fsl_clock.c:858:10:CLOCK_GetHsLspiClkFreq	8	static
../drivers/fsl_clock.c:898:10:CLOCK_GetCTimerClkFreq	0	static
../drivers/fsl_clock.c:938:10:CLOCK_GetSystickClkFreq	8	static
../drivers/fsl_clock.c:975:10:CLOCK_SetFlexCommClock	16	static
../drivers/fsl_clock.c:997:10:CLOCK_GetFreq	8	static
../drivers/fsl_clock.c:1415:10:CLOCK_GetPLL0InClockRate	0	static
../drivers/fsl_clock.c:1446:10:CLOCK_GetPLL1InClockRate	0	static
../drivers/fsl_clock.c:1481:10:CLOCK_GetPLL0OutFromSetup	8	static
../drivers/fsl_clock.c:1512:6:CLOCK_SetStoredPLL0ClockRate	0	static
../drivers/fsl_clock.c:1525:10:CLOCK_GetPLL0OutClockRate	40	static
../drivers/fsl_clock.c:1554:13:CLOCK_SetupPLL0Data	48	static
../drivers/fsl_clock.c:1597:13:CLOCK_SetupPLL0Prec	16	static
../drivers/fsl_clock.c:1674:13:CLOCK_SetPLL0Freq	16	static
../drivers/fsl_clock.c:1742:13:CLOCK_SetPLL1Freq	16	static
../drivers/fsl_clock.c:1798:6:CLOCK_SetupPLL0Mult	8	static
../drivers/fsl_clock.c:1862:6:CLOCK_EnableUsbfs0DeviceClock	48	static
../drivers/fsl_clock.c:1924:6:CLOCK_EnableUsbfs0HostClock	48	static
../drivers/fsl_clock.c:1983:6:CLOCK_EnableUsbhs0PhyPllClock	8	static
../drivers/fsl_clock.c:2071:6:CLOCK_EnableUsbhs0DeviceClock	0	static
../drivers/fsl_clock.c:2083:6:CLOCK_EnableUsbhs0HostClock	0	static
